<html>
<body>
<pre>
<h1>µVision Build Log</h1>
<h2>Tool Versions:</h2>
IDE-Version: µVision V5.41.0.0
Copyright (C) 2024 ARM Ltd and ARM Germany GmbH. All rights reserved.
License Information: Samuel Warrick, unemployed, LIC=----
 
Tool Versions:
Toolchain:       MDK-Lite  Version: 5.41.0.0
Toolchain Path:  C:\Users\Sam\AppData\Local\Keil_v5\ARM\ARMCLANG\Bin
C Compiler:      ArmClang.exe V6.22
Assembler:       Armasm.exe V6.22
Linker/Locator:  ArmLink.exe V6.22
Library Manager: ArmAr.exe V6.22
Hex Converter:   FromElf.exe V6.22
CPU DLL:         SARMCM3.DLL V5.41.0.0
Dialog DLL:      DARMCM1.DLL V1.19.6.0
Target DLL:      STLink\ST-LINKIII-KEIL_SWO.dll V3.3.0.0
Dialog DLL:      TARMCM1.DLL V1.14.6.0
 
<h2>Project:</h2>
C:\Users\Sam\Documents\CodingProjects\EmbeddedC\base_practice_ucos2\lesson.uvprojx
Project File Date:  01/28/2025

<h2>Output:</h2>
*** Using Compiler 'V6.22', folder: 'C:\Users\Sam\AppData\Local\Keil_v5\ARM\ARMCLANG\Bin'
Rebuild target 'Debug'
compiling main.c...
compiling os_core.c...
compiling os_mem.c...
compiling bsp.c...
compiling os_sem.c...
compiling system_stm32c0xx.c...
compiling os_mutex.c...
compiling uc_ao.c...
compiling os_time.c...
compiling os_mbox.c...
assembling startup_stm32c031xx.s...
compiling os_q.c...
compiling os_task.c...
compiling os_flag.c...
compiling os_tmr.c...
armclang: warning: argument unused during compilation: '-D __UVISION_VERSION=541' [-Wunused-command-line-argument]
armclang: warning: argument unused during compilation: '-D Stack_Size=2048' [-Wunused-command-line-argument]
armclang: warning: argument unused during compilation: '-D Heap_Size=0' [-Wunused-command-line-argument]
assembling os_cpu_a.asm...
compiling os_dbg.c...
compiling os_cpu_c.c...
linking...
Program Size: Code=11700 RO-data=752 RW-data=8 ZI-data=8560  
".\Objects\lesson.axf" - 0 Error(s), 3 Warning(s).

<h2>Software Packages used:</h2>

Package Vendor: Keil
                https://www.keil.com/pack/Keil.STM32C0xx_DFP.2.0.0.pack
                Keil::STM32C0xx_DFP@2.0.0
                STMicroelectronics STM32C0 Series Device Support

<h2>Collection of Component include folders:</h2>

<h2>Collection of Component Files used:</h2>
Build Time Elapsed:  00:00:00
</pre>
</body>
</html>
