<!doctype html public "-//w3c//dtd html 4.0 transitional//en">
<html><head>
<title>Static Call Graph - [.\Objects\base_practice.axf]</title></head>
<body><HR>
<H1>Static Call Graph for image .\Objects\base_practice.axf</H1><HR>
<BR><P>#&#060CALLGRAPH&#062# ARM Linker, 6220000: Last Updated: Mon Dec  2 09:13:46 2024
<BR><P>
<H3>Maximum Stack Usage =         88 bytes + Unknown(Functions without stacksize, Cycles, Untraceable Function Pointers)</H3><H3>
Call chain for Maximum Stack Depth:</H3>
__rt_entry_main &rArr; main &rArr; OS_run &rArr; OS_onStartup &rArr; SysTick_Config &rArr; __NVIC_SetPriority
<P>
<H3>
Functions with no stack information
</H3><UL>
 <LI><a href="#[21]">__user_initial_stackheap</a>
</UL>
</UL>
<P>
<H3>
Mutually Recursive functions
</H3> <LI><a href="#[3]">SVC_Handler</a>&nbsp;&nbsp;&nbsp;&rArr;&nbsp;&nbsp;&nbsp;<a href="#[3]">SVC_Handler</a><BR>
 <LI><a href="#[10]">ADC1_IRQHandler</a>&nbsp;&nbsp;&nbsp;&rArr;&nbsp;&nbsp;&nbsp;<a href="#[10]">ADC1_IRQHandler</a><BR>
</UL>
<P>
<H3>
Function Pointers
</H3><UL>
 <LI><a href="#[10]">ADC1_IRQHandler</a> from startup_stm32c031xx.o(.text) referenced from startup_stm32c031xx.o(RESET)
 <LI><a href="#[d]">DMA1_Channel1_IRQHandler</a> from startup_stm32c031xx.o(.text) referenced from startup_stm32c031xx.o(RESET)
 <LI><a href="#[e]">DMA1_Channel2_3_IRQHandler</a> from startup_stm32c031xx.o(.text) referenced from startup_stm32c031xx.o(RESET)
 <LI><a href="#[f]">DMAMUX1_IRQHandler</a> from startup_stm32c031xx.o(.text) referenced from startup_stm32c031xx.o(RESET)
 <LI><a href="#[a]">EXTI0_1_IRQHandler</a> from startup_stm32c031xx.o(.text) referenced from startup_stm32c031xx.o(RESET)
 <LI><a href="#[b]">EXTI2_3_IRQHandler</a> from startup_stm32c031xx.o(.text) referenced from startup_stm32c031xx.o(RESET)
 <LI><a href="#[c]">EXTI4_15_IRQHandler</a> from startup_stm32c031xx.o(.text) referenced from startup_stm32c031xx.o(RESET)
 <LI><a href="#[8]">FLASH_IRQHandler</a> from startup_stm32c031xx.o(.text) referenced from startup_stm32c031xx.o(RESET)
 <LI><a href="#[2]">HardFault_Handler</a> from startup_stm32c031xx.o(.text) referenced from startup_stm32c031xx.o(RESET)
 <LI><a href="#[17]">I2C1_IRQHandler</a> from startup_stm32c031xx.o(.text) referenced from startup_stm32c031xx.o(RESET)
 <LI><a href="#[1]">NMI_Handler</a> from startup_stm32c031xx.o(.text) referenced from startup_stm32c031xx.o(RESET)
 <LI><a href="#[4]">PendSV_Handler</a> from miros.o(.text.PendSV_Handler) referenced from startup_stm32c031xx.o(RESET)
 <LI><a href="#[9]">RCC_IRQHandler</a> from startup_stm32c031xx.o(.text) referenced from startup_stm32c031xx.o(RESET)
 <LI><a href="#[7]">RTC_IRQHandler</a> from startup_stm32c031xx.o(.text) referenced from startup_stm32c031xx.o(RESET)
 <LI><a href="#[0]">Reset_Handler</a> from startup_stm32c031xx.o(.text) referenced from startup_stm32c031xx.o(RESET)
 <LI><a href="#[18]">SPI1_IRQHandler</a> from startup_stm32c031xx.o(.text) referenced from startup_stm32c031xx.o(RESET)
 <LI><a href="#[3]">SVC_Handler</a> from startup_stm32c031xx.o(.text) referenced from startup_stm32c031xx.o(RESET)
 <LI><a href="#[5]">SysTick_Handler</a> from bsp.o(.text.SysTick_Handler) referenced from startup_stm32c031xx.o(RESET)
 <LI><a href="#[1b]">SystemInit</a> from system_stm32c0xx.o(.text.SystemInit) referenced from startup_stm32c031xx.o(.text)
 <LI><a href="#[14]">TIM14_IRQHandler</a> from startup_stm32c031xx.o(.text) referenced from startup_stm32c031xx.o(RESET)
 <LI><a href="#[15]">TIM16_IRQHandler</a> from startup_stm32c031xx.o(.text) referenced from startup_stm32c031xx.o(RESET)
 <LI><a href="#[16]">TIM17_IRQHandler</a> from startup_stm32c031xx.o(.text) referenced from startup_stm32c031xx.o(RESET)
 <LI><a href="#[11]">TIM1_BRK_UP_TRG_COM_IRQHandler</a> from startup_stm32c031xx.o(.text) referenced from startup_stm32c031xx.o(RESET)
 <LI><a href="#[12]">TIM1_CC_IRQHandler</a> from startup_stm32c031xx.o(.text) referenced from startup_stm32c031xx.o(RESET)
 <LI><a href="#[13]">TIM3_IRQHandler</a> from startup_stm32c031xx.o(.text) referenced from startup_stm32c031xx.o(RESET)
 <LI><a href="#[19]">USART1_IRQHandler</a> from startup_stm32c031xx.o(.text) referenced from startup_stm32c031xx.o(RESET)
 <LI><a href="#[1a]">USART2_IRQHandler</a> from startup_stm32c031xx.o(.text) referenced from startup_stm32c031xx.o(RESET)
 <LI><a href="#[6]">WWDG_IRQHandler</a> from startup_stm32c031xx.o(.text) referenced from startup_stm32c031xx.o(RESET)
 <LI><a href="#[1c]">__main</a> from __main.o(!!!main) referenced from startup_stm32c031xx.o(.text)
 <LI><a href="#[1d]">assert_failed</a> from bsp.o(.text.assert_failed) referenced from startup_stm32c031xx.o(.text)
 <LI><a href="#[1f]">main_blinky1</a> from main.o(.text.main_blinky1) referenced from main.o(.text.main)
 <LI><a href="#[20]">main_blinky3</a> from main.o(.text.main_blinky3) referenced from main.o(.text.main)
 <LI><a href="#[1e]">main_idleThread</a> from miros.o(.text.main_idleThread) referenced from miros.o(.text.OS_init)
</UL>
<P>
<H3>
Global Symbols
</H3>
<P><STRONG><a name="[1c]"></a>__main</STRONG> (Thumb, 8 bytes, Stack size 0 bytes, __main.o(!!!main))
<BR><BR>[Calls]<UL><LI><a href="#[22]">&gt;&gt;</a>&nbsp;&nbsp;&nbsp;__scatterload
<LI><a href="#[23]">&gt;&gt;</a>&nbsp;&nbsp;&nbsp;__rt_entry
</UL>
<BR>[Address Reference Count : 1]<UL><LI> startup_stm32c031xx.o(.text)
</UL>
<P><STRONG><a name="[22]"></a>__scatterload</STRONG> (Thumb, 0 bytes, Stack size unknown bytes, __scatter.o(!!!scatter))
<BR><BR>[Called By]<UL><LI><a href="#[1c]">&gt;&gt;</a>&nbsp;&nbsp;&nbsp;__main
</UL>

<P><STRONG><a name="[24]"></a>__scatterload_rt2</STRONG> (Thumb, 74 bytes, Stack size unknown bytes, __scatter.o(!!!scatter), UNUSED)
<BR><BR>[Calls]<UL><LI><a href="#[23]">&gt;&gt;</a>&nbsp;&nbsp;&nbsp;__rt_entry
</UL>

<P><STRONG><a name="[47]"></a>__scatterload_rt2_thumb_only</STRONG> (Thumb, 0 bytes, Stack size unknown bytes, __scatter.o(!!!scatter), UNUSED)

<P><STRONG><a name="[48]"></a>__scatterload_loop</STRONG> (Thumb, 0 bytes, Stack size unknown bytes, __scatter.o(!!!scatter), UNUSED)

<P><STRONG><a name="[25]"></a>__scatterload_copy</STRONG> (Thumb, 26 bytes, Stack size unknown bytes, __scatter_copy.o(!!handler_copy), UNUSED)
<BR><BR>[Calls]<UL><LI><a href="#[25]">&gt;&gt;</a>&nbsp;&nbsp;&nbsp;__scatterload_copy
</UL>
<BR>[Called By]<UL><LI><a href="#[25]">&gt;&gt;</a>&nbsp;&nbsp;&nbsp;__scatterload_copy
</UL>

<P><STRONG><a name="[49]"></a>__scatterload_null</STRONG> (Thumb, 2 bytes, Stack size unknown bytes, __scatter.o(!!handler_null), UNUSED)

<P><STRONG><a name="[4a]"></a>__scatterload_zeroinit</STRONG> (Thumb, 28 bytes, Stack size unknown bytes, __scatter_zi.o(!!handler_zi), UNUSED)

<P><STRONG><a name="[29]"></a>__rt_lib_init</STRONG> (Thumb, 0 bytes, Stack size unknown bytes, libinit.o(.ARM.Collect$$libinit$$00000000))
<BR><BR>[Called By]<UL><LI><a href="#[28]">&gt;&gt;</a>&nbsp;&nbsp;&nbsp;__rt_entry_li
</UL>

<P><STRONG><a name="[4b]"></a>__rt_lib_init_alloca_1</STRONG> (Thumb, 0 bytes, Stack size unknown bytes, libinit2.o(.ARM.Collect$$libinit$$00000030))

<P><STRONG><a name="[4c]"></a>__rt_lib_init_argv_1</STRONG> (Thumb, 0 bytes, Stack size unknown bytes, libinit2.o(.ARM.Collect$$libinit$$0000002E))

<P><STRONG><a name="[4d]"></a>__rt_lib_init_atexit_1</STRONG> (Thumb, 0 bytes, Stack size unknown bytes, libinit2.o(.ARM.Collect$$libinit$$0000001D))

<P><STRONG><a name="[4e]"></a>__rt_lib_init_clock_1</STRONG> (Thumb, 0 bytes, Stack size unknown bytes, libinit2.o(.ARM.Collect$$libinit$$00000023))

<P><STRONG><a name="[4f]"></a>__rt_lib_init_cpp_1</STRONG> (Thumb, 0 bytes, Stack size unknown bytes, libinit2.o(.ARM.Collect$$libinit$$00000034))

<P><STRONG><a name="[50]"></a>__rt_lib_init_exceptions_1</STRONG> (Thumb, 0 bytes, Stack size unknown bytes, libinit2.o(.ARM.Collect$$libinit$$00000032))

<P><STRONG><a name="[51]"></a>__rt_lib_init_fp_1</STRONG> (Thumb, 0 bytes, Stack size unknown bytes, libinit2.o(.ARM.Collect$$libinit$$00000002))

<P><STRONG><a name="[52]"></a>__rt_lib_init_fp_trap_1</STRONG> (Thumb, 0 bytes, Stack size unknown bytes, libinit2.o(.ARM.Collect$$libinit$$00000021))

<P><STRONG><a name="[53]"></a>__rt_lib_init_getenv_1</STRONG> (Thumb, 0 bytes, Stack size unknown bytes, libinit2.o(.ARM.Collect$$libinit$$00000025))

<P><STRONG><a name="[54]"></a>__rt_lib_init_heap_1</STRONG> (Thumb, 0 bytes, Stack size unknown bytes, libinit2.o(.ARM.Collect$$libinit$$0000000C))

<P><STRONG><a name="[55]"></a>__rt_lib_init_lc_collate_1</STRONG> (Thumb, 0 bytes, Stack size unknown bytes, libinit2.o(.ARM.Collect$$libinit$$00000013))

<P><STRONG><a name="[56]"></a>__rt_lib_init_lc_ctype_1</STRONG> (Thumb, 0 bytes, Stack size unknown bytes, libinit2.o(.ARM.Collect$$libinit$$00000015))

<P><STRONG><a name="[57]"></a>__rt_lib_init_lc_monetary_1</STRONG> (Thumb, 0 bytes, Stack size unknown bytes, libinit2.o(.ARM.Collect$$libinit$$00000017))

<P><STRONG><a name="[58]"></a>__rt_lib_init_lc_numeric_1</STRONG> (Thumb, 0 bytes, Stack size unknown bytes, libinit2.o(.ARM.Collect$$libinit$$00000019))

<P><STRONG><a name="[59]"></a>__rt_lib_init_lc_time_1</STRONG> (Thumb, 0 bytes, Stack size unknown bytes, libinit2.o(.ARM.Collect$$libinit$$0000001B))

<P><STRONG><a name="[5a]"></a>__rt_lib_init_preinit_1</STRONG> (Thumb, 0 bytes, Stack size unknown bytes, libinit2.o(.ARM.Collect$$libinit$$00000006))

<P><STRONG><a name="[5b]"></a>__rt_lib_init_rand_1</STRONG> (Thumb, 0 bytes, Stack size unknown bytes, libinit2.o(.ARM.Collect$$libinit$$00000010))

<P><STRONG><a name="[5c]"></a>__rt_lib_init_relocate_pie_1</STRONG> (Thumb, 0 bytes, Stack size unknown bytes, libinit2.o(.ARM.Collect$$libinit$$00000004))

<P><STRONG><a name="[5d]"></a>__rt_lib_init_return</STRONG> (Thumb, 0 bytes, Stack size unknown bytes, libinit2.o(.ARM.Collect$$libinit$$00000035))

<P><STRONG><a name="[5e]"></a>__rt_lib_init_signal_1</STRONG> (Thumb, 0 bytes, Stack size unknown bytes, libinit2.o(.ARM.Collect$$libinit$$0000001F))

<P><STRONG><a name="[5f]"></a>__rt_lib_init_stdio_1</STRONG> (Thumb, 0 bytes, Stack size unknown bytes, libinit2.o(.ARM.Collect$$libinit$$00000027))

<P><STRONG><a name="[60]"></a>__rt_lib_init_user_alloc_1</STRONG> (Thumb, 0 bytes, Stack size unknown bytes, libinit2.o(.ARM.Collect$$libinit$$0000000E))

<P><STRONG><a name="[2e]"></a>__rt_lib_shutdown</STRONG> (Thumb, 0 bytes, Stack size unknown bytes, libshutdown.o(.ARM.Collect$$libshutdown$$00000000))
<BR><BR>[Called By]<UL><LI><a href="#[2d]">&gt;&gt;</a>&nbsp;&nbsp;&nbsp;__rt_exit_ls
</UL>

<P><STRONG><a name="[61]"></a>__rt_lib_shutdown_cpp_1</STRONG> (Thumb, 0 bytes, Stack size unknown bytes, libshutdown2.o(.ARM.Collect$$libshutdown$$00000002))

<P><STRONG><a name="[62]"></a>__rt_lib_shutdown_fp_trap_1</STRONG> (Thumb, 0 bytes, Stack size unknown bytes, libshutdown2.o(.ARM.Collect$$libshutdown$$00000007))

<P><STRONG><a name="[63]"></a>__rt_lib_shutdown_heap_1</STRONG> (Thumb, 0 bytes, Stack size unknown bytes, libshutdown2.o(.ARM.Collect$$libshutdown$$0000000F))

<P><STRONG><a name="[64]"></a>__rt_lib_shutdown_return</STRONG> (Thumb, 0 bytes, Stack size unknown bytes, libshutdown2.o(.ARM.Collect$$libshutdown$$00000010))

<P><STRONG><a name="[65]"></a>__rt_lib_shutdown_signal_1</STRONG> (Thumb, 0 bytes, Stack size unknown bytes, libshutdown2.o(.ARM.Collect$$libshutdown$$0000000A))

<P><STRONG><a name="[66]"></a>__rt_lib_shutdown_stdio_1</STRONG> (Thumb, 0 bytes, Stack size unknown bytes, libshutdown2.o(.ARM.Collect$$libshutdown$$00000004))

<P><STRONG><a name="[67]"></a>__rt_lib_shutdown_user_alloc_1</STRONG> (Thumb, 0 bytes, Stack size unknown bytes, libshutdown2.o(.ARM.Collect$$libshutdown$$0000000C))

<P><STRONG><a name="[23]"></a>__rt_entry</STRONG> (Thumb, 0 bytes, Stack size unknown bytes, __rtentry.o(.ARM.Collect$$rtentry$$00000000))
<BR><BR>[Called By]<UL><LI><a href="#[24]">&gt;&gt;</a>&nbsp;&nbsp;&nbsp;__scatterload_rt2
<LI><a href="#[1c]">&gt;&gt;</a>&nbsp;&nbsp;&nbsp;__main
</UL>

<P><STRONG><a name="[68]"></a>__rt_entry_presh_1</STRONG> (Thumb, 0 bytes, Stack size unknown bytes, __rtentry2.o(.ARM.Collect$$rtentry$$00000002))

<P><STRONG><a name="[26]"></a>__rt_entry_sh</STRONG> (Thumb, 0 bytes, Stack size unknown bytes, __rtentry4.o(.ARM.Collect$$rtentry$$00000004))
<BR><BR>[Stack]<UL><LI>Max Depth = 8 + Unknown Stack Size
<LI>Call Chain = __rt_entry_sh &rArr; __user_setup_stackheap
</UL>
<BR>[Calls]<UL><LI><a href="#[27]">&gt;&gt;</a>&nbsp;&nbsp;&nbsp;__user_setup_stackheap
</UL>

<P><STRONG><a name="[28]"></a>__rt_entry_li</STRONG> (Thumb, 0 bytes, Stack size unknown bytes, __rtentry2.o(.ARM.Collect$$rtentry$$0000000A))
<BR><BR>[Calls]<UL><LI><a href="#[29]">&gt;&gt;</a>&nbsp;&nbsp;&nbsp;__rt_lib_init
</UL>

<P><STRONG><a name="[69]"></a>__rt_entry_postsh_1</STRONG> (Thumb, 0 bytes, Stack size unknown bytes, __rtentry2.o(.ARM.Collect$$rtentry$$00000009))

<P><STRONG><a name="[2a]"></a>__rt_entry_main</STRONG> (Thumb, 0 bytes, Stack size unknown bytes, __rtentry2.o(.ARM.Collect$$rtentry$$0000000D))
<BR><BR>[Stack]<UL><LI>Max Depth = 88 + Unknown Stack Size
<LI>Call Chain = __rt_entry_main &rArr; main &rArr; OS_run &rArr; OS_onStartup &rArr; SysTick_Config &rArr; __NVIC_SetPriority
</UL>
<BR>[Calls]<UL><LI><a href="#[2c]">&gt;&gt;</a>&nbsp;&nbsp;&nbsp;exit
<LI><a href="#[2b]">&gt;&gt;</a>&nbsp;&nbsp;&nbsp;main
</UL>

<P><STRONG><a name="[6a]"></a>__rt_entry_postli_1</STRONG> (Thumb, 0 bytes, Stack size unknown bytes, __rtentry2.o(.ARM.Collect$$rtentry$$0000000C))

<P><STRONG><a name="[33]"></a>__rt_exit</STRONG> (Thumb, 0 bytes, Stack size unknown bytes, rtexit.o(.ARM.Collect$$rtexit$$00000000))
<BR><BR>[Called By]<UL><LI><a href="#[2c]">&gt;&gt;</a>&nbsp;&nbsp;&nbsp;exit
</UL>

<P><STRONG><a name="[2d]"></a>__rt_exit_ls</STRONG> (Thumb, 0 bytes, Stack size unknown bytes, rtexit2.o(.ARM.Collect$$rtexit$$00000003))
<BR><BR>[Calls]<UL><LI><a href="#[2e]">&gt;&gt;</a>&nbsp;&nbsp;&nbsp;__rt_lib_shutdown
</UL>

<P><STRONG><a name="[6b]"></a>__rt_exit_prels_1</STRONG> (Thumb, 0 bytes, Stack size unknown bytes, rtexit2.o(.ARM.Collect$$rtexit$$00000002))

<P><STRONG><a name="[2f]"></a>__rt_exit_exit</STRONG> (Thumb, 0 bytes, Stack size unknown bytes, rtexit2.o(.ARM.Collect$$rtexit$$00000004))
<BR><BR>[Calls]<UL><LI><a href="#[30]">&gt;&gt;</a>&nbsp;&nbsp;&nbsp;_sys_exit
</UL>

<P><STRONG><a name="[0]"></a>Reset_Handler</STRONG> (Thumb, 8 bytes, Stack size 0 bytes, startup_stm32c031xx.o(.text))
<BR>[Address Reference Count : 1]<UL><LI> startup_stm32c031xx.o(RESET)
</UL>
<P><STRONG><a name="[1]"></a>NMI_Handler</STRONG> (Thumb, 16 bytes, Stack size 0 bytes, startup_stm32c031xx.o(.text))
<BR>[Address Reference Count : 1]<UL><LI> startup_stm32c031xx.o(RESET)
</UL>
<P><STRONG><a name="[2]"></a>HardFault_Handler</STRONG> (Thumb, 24 bytes, Stack size 0 bytes, startup_stm32c031xx.o(.text))
<BR>[Address Reference Count : 1]<UL><LI> startup_stm32c031xx.o(RESET)
</UL>
<P><STRONG><a name="[3]"></a>SVC_Handler</STRONG> (Thumb, 2 bytes, Stack size 0 bytes, startup_stm32c031xx.o(.text))
<BR><BR>[Calls]<UL><LI><a href="#[3]">&gt;&gt;</a>&nbsp;&nbsp;&nbsp;SVC_Handler
</UL>
<BR>[Called By]<UL><LI><a href="#[3]">&gt;&gt;</a>&nbsp;&nbsp;&nbsp;SVC_Handler
</UL>
<BR>[Address Reference Count : 1]<UL><LI> startup_stm32c031xx.o(RESET)
</UL>
<P><STRONG><a name="[10]"></a>ADC1_IRQHandler</STRONG> (Thumb, 0 bytes, Stack size 0 bytes, startup_stm32c031xx.o(.text))
<BR><BR>[Calls]<UL><LI><a href="#[10]">&gt;&gt;</a>&nbsp;&nbsp;&nbsp;ADC1_IRQHandler
</UL>
<BR>[Called By]<UL><LI><a href="#[10]">&gt;&gt;</a>&nbsp;&nbsp;&nbsp;ADC1_IRQHandler
</UL>
<BR>[Address Reference Count : 1]<UL><LI> startup_stm32c031xx.o(RESET)
</UL>
<P><STRONG><a name="[d]"></a>DMA1_Channel1_IRQHandler</STRONG> (Thumb, 0 bytes, Stack size 0 bytes, startup_stm32c031xx.o(.text))
<BR>[Address Reference Count : 1]<UL><LI> startup_stm32c031xx.o(RESET)
</UL>
<P><STRONG><a name="[e]"></a>DMA1_Channel2_3_IRQHandler</STRONG> (Thumb, 0 bytes, Stack size 0 bytes, startup_stm32c031xx.o(.text))
<BR>[Address Reference Count : 1]<UL><LI> startup_stm32c031xx.o(RESET)
</UL>
<P><STRONG><a name="[f]"></a>DMAMUX1_IRQHandler</STRONG> (Thumb, 0 bytes, Stack size 0 bytes, startup_stm32c031xx.o(.text))
<BR>[Address Reference Count : 1]<UL><LI> startup_stm32c031xx.o(RESET)
</UL>
<P><STRONG><a name="[a]"></a>EXTI0_1_IRQHandler</STRONG> (Thumb, 0 bytes, Stack size 0 bytes, startup_stm32c031xx.o(.text))
<BR>[Address Reference Count : 1]<UL><LI> startup_stm32c031xx.o(RESET)
</UL>
<P><STRONG><a name="[b]"></a>EXTI2_3_IRQHandler</STRONG> (Thumb, 0 bytes, Stack size 0 bytes, startup_stm32c031xx.o(.text))
<BR>[Address Reference Count : 1]<UL><LI> startup_stm32c031xx.o(RESET)
</UL>
<P><STRONG><a name="[c]"></a>EXTI4_15_IRQHandler</STRONG> (Thumb, 0 bytes, Stack size 0 bytes, startup_stm32c031xx.o(.text))
<BR>[Address Reference Count : 1]<UL><LI> startup_stm32c031xx.o(RESET)
</UL>
<P><STRONG><a name="[8]"></a>FLASH_IRQHandler</STRONG> (Thumb, 0 bytes, Stack size 0 bytes, startup_stm32c031xx.o(.text))
<BR>[Address Reference Count : 1]<UL><LI> startup_stm32c031xx.o(RESET)
</UL>
<P><STRONG><a name="[17]"></a>I2C1_IRQHandler</STRONG> (Thumb, 0 bytes, Stack size 0 bytes, startup_stm32c031xx.o(.text))
<BR>[Address Reference Count : 1]<UL><LI> startup_stm32c031xx.o(RESET)
</UL>
<P><STRONG><a name="[9]"></a>RCC_IRQHandler</STRONG> (Thumb, 0 bytes, Stack size 0 bytes, startup_stm32c031xx.o(.text))
<BR>[Address Reference Count : 1]<UL><LI> startup_stm32c031xx.o(RESET)
</UL>
<P><STRONG><a name="[7]"></a>RTC_IRQHandler</STRONG> (Thumb, 0 bytes, Stack size 0 bytes, startup_stm32c031xx.o(.text))
<BR>[Address Reference Count : 1]<UL><LI> startup_stm32c031xx.o(RESET)
</UL>
<P><STRONG><a name="[18]"></a>SPI1_IRQHandler</STRONG> (Thumb, 0 bytes, Stack size 0 bytes, startup_stm32c031xx.o(.text))
<BR>[Address Reference Count : 1]<UL><LI> startup_stm32c031xx.o(RESET)
</UL>
<P><STRONG><a name="[14]"></a>TIM14_IRQHandler</STRONG> (Thumb, 0 bytes, Stack size 0 bytes, startup_stm32c031xx.o(.text))
<BR>[Address Reference Count : 1]<UL><LI> startup_stm32c031xx.o(RESET)
</UL>
<P><STRONG><a name="[15]"></a>TIM16_IRQHandler</STRONG> (Thumb, 0 bytes, Stack size 0 bytes, startup_stm32c031xx.o(.text))
<BR>[Address Reference Count : 1]<UL><LI> startup_stm32c031xx.o(RESET)
</UL>
<P><STRONG><a name="[16]"></a>TIM17_IRQHandler</STRONG> (Thumb, 0 bytes, Stack size 0 bytes, startup_stm32c031xx.o(.text))
<BR>[Address Reference Count : 1]<UL><LI> startup_stm32c031xx.o(RESET)
</UL>
<P><STRONG><a name="[11]"></a>TIM1_BRK_UP_TRG_COM_IRQHandler</STRONG> (Thumb, 0 bytes, Stack size 0 bytes, startup_stm32c031xx.o(.text))
<BR>[Address Reference Count : 1]<UL><LI> startup_stm32c031xx.o(RESET)
</UL>
<P><STRONG><a name="[12]"></a>TIM1_CC_IRQHandler</STRONG> (Thumb, 0 bytes, Stack size 0 bytes, startup_stm32c031xx.o(.text))
<BR>[Address Reference Count : 1]<UL><LI> startup_stm32c031xx.o(RESET)
</UL>
<P><STRONG><a name="[13]"></a>TIM3_IRQHandler</STRONG> (Thumb, 0 bytes, Stack size 0 bytes, startup_stm32c031xx.o(.text))
<BR>[Address Reference Count : 1]<UL><LI> startup_stm32c031xx.o(RESET)
</UL>
<P><STRONG><a name="[19]"></a>USART1_IRQHandler</STRONG> (Thumb, 0 bytes, Stack size 0 bytes, startup_stm32c031xx.o(.text))
<BR>[Address Reference Count : 1]<UL><LI> startup_stm32c031xx.o(RESET)
</UL>
<P><STRONG><a name="[1a]"></a>USART2_IRQHandler</STRONG> (Thumb, 0 bytes, Stack size 0 bytes, startup_stm32c031xx.o(.text))
<BR>[Address Reference Count : 1]<UL><LI> startup_stm32c031xx.o(RESET)
</UL>
<P><STRONG><a name="[6]"></a>WWDG_IRQHandler</STRONG> (Thumb, 0 bytes, Stack size 0 bytes, startup_stm32c031xx.o(.text))
<BR>[Address Reference Count : 1]<UL><LI> startup_stm32c031xx.o(RESET)
</UL>
<P><STRONG><a name="[21]"></a>__user_initial_stackheap</STRONG> (Thumb, 0 bytes, Stack size unknown bytes, startup_stm32c031xx.o(.text))
<BR><BR>[Called By]<UL><LI><a href="#[27]">&gt;&gt;</a>&nbsp;&nbsp;&nbsp;__user_setup_stackheap
</UL>

<P><STRONG><a name="[3b]"></a>__aeabi_uidiv</STRONG> (Thumb, 0 bytes, Stack size 0 bytes, aeabi_sdiv.o(.text))
<BR><BR>[Called By]<UL><LI><a href="#[3a]">&gt;&gt;</a>&nbsp;&nbsp;&nbsp;SystemCoreClockUpdate
<LI><a href="#[39]">&gt;&gt;</a>&nbsp;&nbsp;&nbsp;OS_onStartup
</UL>

<P><STRONG><a name="[6c]"></a>__aeabi_uidivmod</STRONG> (Thumb, 20 bytes, Stack size 0 bytes, aeabi_sdiv.o(.text), UNUSED)

<P><STRONG><a name="[6d]"></a>__aeabi_idiv</STRONG> (Thumb, 0 bytes, Stack size 8 bytes, aeabi_sdiv.o(.text), UNUSED)

<P><STRONG><a name="[6e]"></a>__aeabi_idivmod</STRONG> (Thumb, 338 bytes, Stack size 8 bytes, aeabi_sdiv.o(.text), UNUSED)

<P><STRONG><a name="[6f]"></a>__use_two_region_memory</STRONG> (Thumb, 2 bytes, Stack size 0 bytes, heapauxi.o(.text), UNUSED)

<P><STRONG><a name="[70]"></a>__rt_heap_escrow$2region</STRONG> (Thumb, 2 bytes, Stack size 0 bytes, heapauxi.o(.text), UNUSED)

<P><STRONG><a name="[71]"></a>__rt_heap_expand$2region</STRONG> (Thumb, 2 bytes, Stack size 0 bytes, heapauxi.o(.text), UNUSED)

<P><STRONG><a name="[27]"></a>__user_setup_stackheap</STRONG> (Thumb, 62 bytes, Stack size 8 bytes, sys_stackheap_outer.o(.text))
<BR><BR>[Stack]<UL><LI>Max Depth = 8 + Unknown Stack Size
<LI>Call Chain = __user_setup_stackheap
</UL>
<BR>[Calls]<UL><LI><a href="#[31]">&gt;&gt;</a>&nbsp;&nbsp;&nbsp;__user_perproc_libspace
<LI><a href="#[21]">&gt;&gt;</a>&nbsp;&nbsp;&nbsp;__user_initial_stackheap
</UL>
<BR>[Called By]<UL><LI><a href="#[26]">&gt;&gt;</a>&nbsp;&nbsp;&nbsp;__rt_entry_sh
</UL>

<P><STRONG><a name="[2c]"></a>exit</STRONG> (Thumb, 16 bytes, Stack size 8 bytes, exit.o(.text))
<BR><BR>[Stack]<UL><LI>Max Depth = 8 + Unknown Stack Size
<LI>Call Chain = exit
</UL>
<BR>[Calls]<UL><LI><a href="#[33]">&gt;&gt;</a>&nbsp;&nbsp;&nbsp;__rt_exit
<LI><a href="#[32]">&gt;&gt;</a>&nbsp;&nbsp;&nbsp;_call_atexit_fns (Weak Reference)
</UL>
<BR>[Called By]<UL><LI><a href="#[2a]">&gt;&gt;</a>&nbsp;&nbsp;&nbsp;__rt_entry_main
</UL>

<P><STRONG><a name="[72]"></a>__user_libspace</STRONG> (Thumb, 8 bytes, Stack size 0 bytes, libspace.o(.text), UNUSED)

<P><STRONG><a name="[31]"></a>__user_perproc_libspace</STRONG> (Thumb, 0 bytes, Stack size 0 bytes, libspace.o(.text))
<BR><BR>[Called By]<UL><LI><a href="#[27]">&gt;&gt;</a>&nbsp;&nbsp;&nbsp;__user_setup_stackheap
</UL>

<P><STRONG><a name="[73]"></a>__user_perthread_libspace</STRONG> (Thumb, 0 bytes, Stack size 0 bytes, libspace.o(.text), UNUSED)

<P><STRONG><a name="[30]"></a>_sys_exit</STRONG> (Thumb, 8 bytes, Stack size 0 bytes, sys_exit.o(.text))
<BR><BR>[Called By]<UL><LI><a href="#[2f]">&gt;&gt;</a>&nbsp;&nbsp;&nbsp;__rt_exit_exit
</UL>

<P><STRONG><a name="[74]"></a>__I$use$semihosting</STRONG> (Thumb, 0 bytes, Stack size 0 bytes, use_no_semi.o(.text), UNUSED)

<P><STRONG><a name="[75]"></a>__use_no_semihosting_swi</STRONG> (Thumb, 2 bytes, Stack size 0 bytes, use_no_semi.o(.text), UNUSED)

<P><STRONG><a name="[43]"></a>BSP_blueLedOff</STRONG> (Thumb, 2 bytes, Stack size 0 bytes, bsp.o(.text.BSP_blueLedOff))
<BR><BR>[Called By]<UL><LI><a href="#[20]">&gt;&gt;</a>&nbsp;&nbsp;&nbsp;main_blinky3
<LI><a href="#[1f]">&gt;&gt;</a>&nbsp;&nbsp;&nbsp;main_blinky1
</UL>

<P><STRONG><a name="[76]"></a>__semihosting_library_function</STRONG> (Thumb, 0 bytes, Stack size 0 bytes, indicate_semi.o(.text), UNUSED)

<P><STRONG><a name="[42]"></a>BSP_blueLedOn</STRONG> (Thumb, 2 bytes, Stack size 0 bytes, bsp.o(.text.BSP_blueLedOn))
<BR><BR>[Called By]<UL><LI><a href="#[20]">&gt;&gt;</a>&nbsp;&nbsp;&nbsp;main_blinky3
<LI><a href="#[1f]">&gt;&gt;</a>&nbsp;&nbsp;&nbsp;main_blinky1
</UL>

<P><STRONG><a name="[45]"></a>BSP_greenLedOff</STRONG> (Thumb, 16 bytes, Stack size 0 bytes, bsp.o(.text.BSP_greenLedOff))
<BR><BR>[Called By]<UL><LI><a href="#[20]">&gt;&gt;</a>&nbsp;&nbsp;&nbsp;main_blinky3
<LI><a href="#[1f]">&gt;&gt;</a>&nbsp;&nbsp;&nbsp;main_blinky1
</UL>

<P><STRONG><a name="[44]"></a>BSP_greenLedOn</STRONG> (Thumb, 12 bytes, Stack size 0 bytes, bsp.o(.text.BSP_greenLedOn))
<BR><BR>[Called By]<UL><LI><a href="#[20]">&gt;&gt;</a>&nbsp;&nbsp;&nbsp;main_blinky3
<LI><a href="#[1f]">&gt;&gt;</a>&nbsp;&nbsp;&nbsp;main_blinky1
</UL>

<P><STRONG><a name="[41]"></a>BSP_init</STRONG> (Thumb, 64 bytes, Stack size 8 bytes, bsp.o(.text.BSP_init))
<BR><BR>[Stack]<UL><LI>Max Depth = 8<LI>Call Chain = BSP_init
</UL>
<BR>[Called By]<UL><LI><a href="#[2b]">&gt;&gt;</a>&nbsp;&nbsp;&nbsp;main
</UL>

<P><STRONG><a name="[34]"></a>OSThread_start</STRONG> (Thumb, 324 bytes, Stack size 32 bytes, miros.o(.text.OSThread_start))
<BR><BR>[Stack]<UL><LI>Max Depth = 40<LI>Call Chain = OSThread_start &rArr; Q_onAssert
</UL>
<BR>[Calls]<UL><LI><a href="#[35]">&gt;&gt;</a>&nbsp;&nbsp;&nbsp;Q_onAssert
</UL>
<BR>[Called By]<UL><LI><a href="#[38]">&gt;&gt;</a>&nbsp;&nbsp;&nbsp;OS_init
<LI><a href="#[2b]">&gt;&gt;</a>&nbsp;&nbsp;&nbsp;main
</UL>

<P><STRONG><a name="[36]"></a>OS_delay</STRONG> (Thumb, 84 bytes, Stack size 16 bytes, miros.o(.text.OS_delay))
<BR><BR>[Stack]<UL><LI>Max Depth = 40<LI>Call Chain = OS_delay &rArr; OS_sched &rArr; Q_onAssert
</UL>
<BR>[Calls]<UL><LI><a href="#[37]">&gt;&gt;</a>&nbsp;&nbsp;&nbsp;OS_sched
<LI><a href="#[35]">&gt;&gt;</a>&nbsp;&nbsp;&nbsp;Q_onAssert
</UL>
<BR>[Called By]<UL><LI><a href="#[20]">&gt;&gt;</a>&nbsp;&nbsp;&nbsp;main_blinky3
<LI><a href="#[1f]">&gt;&gt;</a>&nbsp;&nbsp;&nbsp;main_blinky1
</UL>

<P><STRONG><a name="[38]"></a>OS_init</STRONG> (Thumb, 40 bytes, Stack size 24 bytes, miros.o(.text.OS_init))
<BR><BR>[Stack]<UL><LI>Max Depth = 64<LI>Call Chain = OS_init &rArr; OSThread_start &rArr; Q_onAssert
</UL>
<BR>[Calls]<UL><LI><a href="#[34]">&gt;&gt;</a>&nbsp;&nbsp;&nbsp;OSThread_start
</UL>
<BR>[Called By]<UL><LI><a href="#[2b]">&gt;&gt;</a>&nbsp;&nbsp;&nbsp;main
</UL>

<P><STRONG><a name="[46]"></a>OS_onIdle</STRONG> (Thumb, 2 bytes, Stack size 0 bytes, bsp.o(.text.OS_onIdle))
<BR><BR>[Called By]<UL><LI><a href="#[1e]">&gt;&gt;</a>&nbsp;&nbsp;&nbsp;main_idleThread
</UL>

<P><STRONG><a name="[39]"></a>OS_onStartup</STRONG> (Thumb, 32 bytes, Stack size 8 bytes, bsp.o(.text.OS_onStartup))
<BR><BR>[Stack]<UL><LI>Max Depth = 56<LI>Call Chain = OS_onStartup &rArr; SysTick_Config &rArr; __NVIC_SetPriority
</UL>
<BR>[Calls]<UL><LI><a href="#[3b]">&gt;&gt;</a>&nbsp;&nbsp;&nbsp;__aeabi_uidiv
<LI><a href="#[3a]">&gt;&gt;</a>&nbsp;&nbsp;&nbsp;SystemCoreClockUpdate
<LI><a href="#[3d]">&gt;&gt;</a>&nbsp;&nbsp;&nbsp;__NVIC_SetPriority
<LI><a href="#[3c]">&gt;&gt;</a>&nbsp;&nbsp;&nbsp;SysTick_Config
</UL>
<BR>[Called By]<UL><LI><a href="#[3e]">&gt;&gt;</a>&nbsp;&nbsp;&nbsp;OS_run
</UL>

<P><STRONG><a name="[3e]"></a>OS_run</STRONG> (Thumb, 24 bytes, Stack size 8 bytes, miros.o(.text.OS_run))
<BR><BR>[Stack]<UL><LI>Max Depth = 64<LI>Call Chain = OS_run &rArr; OS_onStartup &rArr; SysTick_Config &rArr; __NVIC_SetPriority
</UL>
<BR>[Calls]<UL><LI><a href="#[39]">&gt;&gt;</a>&nbsp;&nbsp;&nbsp;OS_onStartup
<LI><a href="#[37]">&gt;&gt;</a>&nbsp;&nbsp;&nbsp;OS_sched
<LI><a href="#[35]">&gt;&gt;</a>&nbsp;&nbsp;&nbsp;Q_onAssert
</UL>
<BR>[Called By]<UL><LI><a href="#[2b]">&gt;&gt;</a>&nbsp;&nbsp;&nbsp;main
</UL>

<P><STRONG><a name="[37]"></a>OS_sched</STRONG> (Thumb, 152 bytes, Stack size 16 bytes, miros.o(.text.OS_sched))
<BR><BR>[Stack]<UL><LI>Max Depth = 24<LI>Call Chain = OS_sched &rArr; Q_onAssert
</UL>
<BR>[Calls]<UL><LI><a href="#[35]">&gt;&gt;</a>&nbsp;&nbsp;&nbsp;Q_onAssert
</UL>
<BR>[Called By]<UL><LI><a href="#[5]">&gt;&gt;</a>&nbsp;&nbsp;&nbsp;SysTick_Handler
<LI><a href="#[3e]">&gt;&gt;</a>&nbsp;&nbsp;&nbsp;OS_run
<LI><a href="#[36]">&gt;&gt;</a>&nbsp;&nbsp;&nbsp;OS_delay
</UL>

<P><STRONG><a name="[3f]"></a>OS_tick</STRONG> (Thumb, 188 bytes, Stack size 24 bytes, miros.o(.text.OS_tick))
<BR><BR>[Stack]<UL><LI>Max Depth = 32<LI>Call Chain = OS_tick &rArr; Q_onAssert
</UL>
<BR>[Calls]<UL><LI><a href="#[35]">&gt;&gt;</a>&nbsp;&nbsp;&nbsp;Q_onAssert
</UL>
<BR>[Called By]<UL><LI><a href="#[5]">&gt;&gt;</a>&nbsp;&nbsp;&nbsp;SysTick_Handler
</UL>

<P><STRONG><a name="[4]"></a>PendSV_Handler</STRONG> (Thumb, 74 bytes, Stack size 0 bytes, miros.o(.text.PendSV_Handler))
<BR>[Address Reference Count : 1]<UL><LI> startup_stm32c031xx.o(RESET)
</UL>
<P><STRONG><a name="[35]"></a>Q_onAssert</STRONG> (Thumb, 10 bytes, Stack size 8 bytes, bsp.o(.text.Q_onAssert))
<BR><BR>[Stack]<UL><LI>Max Depth = 8<LI>Call Chain = Q_onAssert
</UL>
<BR>[Calls]<UL><LI><a href="#[40]">&gt;&gt;</a>&nbsp;&nbsp;&nbsp;__NVIC_SystemReset
</UL>
<BR>[Called By]<UL><LI><a href="#[37]">&gt;&gt;</a>&nbsp;&nbsp;&nbsp;OS_sched
<LI><a href="#[3f]">&gt;&gt;</a>&nbsp;&nbsp;&nbsp;OS_tick
<LI><a href="#[3e]">&gt;&gt;</a>&nbsp;&nbsp;&nbsp;OS_run
<LI><a href="#[34]">&gt;&gt;</a>&nbsp;&nbsp;&nbsp;OSThread_start
<LI><a href="#[2b]">&gt;&gt;</a>&nbsp;&nbsp;&nbsp;main
<LI><a href="#[36]">&gt;&gt;</a>&nbsp;&nbsp;&nbsp;OS_delay
</UL>

<P><STRONG><a name="[5]"></a>SysTick_Handler</STRONG> (Thumb, 16 bytes, Stack size 8 bytes, bsp.o(.text.SysTick_Handler))
<BR><BR>[Stack]<UL><LI>Max Depth = 40<LI>Call Chain = SysTick_Handler &rArr; OS_tick &rArr; Q_onAssert
</UL>
<BR>[Calls]<UL><LI><a href="#[37]">&gt;&gt;</a>&nbsp;&nbsp;&nbsp;OS_sched
<LI><a href="#[3f]">&gt;&gt;</a>&nbsp;&nbsp;&nbsp;OS_tick
</UL>
<BR>[Address Reference Count : 1]<UL><LI> startup_stm32c031xx.o(RESET)
</UL>
<P><STRONG><a name="[3a]"></a>SystemCoreClockUpdate</STRONG> (Thumb, 256 bytes, Stack size 24 bytes, system_stm32c0xx.o(.text.SystemCoreClockUpdate))
<BR><BR>[Stack]<UL><LI>Max Depth = 24<LI>Call Chain = SystemCoreClockUpdate
</UL>
<BR>[Calls]<UL><LI><a href="#[3b]">&gt;&gt;</a>&nbsp;&nbsp;&nbsp;__aeabi_uidiv
</UL>
<BR>[Called By]<UL><LI><a href="#[39]">&gt;&gt;</a>&nbsp;&nbsp;&nbsp;OS_onStartup
</UL>

<P><STRONG><a name="[1b]"></a>SystemInit</STRONG> (Thumb, 12 bytes, Stack size 0 bytes, system_stm32c0xx.o(.text.SystemInit))
<BR>[Address Reference Count : 1]<UL><LI> startup_stm32c031xx.o(.text)
</UL>
<P><STRONG><a name="[1d]"></a>assert_failed</STRONG> (Thumb, 8 bytes, Stack size 4 bytes, bsp.o(.text.assert_failed))
<BR><BR>[Stack]<UL><LI>Max Depth = 4<LI>Call Chain = assert_failed
</UL>
<BR>[Address Reference Count : 1]<UL><LI> startup_stm32c031xx.o(.text)
</UL>
<P><STRONG><a name="[2b]"></a>main</STRONG> (Thumb, 68 bytes, Stack size 24 bytes, main.o(.text.main))
<BR><BR>[Stack]<UL><LI>Max Depth = 88<LI>Call Chain = main &rArr; OS_run &rArr; OS_onStartup &rArr; SysTick_Config &rArr; __NVIC_SetPriority
</UL>
<BR>[Calls]<UL><LI><a href="#[35]">&gt;&gt;</a>&nbsp;&nbsp;&nbsp;Q_onAssert
<LI><a href="#[3e]">&gt;&gt;</a>&nbsp;&nbsp;&nbsp;OS_run
<LI><a href="#[34]">&gt;&gt;</a>&nbsp;&nbsp;&nbsp;OSThread_start
<LI><a href="#[38]">&gt;&gt;</a>&nbsp;&nbsp;&nbsp;OS_init
<LI><a href="#[41]">&gt;&gt;</a>&nbsp;&nbsp;&nbsp;BSP_init
</UL>
<BR>[Called By]<UL><LI><a href="#[2a]">&gt;&gt;</a>&nbsp;&nbsp;&nbsp;__rt_entry_main
</UL>

<P><STRONG><a name="[1f]"></a>main_blinky1</STRONG> (Thumb, 56 bytes, Stack size 16 bytes, main.o(.text.main_blinky1))
<BR><BR>[Stack]<UL><LI>Max Depth = 56<LI>Call Chain = main_blinky1 &rArr; OS_delay &rArr; OS_sched &rArr; Q_onAssert
</UL>
<BR>[Calls]<UL><LI><a href="#[36]">&gt;&gt;</a>&nbsp;&nbsp;&nbsp;OS_delay
<LI><a href="#[45]">&gt;&gt;</a>&nbsp;&nbsp;&nbsp;BSP_greenLedOff
<LI><a href="#[44]">&gt;&gt;</a>&nbsp;&nbsp;&nbsp;BSP_greenLedOn
<LI><a href="#[43]">&gt;&gt;</a>&nbsp;&nbsp;&nbsp;BSP_blueLedOff
<LI><a href="#[42]">&gt;&gt;</a>&nbsp;&nbsp;&nbsp;BSP_blueLedOn
</UL>
<BR>[Address Reference Count : 1]<UL><LI> main.o(.text.main)
</UL>
<P><STRONG><a name="[20]"></a>main_blinky3</STRONG> (Thumb, 56 bytes, Stack size 16 bytes, main.o(.text.main_blinky3))
<BR><BR>[Stack]<UL><LI>Max Depth = 56<LI>Call Chain = main_blinky3 &rArr; OS_delay &rArr; OS_sched &rArr; Q_onAssert
</UL>
<BR>[Calls]<UL><LI><a href="#[36]">&gt;&gt;</a>&nbsp;&nbsp;&nbsp;OS_delay
<LI><a href="#[45]">&gt;&gt;</a>&nbsp;&nbsp;&nbsp;BSP_greenLedOff
<LI><a href="#[44]">&gt;&gt;</a>&nbsp;&nbsp;&nbsp;BSP_greenLedOn
<LI><a href="#[43]">&gt;&gt;</a>&nbsp;&nbsp;&nbsp;BSP_blueLedOff
<LI><a href="#[42]">&gt;&gt;</a>&nbsp;&nbsp;&nbsp;BSP_blueLedOn
</UL>
<BR>[Address Reference Count : 1]<UL><LI> main.o(.text.main)
</UL>
<P><STRONG><a name="[1e]"></a>main_idleThread</STRONG> (Thumb, 10 bytes, Stack size 8 bytes, miros.o(.text.main_idleThread))
<BR><BR>[Stack]<UL><LI>Max Depth = 8<LI>Call Chain = main_idleThread
</UL>
<BR>[Calls]<UL><LI><a href="#[46]">&gt;&gt;</a>&nbsp;&nbsp;&nbsp;OS_onIdle
</UL>
<BR>[Address Reference Count : 1]<UL><LI> miros.o(.text.OS_init)
</UL><P>
<H3>
Local Symbols
</H3>
<P><STRONG><a name="[3c]"></a>SysTick_Config</STRONG> (Thumb, 68 bytes, Stack size 24 bytes, bsp.o(.text.SysTick_Config))
<BR><BR>[Stack]<UL><LI>Max Depth = 48<LI>Call Chain = SysTick_Config &rArr; __NVIC_SetPriority
</UL>
<BR>[Calls]<UL><LI><a href="#[3d]">&gt;&gt;</a>&nbsp;&nbsp;&nbsp;__NVIC_SetPriority
</UL>
<BR>[Called By]<UL><LI><a href="#[39]">&gt;&gt;</a>&nbsp;&nbsp;&nbsp;OS_onStartup
</UL>

<P><STRONG><a name="[3d]"></a>__NVIC_SetPriority</STRONG> (Thumb, 124 bytes, Stack size 24 bytes, bsp.o(.text.__NVIC_SetPriority))
<BR><BR>[Stack]<UL><LI>Max Depth = 24<LI>Call Chain = __NVIC_SetPriority
</UL>
<BR>[Called By]<UL><LI><a href="#[39]">&gt;&gt;</a>&nbsp;&nbsp;&nbsp;OS_onStartup
<LI><a href="#[3c]">&gt;&gt;</a>&nbsp;&nbsp;&nbsp;SysTick_Config
</UL>

<P><STRONG><a name="[40]"></a>__NVIC_SystemReset</STRONG> (Thumb, 20 bytes, Stack size 0 bytes, bsp.o(.text.__NVIC_SystemReset))
<BR><BR>[Called By]<UL><LI><a href="#[35]">&gt;&gt;</a>&nbsp;&nbsp;&nbsp;Q_onAssert
</UL>
<P>
<H3>
Undefined Global Symbols
</H3>
<P><STRONG><a name="[32]"></a>_call_atexit_fns</STRONG> (ARM, 0 bytes, Stack size 0 bytes, UNDEFINED)
<BR><BR>[Called By]<UL><LI><a href="#[2c]">&gt;&gt;</a>&nbsp;&nbsp;&nbsp;exit
</UL>
<HR></body></html>
