Component: Arm Compiler for Embedded 6.22 Tool: armlink [5ee90200]

==============================================================================

Section Cross References

    main.o(.text.BlinkyButton_ctor) refers to uc_ao.o(.text.Active_ctor) for Active_ctor
    main.o(.text.BlinkyButton_ctor) refers to uc_ao.o(.text.TimeEvent_ctor) for TimeEvent_ctor
    main.o(.text.BlinkyButton_ctor) refers to main.o(.text.BlinkyButton_dispatch) for BlinkyButton_dispatch
    main.o(.ARM.exidx.text.BlinkyButton_ctor) refers to main.o(.text.BlinkyButton_ctor) for [Anonymous Symbol]
    main.o(.text.BlinkyButton_dispatch) refers to bsp.o(.text.BSP_ledGreenOff) for BSP_ledGreenOff
    main.o(.text.BlinkyButton_dispatch) refers to uc_ao.o(.text.TimeEvent_arm) for TimeEvent_arm
    main.o(.text.BlinkyButton_dispatch) refers to bsp.o(.text.BSP_ledGreenOn) for BSP_ledGreenOn
    main.o(.text.BlinkyButton_dispatch) refers to bsp.o(.text.BSP_ledBlueOn) for BSP_ledBlueOn
    main.o(.text.BlinkyButton_dispatch) refers to bsp.o(.text.BSP_ledBlueOff) for BSP_ledBlueOff
    main.o(.ARM.exidx.text.BlinkyButton_dispatch) refers to main.o(.text.BlinkyButton_dispatch) for [Anonymous Symbol]
    main.o(.text.main) refers to bsp.o(.text.BSP_init) for BSP_init
    main.o(.text.main) refers to os_core.o(.text.OSInit) for OSInit
    main.o(.text.main) refers to main.o(.text.BlinkyButton_ctor) for BlinkyButton_ctor
    main.o(.text.main) refers to uc_ao.o(.text.Active_start) for Active_start
    main.o(.text.main) refers to bsp.o(.text.BSP_start) for BSP_start
    main.o(.text.main) refers to os_core.o(.text.OSStart) for OSStart
    main.o(.text.main) refers to main.o(.bss.blinkyButton) for [Anonymous Symbol]
    main.o(.text.main) refers to main.o(.data.AO_BlinkyButton) for AO_BlinkyButton
    main.o(.text.main) refers to main.o(.bss.blinkyButton_stack) for blinkyButton_stack
    main.o(.text.main) refers to main.o(.bss.blinkyButton_queue) for [Anonymous Symbol]
    main.o(.ARM.exidx.text.main) refers to main.o(.text.main) for [Anonymous Symbol]
    main.o(.data.AO_BlinkyButton) refers to main.o(.bss.blinkyButton) for [Anonymous Symbol]
    bsp.o(.text.App_TimeTickHook) refers to uc_ao.o(.text.TimeEvent_tick) for TimeEvent_tick
    bsp.o(.text.App_TimeTickHook) refers to uc_ao.o(.text.Active_post) for Active_post
    bsp.o(.text.App_TimeTickHook) refers to bsp.o(.bss.App_TimeTickHook.buttons) for [Anonymous Symbol]
    bsp.o(.text.App_TimeTickHook) refers to main.o(.data.AO_BlinkyButton) for AO_BlinkyButton
    bsp.o(.text.App_TimeTickHook) refers to bsp.o(.rodata.App_TimeTickHook.buttonReleasedEvt) for [Anonymous Symbol]
    bsp.o(.text.App_TimeTickHook) refers to bsp.o(.rodata.App_TimeTickHook.buttonPressedEvt) for [Anonymous Symbol]
    bsp.o(.ARM.exidx.text.App_TimeTickHook) refers to bsp.o(.text.App_TimeTickHook) for [Anonymous Symbol]
    bsp.o(.ARM.exidx.text.App_TaskIdleHook) refers to bsp.o(.text.App_TaskIdleHook) for [Anonymous Symbol]
    bsp.o(.ARM.exidx.text.App_TaskCreateHook) refers to bsp.o(.text.App_TaskCreateHook) for [Anonymous Symbol]
    bsp.o(.ARM.exidx.text.App_TaskDelHook) refers to bsp.o(.text.App_TaskDelHook) for [Anonymous Symbol]
    bsp.o(.ARM.exidx.text.App_TaskReturnHook) refers to bsp.o(.text.App_TaskReturnHook) for [Anonymous Symbol]
    bsp.o(.ARM.exidx.text.App_TaskStatHook) refers to bsp.o(.text.App_TaskStatHook) for [Anonymous Symbol]
    bsp.o(.ARM.exidx.text.App_TaskSwHook) refers to bsp.o(.text.App_TaskSwHook) for [Anonymous Symbol]
    bsp.o(.ARM.exidx.text.App_TCBInitHook) refers to bsp.o(.text.App_TCBInitHook) for [Anonymous Symbol]
    bsp.o(.text.BSP_init) refers to system_stm32c0xx.o(.text.SystemCoreClockUpdate) for SystemCoreClockUpdate
    bsp.o(.ARM.exidx.text.BSP_init) refers to bsp.o(.text.BSP_init) for [Anonymous Symbol]
    bsp.o(.text.BSP_start) refers to system_stm32c0xx.o(.text.SystemCoreClockUpdate) for SystemCoreClockUpdate
    bsp.o(.text.BSP_start) refers to aeabi_sdiv.o(.text) for __aeabi_uidiv
    bsp.o(.text.BSP_start) refers to bsp.o(.text.SysTick_Config) for SysTick_Config
    bsp.o(.text.BSP_start) refers to bsp.o(.text.__NVIC_SetPriority) for __NVIC_SetPriority
    bsp.o(.text.BSP_start) refers to system_stm32c0xx.o(.data.SystemCoreClock) for SystemCoreClock
    bsp.o(.ARM.exidx.text.BSP_start) refers to bsp.o(.text.BSP_start) for [Anonymous Symbol]
    bsp.o(.text.SysTick_Config) refers to bsp.o(.text.__NVIC_SetPriority) for __NVIC_SetPriority
    bsp.o(.ARM.exidx.text.SysTick_Config) refers to bsp.o(.text.SysTick_Config) for [Anonymous Symbol]
    bsp.o(.ARM.exidx.text.__NVIC_SetPriority) refers to bsp.o(.text.__NVIC_SetPriority) for [Anonymous Symbol]
    bsp.o(.ARM.exidx.text.BSP_ledRedOn) refers to bsp.o(.text.BSP_ledRedOn) for [Anonymous Symbol]
    bsp.o(.ARM.exidx.text.BSP_ledRedOff) refers to bsp.o(.text.BSP_ledRedOff) for [Anonymous Symbol]
[...]
    __arm_cp.1_0                             0x08001450   Number         4  os_task.o(.text.OSTaskCreateExt)
    [Anonymous Symbol]                       0x08001454   Section        0  os_cpu_c.o(.text.OSTaskCreateHook)
    [Anonymous Symbol]                       0x08001464   Section        0  os_task.o(.text.OSTaskDel)
    __arm_cp.3_1                             0x08001644   Number         4  os_task.o(.text.OSTaskDel)
    __arm_cp.3_2                             0x08001648   Number         4  os_task.o(.text.OSTaskDel)
    __arm_cp.3_3                             0x0800164c   Number         4  os_task.o(.text.OSTaskDel)
    __arm_cp.3_4                             0x08001650   Number         4  os_task.o(.text.OSTaskDel)
    __arm_cp.3_5                             0x08001654   Number         4  os_task.o(.text.OSTaskDel)
    __arm_cp.3_6                             0x08001658   Number         4  os_task.o(.text.OSTaskDel)
    __arm_cp.3_7                             0x0800165c   Number         4  os_task.o(.text.OSTaskDel)
    __arm_cp.3_8                             0x08001660   Number         4  os_task.o(.text.OSTaskDel)
    __arm_cp.3_9                             0x08001664   Number         4  os_task.o(.text.OSTaskDel)
    __arm_cp.3_10                            0x08001668   Number         4  os_task.o(.text.OSTaskDel)
    [Anonymous Symbol]                       0x0800166c   Section        0  os_cpu_c.o(.text.OSTaskDelHook)
    [Anonymous Symbol]                       0x0800167c   Section        0  os_cpu_c.o(.text.OSTaskIdleHook)
    [Anonymous Symbol]                       0x08001684   Section        0  os_task.o(.text.OSTaskNameSet)
    __arm_cp.6_0                             0x08001754   Number         4  os_task.o(.text.OSTaskNameSet)
    __arm_cp.6_2                             0x08001758   Number         4  os_task.o(.text.OSTaskNameSet)
    [Anonymous Symbol]                       0x0800175c   Section        0  os_cpu_c.o(.text.OSTaskReturnHook)
    [Anonymous Symbol]                       0x0800176c   Section        0  os_cpu_c.o(.text.OSTaskStatHook)
    [Anonymous Symbol]                       0x08001774   Section        0  os_task.o(.text.OSTaskStkChk)
    __arm_cp.8_0                             0x0800188c   Number         4  os_task.o(.text.OSTaskStkChk)
    __arm_cp.8_1                             0x08001890   Number         4  os_task.o(.text.OSTaskStkChk)
    [Anonymous Symbol]                       0x08001894   Section        0  os_cpu_c.o(.text.OSTaskStkInit)
    __arm_cp.7_0                             0x08001964   Number         4  os_cpu_c.o(.text.OSTaskStkInit)
    __arm_cp.7_1                             0x08001968   Number         4  os_cpu_c.o(.text.OSTaskStkInit)
    __arm_cp.7_2                             0x0800196c   Number         4  os_cpu_c.o(.text.OSTaskStkInit)
    __arm_cp.7_3                             0x08001970   Number         4  os_cpu_c.o(.text.OSTaskStkInit)
    __arm_cp.7_4                             0x08001974   Number         4  os_cpu_c.o(.text.OSTaskStkInit)
    __arm_cp.7_5                             0x08001978   Number         4  os_cpu_c.o(.text.OSTaskStkInit)
    __arm_cp.7_6                             0x0800197c   Number         4  os_cpu_c.o(.text.OSTaskStkInit)
    __arm_cp.7_7                             0x08001980   Number         4  os_cpu_c.o(.text.OSTaskStkInit)
    __arm_cp.7_8                             0x08001984   Number         4  os_cpu_c.o(.text.OSTaskStkInit)
    __arm_cp.7_9                             0x08001988   Number         4  os_cpu_c.o(.text.OSTaskStkInit)
    __arm_cp.7_10                            0x0800198c   Number         4  os_cpu_c.o(.text.OSTaskStkInit)
    __arm_cp.7_11                            0x08001990   Number         4  os_cpu_c.o(.text.OSTaskStkInit)
    __arm_cp.7_12                            0x08001994   Number         4  os_cpu_c.o(.text.OSTaskStkInit)
    [Anonymous Symbol]                       0x08001998   Section        0  os_task.o(.text.OSTaskSuspend)
    __arm_cp.9_0                             0x08001acc   Number         4  os_task.o(.text.OSTaskSuspend)
    __arm_cp.9_1                             0x08001ad0   Number         4  os_task.o(.text.OSTaskSuspend)
    [Anonymous Symbol]                       0x08001ad4   Section        0  os_cpu_c.o(.text.OSTaskSwHook)
    [Anonymous Symbol]                       0x08001adc   Section        0  os_time.o(.text.OSTimeDly)
    __arm_cp.0_0                             0x08001b64   Number         4  os_time.o(.text.OSTimeDly)
    __arm_cp.0_1                             0x08001b68   Number         4  os_time.o(.text.OSTimeDly)
    __arm_cp.0_2                             0x08001b6c   Number         4  os_time.o(.text.OSTimeDly)
    [Anonymous Symbol]                       0x08001b70   Section        0  os_core.o(.text.OSTimeTick)
    __arm_cp.18_0                            0x08001ca8   Number         4  os_core.o(.text.OSTimeTick)
    __arm_cp.18_1                            0x08001cac   Number         4  os_core.o(.text.OSTimeTick)
    __arm_cp.18_2                            0x08001cb0   Number         4  os_core.o(.text.OSTimeTick)
    __arm_cp.18_3                            0x08001cb4   Number         4  os_core.o(.text.OSTimeTick)
    __arm_cp.18_4                            0x08001cb8   Number         4  os_core.o(.text.OSTimeTick)
    __arm_cp.18_5                            0x08001cbc   Number         4  os_core.o(.text.OSTimeTick)
    [Anonymous Symbol]                       0x08001cc0   Section        0  os_cpu_c.o(.text.OSTimeTickHook)
    __arm_cp.10_0                            0x08001ce4   Number         4  os_cpu_c.o(.text.OSTimeTickHook)
    [Anonymous Symbol]                       0x08001ce8   Section        0  os_tmr.o(.text.OSTmrSignal)
    [Anonymous Symbol]                       0x08001d00   Section        0  os_tmr.o(.text.OSTmr_Init)
    __arm_cp.12_0                            0x08001de8   Number         4  os_tmr.o(.text.OSTmr_Init)
    __arm_cp.12_2                            0x08001dec   Number         4  os_tmr.o(.text.OSTmr_Init)
    __arm_cp.12_4                            0x08001df0   Number         4  os_tmr.o(.text.OSTmr_Init)
    __arm_cp.12_5                            0x08001df4   Number         4  os_tmr.o(.text.OSTmr_Init)
    __arm_cp.12_6                            0x08001df8   Number         4  os_tmr.o(.text.OSTmr_Init)
    __arm_cp.12_7                            0x08001dfc   Number         4  os_tmr.o(.text.OSTmr_Init)
    __arm_cp.12_9                            0x08001e00   Number         4  os_tmr.o(.text.OSTmr_Init)
    __arm_cp.12_10                           0x08001e04   Number         4  os_tmr.o(.text.OSTmr_Init)
    OSTmr_InitTask                           0x08001e09   Thumb Code    56  os_tmr.o(.text.OSTmr_InitTask)
    [Anonymous Symbol]                       0x08001e08   Section        0  os_tmr.o(.text.OSTmr_InitTask)
    __arm_cp.13_0                            0x08001e40   Number         4  os_tmr.o(.text.OSTmr_InitTask)
    __arm_cp.13_1                            0x08001e44   Number         4  os_tmr.o(.text.OSTmr_InitTask)
    __arm_cp.13_2                            0x08001e48   Number         4  os_tmr.o(.text.OSTmr_InitTask)
    __arm_cp.13_3                            0x08001e4c   Number         4  os_tmr.o(.text.OSTmr_InitTask)
    OSTmr_Link                               0x08001e51   Thumb Code   180  os_tmr.o(.text.OSTmr_Link)
    [Anonymous Symbol]                       0x08001e50   Section        0  os_tmr.o(.text.OSTmr_Link)
    OSTmr_Task                               0x08001f05   Thumb Code   168  os_tmr.o(.text.OSTmr_Task)
    [Anonymous Symbol]                       0x08001f04   Section        0  os_tmr.o(.text.OSTmr_Task)
    __arm_cp.14_0                            0x08001fac   Number         4  os_tmr.o(.text.OSTmr_Task)
    __arm_cp.14_1                            0x08001fb0   Number         4  os_tmr.o(.text.OSTmr_Task)
    OSTmr_Unlink                             0x08001fb5   Thumb Code   140  os_tmr.o(.text.OSTmr_Unlink)
    [Anonymous Symbol]                       0x08001fb4   Section        0  os_tmr.o(.text.OSTmr_Unlink)
    __arm_cp.3_0                             0x08002040   Number         4  os_tmr.o(.text.OSTmr_Unlink)
    [Anonymous Symbol]                       0x08002044   Section        0  os_core.o(.text.OS_Dummy)
    [Anonymous Symbol]                       0x08002048   Section        0  os_core.o(.text.OS_EventTaskRdy)
    __arm_cp.21_0                            0x080020e8   Number         4  os_core.o(.text.OS_EventTaskRdy)
    __arm_cp.21_1                            0x080020ec   Number         4  os_core.o(.text.OS_EventTaskRdy)
    [Anonymous Symbol]                       0x080020f0   Section        0  os_core.o(.text.OS_EventTaskRemove)
    [Anonymous Symbol]                       0x0800213c   Section        0  os_core.o(.text.OS_EventTaskWait)
    [Anonymous Symbol]                       0x080021a4   Section        0  os_core.o(.text.OS_EventWaitListInit)
    [Anonymous Symbol]                       0x080021dc   Section        0  os_flag.o(.text.OS_FlagInit)
    __arm_cp.12_0                            0x08002258   Number         4  os_flag.o(.text.OS_FlagInit)
    __arm_cp.12_2                            0x0800225c   Number         4  os_flag.o(.text.OS_FlagInit)
    [Anonymous Symbol]                       0x08002260   Section        0  os_flag.o(.text.OS_FlagUnlink)
    OS_InitEventList                         0x080022c1   Thumb Code   132  os_core.o(.text.OS_InitEventList)
    [Anonymous Symbol]                       0x080022c0   Section        0  os_core.o(.text.OS_InitEventList)
    __arm_cp.7_0                             0x08002344   Number         4  os_core.o(.text.OS_InitEventList)
    __arm_cp.7_2                             0x08002348   Number         4  os_core.o(.text.OS_InitEventList)
    OS_InitMisc                              0x0800234d   Thumb Code    48  os_core.o(.text.OS_InitMisc)
    [Anonymous Symbol]                       0x0800234c   Section        0  os_core.o(.text.OS_InitMisc)
    __arm_cp.4_0                             0x0800237c   Number         4  os_core.o(.text.OS_InitMisc)
    __arm_cp.4_3                             0x08002380   Number         4  os_core.o(.text.OS_InitMisc)
    __arm_cp.4_4                             0x08002384   Number         4  os_core.o(.text.OS_InitMisc)
    __arm_cp.4_6                             0x08002388   Number         4  os_core.o(.text.OS_InitMisc)
    __arm_cp.4_7                             0x0800238c   Number         4  os_core.o(.text.OS_InitMisc)
    __arm_cp.4_8                             0x08002390   Number         4  os_core.o(.text.OS_InitMisc)
    __arm_cp.4_9                             0x08002394   Number         4  os_core.o(.text.OS_InitMisc)
    __arm_cp.4_10                            0x08002398   Number         4  os_core.o(.text.OS_InitMisc)
    OS_InitRdyList                           0x0800239d   Thumb Code    68  os_core.o(.text.OS_InitRdyList)
    [Anonymous Symbol]                       0x0800239c   Section        0  os_core.o(.text.OS_InitRdyList)
    __arm_cp.5_0                             0x080023e0   Number         4  os_core.o(.text.OS_InitRdyList)
    __arm_cp.5_4                             0x080023e4   Number         4  os_core.o(.text.OS_InitRdyList)
    __arm_cp.5_5                             0x080023e8   Number         4  os_core.o(.text.OS_InitRdyList)
    OS_InitTCBList                           0x080023ed   Thumb Code   136  os_core.o(.text.OS_InitTCBList)
    [Anonymous Symbol]                       0x080023ec   Section        0  os_core.o(.text.OS_InitTCBList)
    __arm_cp.6_0                             0x08002474   Number         4  os_core.o(.text.OS_InitTCBList)
    __arm_cp.6_3                             0x08002478   Number         4  os_core.o(.text.OS_InitTCBList)
    __arm_cp.6_4                             0x0800247c   Number         4  os_core.o(.text.OS_InitTCBList)
    OS_InitTaskIdle                          0x08002481   Thumb Code    56  os_core.o(.text.OS_InitTaskIdle)
    [Anonymous Symbol]                       0x08002480   Section        0  os_core.o(.text.OS_InitTaskIdle)
    __arm_cp.8_0                             0x080024b8   Number         4  os_core.o(.text.OS_InitTaskIdle)
    __arm_cp.8_1                             0x080024bc   Number         4  os_core.o(.text.OS_InitTaskIdle)
    __arm_cp.8_2                             0x080024c0   Number         4  os_core.o(.text.OS_InitTaskIdle)
    __arm_cp.8_3                             0x080024c4   Number         4  os_core.o(.text.OS_InitTaskIdle)
    OS_InitTaskStat                          0x080024c9   Thumb Code    56  os_core.o(.text.OS_InitTaskStat)
    [Anonymous Symbol]                       0x080024c8   Section        0  os_core.o(.text.OS_InitTaskStat)
    __arm_cp.9_0                             0x08002500   Number         4  os_core.o(.text.OS_InitTaskStat)
    __arm_cp.9_1                             0x08002504   Number         4  os_core.o(.text.OS_InitTaskStat)
    __arm_cp.9_2                             0x08002508   Number         4  os_core.o(.text.OS_InitTaskStat)
    __arm_cp.9_3                             0x0800250c   Number         4  os_core.o(.text.OS_InitTaskStat)
    [Anonymous Symbol]                       0x08002510   Section        0  os_core.o(.text.OS_MemClr)
    [Anonymous Symbol]                       0x0800253c   Section        0  os_mem.o(.text.OS_MemInit)
    __arm_cp.6_0                             0x080025ac   Number         4  os_mem.o(.text.OS_MemInit)
    __arm_cp.6_1                             0x080025b0   Number         4  os_mem.o(.text.OS_MemInit)
    __arm_cp.6_2                             0x080025b4   Number         4  os_mem.o(.text.OS_MemInit)
    [Anonymous Symbol]                       0x080025b8   Section        0  os_q.o(.text.OS_QInit)
    __arm_cp.10_0                            0x08002628   Number         4  os_q.o(.text.OS_QInit)
    __arm_cp.10_1                            0x0800262c   Number         4  os_q.o(.text.OS_QInit)
    [Anonymous Symbol]                       0x08002630   Section        0  os_core.o(.text.OS_Sched)
    __arm_cp.15_0                            0x080026a0   Number         4  os_core.o(.text.OS_Sched)
    __arm_cp.15_1                            0x080026a4   Number         4  os_core.o(.text.OS_Sched)
    __arm_cp.15_3                            0x080026a8   Number         4  os_core.o(.text.OS_Sched)
    __arm_cp.15_4                            0x080026ac   Number         4  os_core.o(.text.OS_Sched)
    __arm_cp.15_5                            0x080026b0   Number         4  os_core.o(.text.OS_Sched)
    __arm_cp.15_6                            0x080026b4   Number         4  os_core.o(.text.OS_Sched)
    OS_SchedNew                              0x080026b9   Thumb Code    36  os_core.o(.text.OS_SchedNew)
    [Anonymous Symbol]                       0x080026b8   Section        0  os_core.o(.text.OS_SchedNew)
    __arm_cp.12_0                            0x080026dc   Number         4  os_core.o(.text.OS_SchedNew)
    __arm_cp.12_1                            0x080026e0   Number         4  os_core.o(.text.OS_SchedNew)
    __arm_cp.12_2                            0x080026e4   Number         4  os_core.o(.text.OS_SchedNew)
    __arm_cp.12_3                            0x080026e8   Number         4  os_core.o(.text.OS_SchedNew)
    [Anonymous Symbol]                       0x080026ec   Section        0  os_core.o(.text.OS_TCBInit)
    __arm_cp.30_0                            0x080028ac   Number         4  os_core.o(.text.OS_TCBInit)
    __arm_cp.30_1                            0x080028b0   Number         4  os_core.o(.text.OS_TCBInit)
    __arm_cp.30_2                            0x080028b4   Number         4  os_core.o(.text.OS_TCBInit)
    __arm_cp.30_3                            0x080028b8   Number         4  os_core.o(.text.OS_TCBInit)
    __arm_cp.30_4                            0x080028bc   Number         4  os_core.o(.text.OS_TCBInit)
    __arm_cp.30_5                            0x080028c0   Number         4  os_core.o(.text.OS_TCBInit)
    __arm_cp.30_6                            0x080028c4   Number         4  os_core.o(.text.OS_TCBInit)
    [Anonymous Symbol]                       0x080028c8   Section        0  os_core.o(.text.OS_TaskIdle)
    [Anonymous Symbol]                       0x080028f8   Section        0  os_task.o(.text.OS_TaskReturn)
    __arm_cp.14_0                            0x0800290c   Number         4  os_task.o(.text.OS_TaskReturn)
    [Anonymous Symbol]                       0x08002910   Section        0  os_core.o(.text.OS_TaskStat)
    __arm_cp.28_0                            0x08002a04   Number         4  os_core.o(.text.OS_TaskStat)
    __arm_cp.28_1                            0x08002a08   Number         4  os_core.o(.text.OS_TaskStat)
    __arm_cp.28_2                            0x08002a0c   Number         4  os_core.o(.text.OS_TaskStat)
    __arm_cp.28_3                            0x08002a10   Number         4  os_core.o(.text.OS_TaskStat)
    __arm_cp.28_4                            0x08002a14   Number         4  os_core.o(.text.OS_TaskStat)
    [Anonymous Symbol]                       0x08002a18   Section        0  os_core.o(.text.OS_TaskStatStkChk)
    __arm_cp.29_0                            0x08002a8c   Number         4  os_core.o(.text.OS_TaskStatStkChk)
    [Anonymous Symbol]                       0x08002a90   Section        0  os_task.o(.text.OS_TaskStkClr)
    [Anonymous Symbol]                       0x08002ad4   Section        0  bsp.o(.text.Q_onAssert)
    __arm_cp.18_0                            0x08002ae4   Number         4  bsp.o(.text.Q_onAssert)
    SysTick_Config                           0x08002ae9   Thumb Code    68  bsp.o(.text.SysTick_Config)
    [Anonymous Symbol]                       0x08002ae8   Section        0  bsp.o(.text.SysTick_Config)
    __arm_cp.10_0                            0x08002b2c   Number         4  bsp.o(.text.SysTick_Config)
    __arm_cp.10_1                            0x08002b30   Number         4  bsp.o(.text.SysTick_Config)
    __arm_cp.10_2                            0x08002b34   Number         4  bsp.o(.text.SysTick_Config)
    [Anonymous Symbol]                       0x08002b38   Section        0  os_cpu_c.o(.text.SysTick_Handler)
    [Anonymous Symbol]                       0x08002b60   Section        0  system_stm32c0xx.o(.text.SystemCoreClockUpdate)
    __arm_cp.1_0                             0x08002c60   Number         4  system_stm32c0xx.o(.text.SystemCoreClockUpdate)
    __arm_cp.1_1                             0x08002c64   Number         4  system_stm32c0xx.o(.text.SystemCoreClockUpdate)
    __arm_cp.1_2                             0x08002c68   Number         4  system_stm32c0xx.o(.text.SystemCoreClockUpdate)
    __arm_cp.1_3                             0x08002c6c   Number         4  system_stm32c0xx.o(.text.SystemCoreClockUpdate)
    __arm_cp.1_4                             0x08002c70   Number         4  system_stm32c0xx.o(.text.SystemCoreClockUpdate)
    [Anonymous Symbol]                       0x08002c74   Section        0  system_stm32c0xx.o(.text.SystemInit)
    __arm_cp.0_0                             0x08002c80   Number         4  system_stm32c0xx.o(.text.SystemInit)
    [Anonymous Symbol]                       0x08002c84   Section        0  uc_ao.o(.text.TimeEvent_arm)
    [Anonymous Symbol]                       0x08002cb4   Section        0  uc_ao.o(.text.TimeEvent_ctor)
    [Anonymous Symbol]                       0x08002d14   Section        0  uc_ao.o(.text.TimeEvent_tick)
    __arm_cp.7_0                             0x08002d80   Number         4  uc_ao.o(.text.TimeEvent_tick)
    __arm_cp.7_1                             0x08002d84   Number         4  uc_ao.o(.text.TimeEvent_tick)
    __arm_cp.7_2                             0x08002d88   Number         4  uc_ao.o(.text.TimeEvent_tick)
    __NVIC_SetPriority                       0x08002d8d   Thumb Code   124  bsp.o(.text.__NVIC_SetPriority)
    [Anonymous Symbol]                       0x08002d8c   Section        0  bsp.o(.text.__NVIC_SetPriority)
    __arm_cp.11_0                            0x08002e08   Number         4  bsp.o(.text.__NVIC_SetPriority)
    __arm_cp.11_1                            0x08002e0c   Number         4  bsp.o(.text.__NVIC_SetPriority)
    [Anonymous Symbol]                       0x08002e10   Section        0  bsp.o(.text.assert_failed)
    [Anonymous Symbol]                       0x08002e20   Section        0  main.o(.text.main)
    __arm_cp.2_0                             0x08002e64   Number         4  main.o(.text.main)
    __arm_cp.2_1                             0x08002e68   Number         4  main.o(.text.main)
    __arm_cp.2_2                             0x08002e6c   Number         4  main.o(.text.main)
    __arm_cp.2_3                             0x08002e70   Number         4  main.o(.text.main)
    Active_eventLoop.initEvt                 0x08002eb4   Data           2  uc_ao.o(.rodata.Active_eventLoop.initEvt)
    [Anonymous Symbol]                       0x08002eb4   Section        0  uc_ao.o(.rodata.Active_eventLoop.initEvt)
    App_TimeTickHook.buttonPressedEvt        0x08002eb6   Data           2  bsp.o(.rodata.App_TimeTickHook.buttonPressedEvt)
    [Anonymous Symbol]                       0x08002eb6   Section        0  bsp.o(.rodata.App_TimeTickHook.buttonPressedEvt)
    App_TimeTickHook.buttonReleasedEvt       0x08002eb8   Data           2  bsp.o(.rodata.App_TimeTickHook.buttonReleasedEvt)
    [Anonymous Symbol]                       0x08002eb8   Section        0  bsp.o(.rodata.App_TimeTickHook.buttonReleasedEvt)
    Q_this_module_                           0x0800302c   Data           6  uc_ao.o(.rodata.Q_this_module_)
    [Anonymous Symbol]                       0x0800302c   Section        0  uc_ao.o(.rodata.Q_this_module_)
    [Anonymous Symbol]                       0x08003032   Section        0  os_core.o(.rodata.str1.1)
    [Anonymous Symbol]                       0x08003050   Section        0  os_tmr.o(.rodata.str1.1)
    .bss                                     0x20000008   Section       96  libspace.o(.bss)
    App_TimeTickHook.buttons                 0x20000068   Data           8  bsp.o(.bss.App_TimeTickHook.buttons)
    [Anonymous Symbol]                       0x20000068   Section        0  bsp.o(.bss.App_TimeTickHook.buttons)
    OSTmrCtr                                 0x20001098   Data           2  os_cpu_c.o(.bss.OSTmrCtr)
    [Anonymous Symbol]                       0x20001098   Section        0  os_cpu_c.o(.bss.OSTmrCtr)
    blinkyButton                             0x2000176c   Data          36  main.o(.bss.blinkyButton)
    [Anonymous Symbol]                       0x2000176c   Section        0  main.o(.bss.blinkyButton)
    blinkyButton_queue                       0x20001790   Data          40  main.o(.bss.blinkyButton_queue)
    [Anonymous Symbol]                       0x20001790   Section        0  main.o(.bss.blinkyButton_queue)
    l_tevt                                   0x20001948   Data          40  uc_ao.o(.bss.l_tevt)
    [Anonymous Symbol]                       0x20001948   Section        0  uc_ao.o(.bss.l_tevt)
    l_tevtNum                                0x20001970   Data           4  uc_ao.o(.bss.l_tevtNum)
    [Anonymous Symbol]                       0x20001970   Section        0  uc_ao.o(.bss.l_tevtNum)
    __heap_base                              0x20001978   Data           0  startup_stm32c031xx.o(HEAP)
    __heap_limit                             0x20001978   Data           0  startup_stm32c031xx.o(HEAP)
    __stack_base                             0x20001978   Data           0  startup_stm32c031xx.o(STACK)
    HEAP                                     0x20001978   Section        0  startup_stm32c031xx.o(HEAP)
    STACK                                    0x20001978   Section     2048  startup_stm32c031xx.o(STACK)
    __initial_sp                             0x20002178   Data           0  startup_stm32c031xx.o(STACK)
    __stack_limit                            0x20002178   Data           0  startup_stm32c031xx.o(STACK)

    Global Symbols

    Symbol Name                              Value     Ov Type        Size  Object(Section)

    BuildAttributes$$THM_ISAv3M$S$PE$A:L22$X:L11$S22$IEEE1$IW$~IW$USESV6$~STKCKD$USESV7$~SHL$OSPACE$ROPI$EBA8$UX$STANDARDLIB$REQ8$PRES8$EABIv2 0x00000000   Number         0  anon$$obj.o ABSOLUTE
    __ARM_exceptions_init                     - Undefined Weak Reference
    __alloca_initialize                       - Undefined Weak Reference
    __arm_preinit_                            - Undefined Weak Reference
    __arm_relocate_pie_                       - Undefined Weak Reference
    __cpp_initialize__aeabi_                  - Undefined Weak Reference
    __cxa_finalize                            - Undefined Weak Reference
    __rt_locale                               - Undefined Weak Reference
    __sigvec_lookup                           - Undefined Weak Reference
    _atexit_init                              - Undefined Weak Reference
    _call_atexit_fns                          - Undefined Weak Reference
    _clock_init                               - Undefined Weak Reference
    _fp_trap_init                             - Undefined Weak Reference
    _fp_trap_shutdown                         - Undefined Weak Reference
    _get_lc_collate                           - Undefined Weak Reference
    _get_lc_ctype                             - Undefined Weak Reference
    _get_lc_monetary                          - Undefined Weak Reference
    _get_lc_numeric                           - Undefined Weak Reference
    _get_lc_time                              - Undefined Weak Reference
    _getenv_init                              - Undefined Weak Reference
    _handle_redirection                       - Undefined Weak Reference
    _init_alloc                               - Undefined Weak Reference
    _init_user_alloc                          - Undefined Weak Reference
    _initio                                   - Undefined Weak Reference
    _rand_init                                - Undefined Weak Reference
    _signal_finish                            - Undefined Weak Reference
    _signal_init                              - Undefined Weak Reference
    _terminate_alloc                          - Undefined Weak Reference
    _terminate_user_alloc                     - Undefined Weak Reference
    _terminateio                              - Undefined Weak Reference
    __Vectors_Size                           0x000000c0   Number         0  startup_stm32c031xx.o ABSOLUTE
    __Vectors                                0x08000000   Data           0  startup_stm32c031xx.o(RESET)
    __Vectors_End                            0x080000c0   Data           0  startup_stm32c031xx.o(RESET)
    __main                                   0x080000c1   Thumb Code     8  __main.o(!!!main)
    __scatterload                            0x080000c9   Thumb Code     0  __scatter.o(!!!scatter)
    __scatterload_rt2                        0x080000c9   Thumb Code    74  __scatter.o(!!!scatter)
    __scatterload_rt2_thumb_only             0x080000c9   Thumb Code     0  __scatter.o(!!!scatter)
    __scatterload_loop                       0x080000d3   Thumb Code     0  __scatter.o(!!!scatter)
    __scatterload_copy                       0x0800011d   Thumb Code    26  __scatter_copy.o(!!handler_copy)
    __scatterload_null                       0x08000139   Thumb Code     2  __scatter.o(!!handler_null)
    __scatterload_zeroinit                   0x0800013d   Thumb Code    28  __scatter_zi.o(!!handler_zi)
    __rt_lib_init                            0x08000159   Thumb Code     0  libinit.o(.ARM.Collect$$libinit$$00000000)
    __rt_lib_init_alloca_1                   0x0800015b   Thumb Code     0  libinit2.o(.ARM.Collect$$libinit$$00000030)
    __rt_lib_init_argv_1                     0x0800015b   Thumb Code     0  libinit2.o(.ARM.Collect$$libinit$$0000002E)
    __rt_lib_init_atexit_1                   0x0800015b   Thumb Code     0  libinit2.o(.ARM.Collect$$libinit$$0000001D)
    __rt_lib_init_clock_1                    0x0800015b   Thumb Code     0  libinit2.o(.ARM.Collect$$libinit$$00000023)
    __rt_lib_init_cpp_1                      0x0800015b   Thumb Code     0  libinit2.o(.ARM.Collect$$libinit$$00000034)
    __rt_lib_init_exceptions_1               0x0800015b   Thumb Code     0  libinit2.o(.ARM.Collect$$libinit$$00000032)
    __rt_lib_init_fp_1                       0x0800015b   Thumb Code     0  libinit2.o(.ARM.Collect$$libinit$$00000002)
    __rt_lib_init_fp_trap_1                  0x0800015b   Thumb Code     0  libinit2.o(.ARM.Collect$$libinit$$00000021)
    __rt_lib_init_getenv_1                   0x0800015b   Thumb Code     0  libinit2.o(.ARM.Collect$$libinit$$00000025)
    __rt_lib_init_heap_1                     0x0800015b   Thumb Code     0  libinit2.o(.ARM.Collect$$libinit$$0000000C)
    __rt_lib_init_lc_collate_1               0x0800015b   Thumb Code     0  libinit2.o(.ARM.Collect$$libinit$$00000013)
    __rt_lib_init_lc_ctype_1                 0x0800015b   Thumb Code     0  libinit2.o(.ARM.Collect$$libinit$$00000015)
    __rt_lib_init_lc_monetary_1              0x0800015b   Thumb Code     0  libinit2.o(.ARM.Collect$$libinit$$00000017)
    __rt_lib_init_lc_numeric_1               0x0800015b   Thumb Code     0  libinit2.o(.ARM.Collect$$libinit$$00000019)
    __rt_lib_init_lc_time_1                  0x0800015b   Thumb Code     0  libinit2.o(.ARM.Collect$$libinit$$0000001B)
    __rt_lib_init_preinit_1                  0x0800015b   Thumb Code     0  libinit2.o(.ARM.Collect$$libinit$$00000006)
    __rt_lib_init_rand_1                     0x0800015b   Thumb Code     0  libinit2.o(.ARM.Collect$$libinit$$00000010)
    __rt_lib_init_relocate_pie_1             0x0800015b   Thumb Code     0  libinit2.o(.ARM.Collect$$libinit$$00000004)
    __rt_lib_init_return                     0x0800015b   Thumb Code     0  libinit2.o(.ARM.Collect$$libinit$$00000035)
    __rt_lib_init_signal_1                   0x0800015b   Thumb Code     0  libinit2.o(.ARM.Collect$$libinit$$0000001F)
    __rt_lib_init_stdio_1                    0x0800015b   Thumb Code     0  libinit2.o(.ARM.Collect$$libinit$$00000027)
    __rt_lib_init_user_alloc_1               0x0800015b   Thumb Code     0  libinit2.o(.ARM.Collect$$libinit$$0000000E)
    __rt_lib_shutdown                        0x0800015d   Thumb Code     0  libshutdown.o(.ARM.Collect$$libshutdown$$00000000)
    __rt_lib_shutdown_cpp_1                  0x0800015f   Thumb Code     0  libshutdown2.o(.ARM.Collect$$libshutdown$$00000002)
    __rt_lib_shutdown_fp_trap_1              0x0800015f   Thumb Code     0  libshutdown2.o(.ARM.Collect$$libshutdown$$00000007)
    __rt_lib_shutdown_heap_1                 0x0800015f   Thumb Code     0  libshutdown2.o(.ARM.Collect$$libshutdown$$0000000F)
    __rt_lib_shutdown_return                 0x0800015f   Thumb Code     0  libshutdown2.o(.ARM.Collect$$libshutdown$$00000010)
    __rt_lib_shutdown_signal_1               0x0800015f   Thumb Code     0  libshutdown2.o(.ARM.Collect$$libshutdown$$0000000A)
    __rt_lib_shutdown_stdio_1                0x0800015f   Thumb Code     0  libshutdown2.o(.ARM.Collect$$libshutdown$$00000004)
    __rt_lib_shutdown_user_alloc_1           0x0800015f   Thumb Code     0  libshutdown2.o(.ARM.Collect$$libshutdown$$0000000C)
    __rt_entry                               0x08000161   Thumb Code     0  __rtentry.o(.ARM.Collect$$rtentry$$00000000)
    __rt_entry_presh_1                       0x08000161   Thumb Code     0  __rtentry2.o(.ARM.Collect$$rtentry$$00000002)
    __rt_entry_sh                            0x08000161   Thumb Code     0  __rtentry4.o(.ARM.Collect$$rtentry$$00000004)
    __rt_entry_li                            0x08000167   Thumb Code     0  __rtentry2.o(.ARM.Collect$$rtentry$$0000000A)
    __rt_entry_postsh_1                      0x08000167   Thumb Code     0  __rtentry2.o(.ARM.Collect$$rtentry$$00000009)
    __rt_entry_main                          0x0800016b   Thumb Code     0  __rtentry2.o(.ARM.Collect$$rtentry$$0000000D)
    __rt_entry_postli_1                      0x0800016b   Thumb Code     0  __rtentry2.o(.ARM.Collect$$rtentry$$0000000C)
    __rt_exit                                0x08000173   Thumb Code     0  rtexit.o(.ARM.Collect$$rtexit$$00000000)
    __rt_exit_ls                             0x08000175   Thumb Code     0  rtexit2.o(.ARM.Collect$$rtexit$$00000003)
    __rt_exit_prels_1                        0x08000175   Thumb Code     0  rtexit2.o(.ARM.Collect$$rtexit$$00000002)
    __rt_exit_exit                           0x08000179   Thumb Code     0  rtexit2.o(.ARM.Collect$$rtexit$$00000004)
    Reset_Handler                            0x08000181   Thumb Code    28  startup_stm32c031xx.o(.text)
    NMI_Handler                              0x0800019d   Thumb Code    20  startup_stm32c031xx.o(.text)
    HardFault_Handler                        0x080001b1   Thumb Code    24  startup_stm32c031xx.o(.text)
    SVC_Handler                              0x080001c9   Thumb Code    20  startup_stm32c031xx.o(.text)
    DebugMon_Handler                         0x080001dd   Thumb Code    24  startup_stm32c031xx.o(.text)
    ADC1_IRQHandler                          0x08000221   Thumb Code     0  startup_stm32c031xx.o(.text)
    DMA1_Channel1_IRQHandler                 0x08000221   Thumb Code     0  startup_stm32c031xx.o(.text)
    DMA1_Channel2_3_IRQHandler               0x08000221   Thumb Code     0  startup_stm32c031xx.o(.text)
    DMAMUX1_IRQHandler                       0x08000221   Thumb Code     0  startup_stm32c031xx.o(.text)
    EXTI0_1_IRQHandler                       0x08000221   Thumb Code     0  startup_stm32c031xx.o(.text)
    EXTI2_3_IRQHandler                       0x08000221   Thumb Code     0  startup_stm32c031xx.o(.text)
    EXTI4_15_IRQHandler                      0x08000221   Thumb Code     0  startup_stm32c031xx.o(.text)
    FLASH_IRQHandler                         0x08000221   Thumb Code     0  startup_stm32c031xx.o(.text)
    I2C1_IRQHandler                          0x08000221   Thumb Code     0  startup_stm32c031xx.o(.text)
    RCC_IRQHandler                           0x08000221   Thumb Code     0  startup_stm32c031xx.o(.text)
    RTC_IRQHandler                           0x08000221   Thumb Code     0  startup_stm32c031xx.o(.text)
    Reserved15_IRQHandler                    0x08000221   Thumb Code     0  startup_stm32c031xx.o(.text)
    Reserved17_IRQHandler                    0x08000221   Thumb Code     0  startup_stm32c031xx.o(.text)
    Reserved18_IRQHandler                    0x08000221   Thumb Code     0  startup_stm32c031xx.o(.text)
    Reserved1_IRQHandler                     0x08000221   Thumb Code     0  startup_stm32c031xx.o(.text)
    Reserved20_IRQHandler                    0x08000221   Thumb Code     0  startup_stm32c031xx.o(.text)
    Reserved24_IRQHandler                    0x08000221   Thumb Code     0  startup_stm32c031xx.o(.text)
    Reserved26_IRQHandler                    0x08000221   Thumb Code     0  startup_stm32c031xx.o(.text)
    Reserved29_IRQHandler                    0x08000221   Thumb Code     0  startup_stm32c031xx.o(.text)
    Reserved30_IRQHandler                    0x08000221   Thumb Code     0  startup_stm32c031xx.o(.text)
    Reserved31_IRQHandler                    0x08000221   Thumb Code     0  startup_stm32c031xx.o(.text)
    Reserved8_IRQHandler                     0x08000221   Thumb Code     0  startup_stm32c031xx.o(.text)
    SPI1_IRQHandler                          0x08000221   Thumb Code     0  startup_stm32c031xx.o(.text)
    TIM14_IRQHandler                         0x08000221   Thumb Code     0  startup_stm32c031xx.o(.text)
    TIM16_IRQHandler                         0x08000221   Thumb Code     0  startup_stm32c031xx.o(.text)
    TIM17_IRQHandler                         0x08000221   Thumb Code     0  startup_stm32c031xx.o(.text)
    TIM1_BRK_UP_TRG_COM_IRQHandler           0x08000221   Thumb Code     0  startup_stm32c031xx.o(.text)
    TIM1_CC_IRQHandler                       0x08000221   Thumb Code     0  startup_stm32c031xx.o(.text)
    TIM3_IRQHandler                          0x08000221   Thumb Code     0  startup_stm32c031xx.o(.text)
    USART1_IRQHandler                        0x08000221   Thumb Code     0  startup_stm32c031xx.o(.text)
    USART2_IRQHandler                        0x08000221   Thumb Code     0  startup_stm32c031xx.o(.text)
    WWDG_IRQHandler                          0x08000221   Thumb Code     0  startup_stm32c031xx.o(.text)
    __user_initial_stackheap                 0x08000239   Thumb Code    10  startup_stm32c031xx.o(.text)
    OS_CPU_SR_Save                           0x08000285   Thumb Code     0  os_cpu_a.o(.text)
    OS_CPU_SR_Restore                        0x0800028d   Thumb Code     0  os_cpu_a.o(.text)
    OSStartHighRdy                           0x08000293   Thumb Code     0  os_cpu_a.o(.text)
    OSCtxSw                                  0x080002bb   Thumb Code     0  os_cpu_a.o(.text)
    OSIntCtxSw                               0x080002c3   Thumb Code     0  os_cpu_a.o(.text)
    PendSV_Handler                           0x080002cb   Thumb Code     0  os_cpu_a.o(.text)
    __aeabi_uidiv                            0x08000349   Thumb Code     0  aeabi_sdiv.o(.text)
    __aeabi_uidivmod                         0x08000349   Thumb Code    20  aeabi_sdiv.o(.text)
    __aeabi_idiv                             0x0800035d   Thumb Code     0  aeabi_sdiv.o(.text)
    __aeabi_idivmod                          0x0800035d   Thumb Code   338  aeabi_sdiv.o(.text)
    __use_two_region_memory                  0x080004b5   Thumb Code     2  heapauxi.o(.text)
    __rt_heap_escrow$2region                 0x080004b7   Thumb Code     2  heapauxi.o(.text)
    __rt_heap_expand$2region                 0x080004b9   Thumb Code     2  heapauxi.o(.text)
    __user_setup_stackheap                   0x080004bb   Thumb Code    62  sys_stackheap_outer.o(.text)
    exit                                     0x080004f9   Thumb Code    16  exit.o(.text)
    __user_libspace                          0x08000509   Thumb Code     8  libspace.o(.text)
    __user_perproc_libspace                  0x08000509   Thumb Code     0  libspace.o(.text)
    __user_perthread_libspace                0x08000509   Thumb Code     0  libspace.o(.text)
    _sys_exit                                0x08000511   Thumb Code     8  sys_exit.o(.text)
    __I$use$semihosting                      0x0800051d   Thumb Code     0  use_no_semi.o(.text)
    __use_no_semihosting_swi                 0x0800051d   Thumb Code     2  use_no_semi.o(.text)
    Active_ctor                              0x0800051f   Thumb Code    16  uc_ao.o(.text.Active_ctor)
    __semihosting_library_function           0x0800051f   Thumb Code     0  indicate_semi.o(.text)
    Active_post                              0x08000579   Thumb Code    22  uc_ao.o(.text.Active_post)
    Active_start                             0x08000591   Thumb Code   188  uc_ao.o(.text.Active_start)
    App_TCBInitHook                          0x08000655   Thumb Code     8  bsp.o(.text.App_TCBInitHook)
    App_TaskCreateHook                       0x0800065d   Thumb Code     8  bsp.o(.text.App_TaskCreateHook)
    App_TaskDelHook                          0x08000665   Thumb Code     8  bsp.o(.text.App_TaskDelHook)
    App_TaskIdleHook                         0x0800066d   Thumb Code     2  bsp.o(.text.App_TaskIdleHook)
    App_TaskReturnHook                       0x0800066f   Thumb Code     8  bsp.o(.text.App_TaskReturnHook)
    App_TaskStatHook                         0x08000677   Thumb Code     2  bsp.o(.text.App_TaskStatHook)
    App_TaskSwHook                           0x08000679   Thumb Code     2  bsp.o(.text.App_TaskSwHook)
    App_TimeTickHook                         0x0800067d   Thumb Code   116  bsp.o(.text.App_TimeTickHook)
    BSP_init                                 0x08000705   Thumb Code   112  bsp.o(.text.BSP_init)
    BSP_ledBlueOff                           0x08000799   Thumb Code     2  bsp.o(.text.BSP_ledBlueOff)
    BSP_ledBlueOn                            0x0800079b   Thumb Code     2  bsp.o(.text.BSP_ledBlueOn)
    BSP_ledGreenOff                          0x0800079d   Thumb Code    12  bsp.o(.text.BSP_ledGreenOff)
    BSP_ledGreenOn                           0x080007a9   Thumb Code     8  bsp.o(.text.BSP_ledGreenOn)
    BSP_start                                0x080007b5   Thumb Code    32  bsp.o(.text.BSP_start)
    BlinkyButton_ctor                        0x080007d9   Thumb Code    44  main.o(.text.BlinkyButton_ctor)
    OSDebugInit                              0x080008ad   Thumb Code   236  os_dbg.o(.text.OSDebugInit)
    OSEventNameSet                           0x08000a7d   Thumb Code   124  os_core.o(.text.OSEventNameSet)
    OSInit                                   0x08000af9   Thumb Code    56  os_core.o(.text.OSInit)
    OSInitHookBegin                          0x08000b31   Thumb Code    68  os_cpu_c.o(.text.OSInitHookBegin)
    OSInitHookEnd                            0x08000b81   Thumb Code     2  os_cpu_c.o(.text.OSInitHookEnd)
    OSIntEnter                               0x08000b85   Thumb Code    36  os_core.o(.text.OSIntEnter)
    OSIntExit                                0x08000ba9   Thumb Code   148  os_core.o(.text.OSIntExit)
    OSQCreate                                0x08000c55   Thumb Code   240  os_q.o(.text.OSQCreate)
    OSQPend                                  0x08000d51   Thumb Code   376  os_q.o(.text.OSQPend)
    OSQPost                                  0x08000ed5   Thumb Code   202  os_q.o(.text.OSQPost)
    OSSchedLock                              0x08000fa1   Thumb Code    76  os_core.o(.text.OSSchedLock)
    OSSchedUnlock                            0x08000ff1   Thumb Code   128  os_core.o(.text.OSSchedUnlock)
    OSSemCreate                              0x08001075   Thumb Code   124  os_sem.o(.text.OSSemCreate)
    OSSemPend                                0x080010fd   Thumb Code   292  os_sem.o(.text.OSSemPend)
    OSSemPost                                0x0800122d   Thumb Code   164  os_sem.o(.text.OSSemPost)
    OSStart                                  0x080012d5   Thumb Code    52  os_core.o(.text.OSStart)
    OSTCBInitHook                            0x0800131d   Thumb Code    16  os_cpu_c.o(.text.OSTCBInitHook)
    OSTaskCreateExt                          0x0800132d   Thumb Code   292  os_task.o(.text.OSTaskCreateExt)
    OSTaskCreateHook                         0x08001455   Thumb Code    16  os_cpu_c.o(.text.OSTaskCreateHook)
    OSTaskDel                                0x08001465   Thumb Code   480  os_task.o(.text.OSTaskDel)
    OSTaskDelHook                            0x0800166d   Thumb Code    16  os_cpu_c.o(.text.OSTaskDelHook)
    OSTaskIdleHook                           0x0800167d   Thumb Code     8  os_cpu_c.o(.text.OSTaskIdleHook)
    OSTaskNameSet                            0x08001685   Thumb Code   208  os_task.o(.text.OSTaskNameSet)
    OSTaskReturnHook                         0x0800175d   Thumb Code    16  os_cpu_c.o(.text.OSTaskReturnHook)
    OSTaskStatHook                           0x0800176d   Thumb Code     8  os_cpu_c.o(.text.OSTaskStatHook)
    OSTaskStkChk                             0x08001775   Thumb Code   280  os_task.o(.text.OSTaskStkChk)
    OSTaskStkInit                            0x08001895   Thumb Code   208  os_cpu_c.o(.text.OSTaskStkInit)
    OSTaskSuspend                            0x08001999   Thumb Code   308  os_task.o(.text.OSTaskSuspend)
    OSTaskSwHook                             0x08001ad5   Thumb Code     8  os_cpu_c.o(.text.OSTaskSwHook)
    OSTimeDly                                0x08001add   Thumb Code   136  os_time.o(.text.OSTimeDly)
    OSTimeTick                               0x08001b71   Thumb Code   312  os_core.o(.text.OSTimeTick)
    OSTimeTickHook                           0x08001cc1   Thumb Code    36  os_cpu_c.o(.text.OSTimeTickHook)
    OSTmrSignal                              0x08001ce9   Thumb Code    24  os_tmr.o(.text.OSTmrSignal)
    OSTmr_Init                               0x08001d01   Thumb Code   232  os_tmr.o(.text.OSTmr_Init)
    OS_Dummy                                 0x08002045   Thumb Code     2  os_core.o(.text.OS_Dummy)
    OS_EventTaskRdy                          0x08002049   Thumb Code   160  os_core.o(.text.OS_EventTaskRdy)
    OS_EventTaskRemove                       0x080020f1   Thumb Code    74  os_core.o(.text.OS_EventTaskRemove)
    OS_EventTaskWait                         0x0800213d   Thumb Code   104  os_core.o(.text.OS_EventTaskWait)
    OS_EventWaitListInit                     0x080021a5   Thumb Code    54  os_core.o(.text.OS_EventWaitListInit)
    OS_FlagInit                              0x080021dd   Thumb Code   124  os_flag.o(.text.OS_FlagInit)
    OS_FlagUnlink                            0x08002261   Thumb Code    94  os_flag.o(.text.OS_FlagUnlink)
    OS_MemClr                                0x08002511   Thumb Code    44  os_core.o(.text.OS_MemClr)
    OS_MemInit                               0x0800253d   Thumb Code   112  os_mem.o(.text.OS_MemInit)
    OS_QInit                                 0x080025b9   Thumb Code   112  os_q.o(.text.OS_QInit)
    OS_Sched                                 0x08002631   Thumb Code   112  os_core.o(.text.OS_Sched)
    OS_TCBInit                               0x080026ed   Thumb Code   448  os_core.o(.text.OS_TCBInit)
    OS_TaskIdle                              0x080028c9   Thumb Code    48  os_core.o(.text.OS_TaskIdle)
    OS_TaskReturn                            0x080028f9   Thumb Code    20  os_task.o(.text.OS_TaskReturn)
    OS_TaskStat                              0x08002911   Thumb Code   244  os_core.o(.text.OS_TaskStat)
    OS_TaskStatStkChk                        0x08002a19   Thumb Code   116  os_core.o(.text.OS_TaskStatStkChk)
    OS_TaskStkClr                            0x08002a91   Thumb Code    68  os_task.o(.text.OS_TaskStkClr)
    Q_onAssert                               0x08002ad5   Thumb Code    16  bsp.o(.text.Q_onAssert)
    SysTick_Handler                          0x08002b39   Thumb Code    40  os_cpu_c.o(.text.SysTick_Handler)
    SystemCoreClockUpdate                    0x08002b61   Thumb Code   256  system_stm32c0xx.o(.text.SystemCoreClockUpdate)
    SystemInit                               0x08002c75   Thumb Code    12  system_stm32c0xx.o(.text.SystemInit)
    TimeEvent_arm                            0x08002c85   Thumb Code    46  uc_ao.o(.text.TimeEvent_arm)
    TimeEvent_ctor                           0x08002cb5   Thumb Code    96  uc_ao.o(.text.TimeEvent_ctor)
    TimeEvent_tick                           0x08002d15   Thumb Code   108  uc_ao.o(.text.TimeEvent_tick)
    assert_failed                            0x08002e11   Thumb Code    14  bsp.o(.text.assert_failed)
    main                                     0x08002e21   Thumb Code    68  main.o(.text.main)
    AHBPrescTable                            0x08002e74   Data          64  system_stm32c0xx.o(.rodata.AHBPrescTable)
    OSDataSize                               0x08002eba   Data           2  os_dbg.o(.rodata.OSDataSize)
    OSDebugEn                                0x08002ebc   Data           2  os_dbg.o(.rodata.OSDebugEn)
    OSEndiannessTest                         0x08002ec0   Data           4  os_dbg.o(.rodata.OSEndiannessTest)
    OSEventEn                                0x08002ec4   Data           2  os_dbg.o(.rodata.OSEventEn)
    OSEventMax                               0x08002ec6   Data           2  os_dbg.o(.rodata.OSEventMax)
    OSEventMultiEn                           0x08002ec8   Data           2  os_dbg.o(.rodata.OSEventMultiEn)
    OSEventNameEn                            0x08002eca   Data           2  os_dbg.o(.rodata.OSEventNameEn)
    OSEventSize                              0x08002ecc   Data           2  os_dbg.o(.rodata.OSEventSize)
    OSEventTblSize                           0x08002ece   Data           2  os_dbg.o(.rodata.OSEventTblSize)
    OSFlagEn                                 0x08002ed0   Data           2  os_dbg.o(.rodata.OSFlagEn)
    OSFlagGrpSize                            0x08002ed2   Data           2  os_dbg.o(.rodata.OSFlagGrpSize)
    OSFlagMax                                0x08002ed4   Data           2  os_dbg.o(.rodata.OSFlagMax)
    OSFlagNameEn                             0x08002ed6   Data           2  os_dbg.o(.rodata.OSFlagNameEn)
    OSFlagNodeSize                           0x08002ed8   Data           2  os_dbg.o(.rodata.OSFlagNodeSize)
    OSFlagWidth                              0x08002eda   Data           2  os_dbg.o(.rodata.OSFlagWidth)
    OSLowestPrio                             0x08002edc   Data           2  os_dbg.o(.rodata.OSLowestPrio)
    OSMboxEn                                 0x08002ede   Data           2  os_dbg.o(.rodata.OSMboxEn)
    OSMemEn                                  0x08002ee0   Data           2  os_dbg.o(.rodata.OSMemEn)
    OSMemMax                                 0x08002ee2   Data           2  os_dbg.o(.rodata.OSMemMax)
    OSMemNameEn                              0x08002ee4   Data           2  os_dbg.o(.rodata.OSMemNameEn)
    OSMemSize                                0x08002ee6   Data           2  os_dbg.o(.rodata.OSMemSize)
    OSMemTblSize                             0x08002ee8   Data           2  os_dbg.o(.rodata.OSMemTblSize)
    OSMutexEn                                0x08002eea   Data           2  os_dbg.o(.rodata.OSMutexEn)
    OSPtrSize                                0x08002eec   Data           2  os_dbg.o(.rodata.OSPtrSize)
    OSQEn                                    0x08002eee   Data           2  os_dbg.o(.rodata.OSQEn)
    OSQMax                                   0x08002ef0   Data           2  os_dbg.o(.rodata.OSQMax)
    OSQSize                                  0x08002ef2   Data           2  os_dbg.o(.rodata.OSQSize)
    OSRdyTblSize                             0x08002ef4   Data           2  os_dbg.o(.rodata.OSRdyTblSize)
    OSSemEn                                  0x08002ef6   Data           2  os_dbg.o(.rodata.OSSemEn)
    OSStkWidth                               0x08002ef8   Data           2  os_dbg.o(.rodata.OSStkWidth)
    OSTCBPrioTblMax                          0x08002efa   Data           2  os_dbg.o(.rodata.OSTCBPrioTblMax)
    OSTCBSize                                0x08002efc   Data           2  os_dbg.o(.rodata.OSTCBSize)
    OSTaskCreateEn                           0x08002efe   Data           2  os_dbg.o(.rodata.OSTaskCreateEn)
    OSTaskCreateExtEn                        0x08002f00   Data           2  os_dbg.o(.rodata.OSTaskCreateExtEn)
    OSTaskDelEn                              0x08002f02   Data           2  os_dbg.o(.rodata.OSTaskDelEn)
    OSTaskIdleStkSize                        0x08002f04   Data           2  os_dbg.o(.rodata.OSTaskIdleStkSize)
    OSTaskMax                                0x08002f06   Data           2  os_dbg.o(.rodata.OSTaskMax)
    OSTaskNameEn                             0x08002f08   Data           2  os_dbg.o(.rodata.OSTaskNameEn)
    OSTaskProfileEn                          0x08002f0a   Data           2  os_dbg.o(.rodata.OSTaskProfileEn)
    OSTaskStatEn                             0x08002f0c   Data           2  os_dbg.o(.rodata.OSTaskStatEn)
    OSTaskStatStkChkEn                       0x08002f0e   Data           2  os_dbg.o(.rodata.OSTaskStatStkChkEn)
    OSTaskStatStkSize                        0x08002f10   Data           2  os_dbg.o(.rodata.OSTaskStatStkSize)
    OSTaskSwHookEn                           0x08002f12   Data           2  os_dbg.o(.rodata.OSTaskSwHookEn)
    OSTicksPerSec                            0x08002f14   Data           2  os_dbg.o(.rodata.OSTicksPerSec)
    OSTimeTickHookEn                         0x08002f16   Data           2  os_dbg.o(.rodata.OSTimeTickHookEn)
    OSTmrCfgMax                              0x08002f18   Data           2  os_dbg.o(.rodata.OSTmrCfgMax)
    OSTmrCfgNameEn                           0x08002f1a   Data           2  os_dbg.o(.rodata.OSTmrCfgNameEn)
    OSTmrCfgTicksPerSec                      0x08002f1c   Data           2  os_dbg.o(.rodata.OSTmrCfgTicksPerSec)
    OSTmrCfgWheelSize                        0x08002f1e   Data           2  os_dbg.o(.rodata.OSTmrCfgWheelSize)
    OSTmrEn                                  0x08002f20   Data           2  os_dbg.o(.rodata.OSTmrEn)
    OSTmrSize                                0x08002f22   Data           2  os_dbg.o(.rodata.OSTmrSize)
    OSTmrTblSize                             0x08002f24   Data           2  os_dbg.o(.rodata.OSTmrTblSize)
    OSTmrWheelSize                           0x08002f26   Data           2  os_dbg.o(.rodata.OSTmrWheelSize)
    OSTmrWheelTblSize                        0x08002f28   Data           2  os_dbg.o(.rodata.OSTmrWheelTblSize)
    OSUnMapTbl                               0x08002f2a   Data         256  os_core.o(.rodata.OSUnMapTbl)
    OSVersionNbr                             0x0800302a   Data           2  os_dbg.o(.rodata.OSVersionNbr)
    Region$$Table$$Base                      0x08003084   Number         0  anon$$obj.o(Region$$Table)
    Region$$Table$$Limit                     0x080030a4   Number         0  anon$$obj.o(Region$$Table)
    AO_BlinkyButton                          0x20000000   Data           4  main.o(.data.AO_BlinkyButton)
    SystemCoreClock                          0x20000004   Data           4  system_stm32c0xx.o(.data.SystemCoreClock)
    __libspace_start                         0x20000008   Data          96  libspace.o(.bss)
    __temporary_stack_top$libspace           0x20000068   Data           0  libspace.o(.bss)
    OSCPUUsage                               0x20000070   Data           1  os_core.o(.bss.OSCPUUsage)
    OSCtxSwCtr                               0x20000074   Data           4  os_core.o(.bss.OSCtxSwCtr)
    OSEventFreeList                          0x20000078   Data           4  os_core.o(.bss.OSEventFreeList)
    OSEventTbl                               0x2000007c   Data         240  os_core.o(.bss.OSEventTbl)
    OSFlagFreeList                           0x2000016c   Data           4  os_core.o(.bss.OSFlagFreeList)
    OSFlagTbl                                0x20000170   Data          80  os_core.o(.bss.OSFlagTbl)
    OSIdleCtr                                0x200001c0   Data           4  os_core.o(.bss.OSIdleCtr)
    OSIdleCtrMax                             0x200001c4   Data           4  os_core.o(.bss.OSIdleCtrMax)
    OSIdleCtrRun                             0x200001c8   Data           4  os_core.o(.bss.OSIdleCtrRun)
    OSIntNesting                             0x200001cc   Data           1  os_core.o(.bss.OSIntNesting)
    OSLockNesting                            0x200001cd   Data           1  os_core.o(.bss.OSLockNesting)
    OSMemFreeList                            0x200001d0   Data           4  os_core.o(.bss.OSMemFreeList)
    OSMemTbl                                 0x200001d4   Data         120  os_core.o(.bss.OSMemTbl)
    OSPrioCur                                0x2000024c   Data           1  os_core.o(.bss.OSPrioCur)
    OSPrioHighRdy                            0x2000024d   Data           1  os_core.o(.bss.OSPrioHighRdy)
    OSQFreeList                              0x20000250   Data           4  os_core.o(.bss.OSQFreeList)
    OSQTbl                                   0x20000254   Data         480  os_core.o(.bss.OSQTbl)
    OSRdyGrp                                 0x20000434   Data           1  os_core.o(.bss.OSRdyGrp)
    OSRdyTbl                                 0x20000435   Data           8  os_core.o(.bss.OSRdyTbl)
    OSRunning                                0x2000043d   Data           1  os_core.o(.bss.OSRunning)
    OSStatRdy                                0x2000043e   Data           1  os_core.o(.bss.OSStatRdy)
    OSTCBCur                                 0x20000440   Data           4  os_core.o(.bss.OSTCBCur)
    OSTCBFreeList                            0x20000444   Data           4  os_core.o(.bss.OSTCBFreeList)
    OSTCBHighRdy                             0x20000448   Data           4  os_core.o(.bss.OSTCBHighRdy)
    OSTCBList                                0x2000044c   Data           4  os_core.o(.bss.OSTCBList)
    OSTCBPrioTbl                             0x20000450   Data         256  os_core.o(.bss.OSTCBPrioTbl)
    OSTCBTbl                                 0x20000550   Data        1848  os_core.o(.bss.OSTCBTbl)
    OSTaskCtr                                0x20000c88   Data           1  os_core.o(.bss.OSTaskCtr)
    OSTaskIdleStk                            0x20000c8c   Data         512  os_core.o(.bss.OSTaskIdleStk)
    OSTaskRegNextAvailID                     0x20000e8c   Data           1  os_core.o(.bss.OSTaskRegNextAvailID)
    OSTaskStatStk                            0x20000e90   Data         512  os_core.o(.bss.OSTaskStatStk)
    OSTickStepState                          0x20001090   Data           1  os_core.o(.bss.OSTickStepState)
    OSTime                                   0x20001094   Data           4  os_core.o(.bss.OSTime)
    OSTmrFree                                0x2000109a   Data           2  os_core.o(.bss.OSTmrFree)
    OSTmrFreeList                            0x2000109c   Data           4  os_core.o(.bss.OSTmrFreeList)
    OSTmrSem                                 0x200010a0   Data           4  os_core.o(.bss.OSTmrSem)
    OSTmrSemSignal                           0x200010a4   Data           4  os_core.o(.bss.OSTmrSemSignal)
    OSTmrTaskStk                             0x200010a8   Data         512  os_core.o(.bss.OSTmrTaskStk)
    OSTmrTbl                                 0x200012a8   Data         640  os_core.o(.bss.OSTmrTbl)
    OSTmrTime                                0x20001528   Data           4  os_core.o(.bss.OSTmrTime)
    OSTmrUsed                                0x2000152c   Data           2  os_core.o(.bss.OSTmrUsed)
    OSTmrWheelTbl                            0x20001530   Data          56  os_core.o(.bss.OSTmrWheelTbl)
    OS_CPU_ExceptStk                         0x20001568   Data         512  os_cpu_c.o(.bss.OS_CPU_ExceptStk)
    OS_CPU_ExceptStkBase                     0x20001768   Data           4  os_cpu_c.o(.bss.OS_CPU_ExceptStkBase)
    blinkyButton_stack                       0x200017b8   Data         400  main.o(.bss.blinkyButton_stack)



==============================================================================

Memory Map of the image

  Image Entry point : 0x080000c1

  Load Region LR_IROM1 (Base: 0x08000000, Size: 0x000030b0, Max: 0x00008000, ABSOLUTE)

    Execution Region ER_IROM1 (Exec base: 0x08000000, Load base: 0x08000000, Size: 0x000030a4, Max: 0x00008000, ABSOLUTE)

    Exec Addr    Load Addr    Size         Type   Attr      Idx    E Section Name        Object

    0x08000000   0x08000000   0x000000c0   Data   RO          112    RESET               startup_stm32c031xx.o
    0x080000c0   0x080000c0   0x00000008   Code   RO          594  * !!!main             c_p.l(__main.o)
    0x080000c8   0x080000c8   0x00000054   Code   RO          771    !!!scatter          c_p.l(__scatter.o)
    0x0800011c   0x0800011c   0x0000001a   Code   RO          775    !!handler_copy      c_p.l(__scatter_copy.o)
    0x08000136   0x08000136   0x00000002   PAD
    0x08000138   0x08000138   0x00000002   Code   RO          772    !!handler_null      c_p.l(__scatter.o)
    0x0800013a   0x0800013a   0x00000002   PAD
    0x0800013c   0x0800013c   0x0000001c   Code   RO          777    !!handler_zi        c_p.l(__scatter_zi.o)
    0x08000158   0x08000158   0x00000002   Code   RO          632    .ARM.Collect$$libinit$$00000000  c_p.l(libinit.o)
    0x0800015a   0x0800015a   0x00000000   Code   RO          646    .ARM.Collect$$libinit$$00000002  c_p.l(libinit2.o)
    0x0800015a   0x0800015a   0x00000000   Code   RO          648    .ARM.Collect$$libinit$$00000004  c_p.l(libinit2.o)
    0x0800015a   0x0800015a   0x00000000   Code   RO          650    .ARM.Collect$$libinit$$00000006  c_p.l(libinit2.o)
    0x0800015a   0x0800015a   0x00000000   Code   RO          653    .ARM.Collect$$libinit$$0000000C  c_p.l(libinit2.o)
    0x0800015a   0x0800015a   0x00000000   Code   RO          655    .ARM.Collect$$libinit$$0000000E  c_p.l(libinit2.o)
    0x0800015a   0x0800015a   0x00000000   Code   RO          657    .ARM.Collect$$libinit$$00000010  c_p.l(libinit2.o)
    0x0800015a   0x0800015a   0x00000000   Code   RO          660    .ARM.Collect$$libinit$$00000013  c_p.l(libinit2.o)
    0x0800015a   0x0800015a   0x00000000   Code   RO          662    .ARM.Collect$$libinit$$00000015  c_p.l(libinit2.o)
    0x0800015a   0x0800015a   0x00000000   Code   RO          664    .ARM.Collect$$libinit$$00000017  c_p.l(libinit2.o)
    0x0800015a   0x0800015a   0x00000000   Code   RO          666    .ARM.Collect$$libinit$$00000019  c_p.l(libinit2.o)
    0x0800015a   0x0800015a   0x00000000   Code   RO          668    .ARM.Collect$$libinit$$0000001B  c_p.l(libinit2.o)
    0x0800015a   0x0800015a   0x00000000   Code   RO          670    .ARM.Collect$$libinit$$0000001D  c_p.l(libinit2.o)
    0x0800015a   0x0800015a   0x00000000   Code   RO          672    .ARM.Collect$$libinit$$0000001F  c_p.l(libinit2.o)
    0x0800015a   0x0800015a   0x00000000   Code   RO          674    .ARM.Collect$$libinit$$00000021  c_p.l(libinit2.o)
    0x0800015a   0x0800015a   0x00000000   Code   RO          676    .ARM.Collect$$libinit$$00000023  c_p.l(libinit2.o)
    0x0800015a   0x0800015a   0x00000000   Code   RO          678    .ARM.Collect$$libinit$$00000025  c_p.l(libinit2.o)
    0x0800015a   0x0800015a   0x00000000   Code   RO          680    .ARM.Collect$$libinit$$00000027  c_p.l(libinit2.o)
    0x0800015a   0x0800015a   0x00000000   Code   RO          684    .ARM.Collect$$libinit$$0000002E  c_p.l(libinit2.o)
    0x0800015a   0x0800015a   0x00000000   Code   RO          686    .ARM.Collect$$libinit$$00000030  c_p.l(libinit2.o)
    0x0800015a   0x0800015a   0x00000000   Code   RO          688    .ARM.Collect$$libinit$$00000032  c_p.l(libinit2.o)
    0x0800015a   0x0800015a   0x00000000   Code   RO          690    .ARM.Collect$$libinit$$00000034  c_p.l(libinit2.o)
    0x0800015a   0x0800015a   0x00000002   Code   RO          691    .ARM.Collect$$libinit$$00000035  c_p.l(libinit2.o)
    0x0800015c   0x0800015c   0x00000002   Code   RO          726    .ARM.Collect$$libshutdown$$00000000  c_p.l(libshutdown.o)
    0x0800015e   0x0800015e   0x00000000   Code   RO          754    .ARM.Collect$$libshutdown$$00000002  c_p.l(libshutdown2.o)
    0x0800015e   0x0800015e   0x00000000   Code   RO          756    .ARM.Collect$$libshutdown$$00000004  c_p.l(libshutdown2.o)
    0x0800015e   0x0800015e   0x00000000   Code   RO          759    .ARM.Collect$$libshutdown$$00000007  c_p.l(libshutdown2.o)
    0x0800015e   0x0800015e   0x00000000   Code   RO          762    .ARM.Collect$$libshutdown$$0000000A  c_p.l(libshutdown2.o)
    0x0800015e   0x0800015e   0x00000000   Code   RO          764    .ARM.Collect$$libshutdown$$0000000C  c_p.l(libshutdown2.o)
    0x0800015e   0x0800015e   0x00000000   Code   RO          767    .ARM.Collect$$libshutdown$$0000000F  c_p.l(libshutdown2.o)
    0x0800015e   0x0800015e   0x00000002   Code   RO          768    .ARM.Collect$$libshutdown$$00000010  c_p.l(libshutdown2.o)
    0x08000160   0x08000160   0x00000000   Code   RO          596    .ARM.Collect$$rtentry$$00000000  c_p.l(__rtentry.o)
    0x08000160   0x08000160   0x00000000   Code   RO          602    .ARM.Collect$$rtentry$$00000002  c_p.l(__rtentry2.o)
    0x08000160   0x08000160   0x00000006   Code   RO          614    .ARM.Collect$$rtentry$$00000004  c_p.l(__rtentry4.o)
    0x08000166   0x08000166   0x00000000   Code   RO          604    .ARM.Collect$$rtentry$$00000009  c_p.l(__rtentry2.o)
    0x08000166   0x08000166   0x00000004   Code   RO          605    .ARM.Collect$$rtentry$$0000000A  c_p.l(__rtentry2.o)
    0x0800016a   0x0800016a   0x00000000   Code   RO          607    .ARM.Collect$$rtentry$$0000000C  c_p.l(__rtentry2.o)
    0x0800016a   0x0800016a   0x00000008   Code   RO          608    .ARM.Collect$$rtentry$$0000000D  c_p.l(__rtentry2.o)
    0x08000172   0x08000172   0x00000002   Code   RO          637    .ARM.Collect$$rtexit$$00000000  c_p.l(rtexit.o)
    0x08000174   0x08000174   0x00000000   Code   RO          697    .ARM.Collect$$rtexit$$00000002  c_p.l(rtexit2.o)
    0x08000174   0x08000174   0x00000004   Code   RO          698    .ARM.Collect$$rtexit$$00000003  c_p.l(rtexit2.o)
    0x08000178   0x08000178   0x00000006   Code   RO          699    .ARM.Collect$$rtexit$$00000004  c_p.l(rtexit2.o)
    0x0800017e   0x0800017e   0x00000002   PAD
    0x08000180   0x08000180   0x00000104   Code   RO          113    .text               startup_stm32c031xx.o
    0x08000284   0x08000284   0x000000c4   Code   RO          481    .text               os_cpu_a.o
    0x08000348   0x08000348   0x0000016c   Code   RO          588    .text               c_p.l(aeabi_sdiv.o)
    0x080004b4   0x080004b4   0x00000006   Code   RO          592    .text               c_p.l(heapauxi.o)
    0x080004ba   0x080004ba   0x0000003e   Code   RO          618    .text               c_p.l(sys_stackheap_outer.o)
    0x080004f8   0x080004f8   0x00000010   Code   RO          621    .text               c_p.l(exit.o)
    0x08000508   0x08000508   0x00000008   Code   RO          633    .text               c_p.l(libspace.o)
    0x08000510   0x08000510   0x0000000c   Code   RO          692    .text               c_p.l(sys_exit.o)
    0x0800051c   0x0800051c   0x00000002   Code   RO          715    .text               c_p.l(use_no_semi.o)
    0x0800051e   0x0800051e   0x00000000   Code   RO          717    .text               c_p.l(indicate_semi.o)
    0x0800051e   0x0800051e   0x00000010   Code   RO           70    .text.Active_ctor   uc_ao.o
    0x0800052e   0x0800052e   0x00000002   PAD
    0x08000530   0x08000530   0x00000048   Code   RO           74    .text.Active_eventLoop  uc_ao.o
    0x08000578   0x08000578   0x00000016   Code   RO           76    .text.Active_post   uc_ao.o
    0x0800058e   0x0800058e   0x00000002   PAD
    0x08000590   0x08000590   0x000000c4   Code   RO           72    .text.Active_start  uc_ao.o
    0x08000654   0x08000654   0x00000008   Code   RO           34    .text.App_TCBInitHook  bsp.o
    0x0800065c   0x0800065c   0x00000008   Code   RO           24    .text.App_TaskCreateHook  bsp.o
    0x08000664   0x08000664   0x00000008   Code   RO           26    .text.App_TaskDelHook  bsp.o
    0x0800066c   0x0800066c   0x00000002   Code   RO           22    .text.App_TaskIdleHook  bsp.o
    0x0800066e   0x0800066e   0x00000008   Code   RO           28    .text.App_TaskReturnHook  bsp.o
    0x08000676   0x08000676   0x00000002   Code   RO           30    .text.App_TaskStatHook  bsp.o
    0x08000678   0x08000678   0x00000002   Code   RO           32    .text.App_TaskSwHook  bsp.o
    0x0800067a   0x0800067a   0x00000002   PAD
    0x0800067c   0x0800067c   0x00000088   Code   RO           20    .text.App_TimeTickHook  bsp.o
    0x08000704   0x08000704   0x00000094   Code   RO           36    .text.BSP_init      bsp.o
    0x08000798   0x08000798   0x00000002   Code   RO           50    .text.BSP_ledBlueOff  bsp.o
    0x0800079a   0x0800079a   0x00000002   Code   RO           48    .text.BSP_ledBlueOn  bsp.o
    0x0800079c   0x0800079c   0x0000000c   Code   RO           54    .text.BSP_ledGreenOff  bsp.o
    0x080007a8   0x080007a8   0x0000000c   Code   RO           52    .text.BSP_ledGreenOn  bsp.o
    0x080007b4   0x080007b4   0x00000024   Code   RO           38    .text.BSP_start     bsp.o
    0x080007d8   0x080007d8   0x00000030   Code   RO            2    .text.BlinkyButton_ctor  main.o
    0x08000808   0x08000808   0x000000a2   Code   RO            4    .text.BlinkyButton_dispatch  main.o
    0x080008aa   0x080008aa   0x00000002   PAD
    0x080008ac   0x080008ac   0x000001d0   Code   RO          485    .text.OSDebugInit   os_dbg.o
    0x08000a7c   0x08000a7c   0x0000007c   Code   RO          124    .text.OSEventNameSet  os_core.o
    0x08000af8   0x08000af8   0x00000038   Code   RO          126    .text.OSInit        os_core.o
    0x08000b30   0x08000b30   0x00000050   Code   RO          549    .text.OSInitHookBegin  os_cpu_c.o
    0x08000b80   0x08000b80   0x00000002   Code   RO          551    .text.OSInitHookEnd  os_cpu_c.o
    0x08000b82   0x08000b82   0x00000002   PAD
    0x08000b84   0x08000b84   0x00000024   Code   RO          140    .text.OSIntEnter    os_core.o
    0x08000ba8   0x08000ba8   0x000000ac   Code   RO          142    .text.OSIntExit     os_core.o
    0x08000c54   0x08000c54   0x000000fc   Code   RO          337    .text.OSQCreate     os_q.o
    0x08000d50   0x08000d50   0x00000184   Code   RO          343    .text.OSQPend       os_q.o
    0x08000ed4   0x08000ed4   0x000000ca   Code   RO          347    .text.OSQPost       os_q.o
    0x08000f9e   0x08000f9e   0x00000002   PAD
    0x08000fa0   0x08000fa0   0x00000050   Code   RO          146    .text.OSSchedLock   os_core.o
    0x08000ff0   0x08000ff0   0x00000084   Code   RO          148    .text.OSSchedUnlock  os_core.o
    0x08001074   0x08001074   0x00000088   Code   RO          367    .text.OSSemCreate   os_sem.o
    0x080010fc   0x080010fc   0x00000130   Code   RO          371    .text.OSSemPend     os_sem.o
    0x0800122c   0x0800122c   0x000000a8   Code   RO          375    .text.OSSemPost     os_sem.o
    0x080012d4   0x080012d4   0x00000048   Code   RO          152    .text.OSStart       os_core.o
    0x0800131c   0x0800131c   0x00000010   Code   RO          567    .text.OSTCBInitHook  os_cpu_c.o
    0x0800132c   0x0800132c   0x00000128   Code   RO          391    .text.OSTaskCreateExt  os_task.o
    0x08001454   0x08001454   0x00000010   Code   RO          553    .text.OSTaskCreateHook  os_cpu_c.o
    0x08001464   0x08001464   0x00000208   Code   RO          395    .text.OSTaskDel     os_task.o
    0x0800166c   0x0800166c   0x00000010   Code   RO          555    .text.OSTaskDelHook  os_cpu_c.o
    0x0800167c   0x0800167c   0x00000008   Code   RO          557    .text.OSTaskIdleHook  os_cpu_c.o
    0x08001684   0x08001684   0x000000d8   Code   RO          401    .text.OSTaskNameSet  os_task.o
    0x0800175c   0x0800175c   0x00000010   Code   RO          559    .text.OSTaskReturnHook  os_cpu_c.o
    0x0800176c   0x0800176c   0x00000008   Code   RO          561    .text.OSTaskStatHook  os_cpu_c.o
    0x08001774   0x08001774   0x00000120   Code   RO          405    .text.OSTaskStkChk  os_task.o
    0x08001894   0x08001894   0x00000104   Code   RO          563    .text.OSTaskStkInit  os_cpu_c.o
    0x08001998   0x08001998   0x0000013c   Code   RO          407    .text.OSTaskSuspend  os_task.o
    0x08001ad4   0x08001ad4   0x00000008   Code   RO          565    .text.OSTaskSwHook  os_cpu_c.o
    0x08001adc   0x08001adc   0x00000094   Code   RO          427    .text.OSTimeDly     os_time.o
    0x08001b70   0x08001b70   0x00000150   Code   RO          156    .text.OSTimeTick    os_core.o
    0x08001cc0   0x08001cc0   0x00000028   Code   RO          569    .text.OSTimeTickHook  os_cpu_c.o
    0x08001ce8   0x08001ce8   0x00000018   Code   RO          466    .text.OSTmrSignal   os_tmr.o
    0x08001d00   0x08001d00   0x00000108   Code   RO          468    .text.OSTmr_Init    os_tmr.o
    0x08001e08   0x08001e08   0x00000048   Code   RO          470    .text.OSTmr_InitTask  os_tmr.o
    0x08001e50   0x08001e50   0x000000b4   Code   RO          462    .text.OSTmr_Link    os_tmr.o
    0x08001f04   0x08001f04   0x000000b0   Code   RO          472    .text.OSTmr_Task    os_tmr.o
    0x08001fb4   0x08001fb4   0x00000090   Code   RO          450    .text.OSTmr_Unlink  os_tmr.o
    0x08002044   0x08002044   0x00000002   Code   RO          160    .text.OS_Dummy      os_core.o
    0x08002046   0x08002046   0x00000002   PAD
    0x08002048   0x08002048   0x000000a8   Code   RO          162    .text.OS_EventTaskRdy  os_core.o
    0x080020f0   0x080020f0   0x0000004a   Code   RO          164    .text.OS_EventTaskRemove  os_core.o
    0x0800213a   0x0800213a   0x00000002   PAD
    0x0800213c   0x0800213c   0x00000068   Code   RO          166    .text.OS_EventTaskWait  os_core.o
    0x080021a4   0x080021a4   0x00000036   Code   RO          168    .text.OS_EventWaitListInit  os_core.o
    0x080021da   0x080021da   0x00000002   PAD
    0x080021dc   0x080021dc   0x00000084   Code   RO          257    .text.OS_FlagInit   os_flag.o
    0x08002260   0x08002260   0x0000005e   Code   RO          249    .text.OS_FlagUnlink  os_flag.o
    0x080022be   0x080022be   0x00000002   PAD
    0x080022c0   0x080022c0   0x0000008c   Code   RO          134    .text.OS_InitEventList  os_core.o
    0x0800234c   0x0800234c   0x00000050   Code   RO          128    .text.OS_InitMisc   os_core.o
    0x0800239c   0x0800239c   0x00000050   Code   RO          130    .text.OS_InitRdyList  os_core.o
    0x080023ec   0x080023ec   0x00000094   Code   RO          132    .text.OS_InitTCBList  os_core.o
    0x08002480   0x08002480   0x00000048   Code   RO          136    .text.OS_InitTaskIdle  os_core.o
    0x080024c8   0x080024c8   0x00000048   Code   RO          138    .text.OS_InitTaskStat  os_core.o
    0x08002510   0x08002510   0x0000002c   Code   RO          170    .text.OS_MemClr     os_core.o
    0x0800253c   0x0800253c   0x0000007c   Code   RO          303    .text.OS_MemInit    os_mem.o
    0x080025b8   0x080025b8   0x00000078   Code   RO          355    .text.OS_QInit      os_q.o
    0x08002630   0x08002630   0x00000088   Code   RO          150    .text.OS_Sched      os_core.o
    0x080026b8   0x080026b8   0x00000034   Code   RO          144    .text.OS_SchedNew   os_core.o
    0x080026ec   0x080026ec   0x000001dc   Code   RO          180    .text.OS_TCBInit    os_core.o
    0x080028c8   0x080028c8   0x00000030   Code   RO          174    .text.OS_TaskIdle   os_core.o
    0x080028f8   0x080028f8   0x00000018   Code   RO          417    .text.OS_TaskReturn  os_task.o
    0x08002910   0x08002910   0x00000108   Code   RO          176    .text.OS_TaskStat   os_core.o
    0x08002a18   0x08002a18   0x00000078   Code   RO          178    .text.OS_TaskStatStkChk  os_core.o
    0x08002a90   0x08002a90   0x00000044   Code   RO          393    .text.OS_TaskStkClr  os_task.o
    0x08002ad4   0x08002ad4   0x00000014   Code   RO           56    .text.Q_onAssert    bsp.o
    0x08002ae8   0x08002ae8   0x00000050   Code   RO           40    .text.SysTick_Config  bsp.o
    0x08002b38   0x08002b38   0x00000028   Code   RO          571    .text.SysTick_Handler  os_cpu_c.o
    0x08002b60   0x08002b60   0x00000114   Code   RO           99    .text.SystemCoreClockUpdate  system_stm32c0xx.o
    0x08002c74   0x08002c74   0x00000010   Code   RO           97    .text.SystemInit    system_stm32c0xx.o
    0x08002c84   0x08002c84   0x0000002e   Code   RO           80    .text.TimeEvent_arm  uc_ao.o
    0x08002cb2   0x08002cb2   0x00000002   PAD
    0x08002cb4   0x08002cb4   0x00000060   Code   RO           78    .text.TimeEvent_ctor  uc_ao.o
    0x08002d14   0x08002d14   0x00000078   Code   RO           84    .text.TimeEvent_tick  uc_ao.o
    0x08002d8c   0x08002d8c   0x00000084   Code   RO           42    .text.__NVIC_SetPriority  bsp.o
    0x08002e10   0x08002e10   0x0000000e   Code   RO           58    .text.assert_failed  bsp.o
    0x08002e1e   0x08002e1e   0x00000002   PAD
    0x08002e20   0x08002e20   0x00000054   Code   RO            6    .text.main          main.o
    0x08002e74   0x08002e74   0x00000040   Data   RO          102    .rodata.AHBPrescTable  system_stm32c0xx.o
    0x08002eb4   0x08002eb4   0x00000002   Data   RO           89    .rodata.Active_eventLoop.initEvt  uc_ao.o
    0x08002eb6   0x08002eb6   0x00000002   Data   RO           61    .rodata.App_TimeTickHook.buttonPressedEvt  bsp.o
    0x08002eb8   0x08002eb8   0x00000002   Data   RO           62    .rodata.App_TimeTickHook.buttonReleasedEvt  bsp.o
    0x08002eba   0x08002eba   0x00000002   Data   RO          542    .rodata.OSDataSize  os_dbg.o
    0x08002ebc   0x08002ebc   0x00000002   Data   RO          487    .rodata.OSDebugEn   os_dbg.o
    0x08002ebe   0x08002ebe   0x00000002   PAD
    0x08002ec0   0x08002ec0   0x00000004   Data   RO          488    .rodata.OSEndiannessTest  os_dbg.o
    0x08002ec4   0x08002ec4   0x00000002   Data   RO          489    .rodata.OSEventEn   os_dbg.o
    0x08002ec6   0x08002ec6   0x00000002   Data   RO          490    .rodata.OSEventMax  os_dbg.o
    0x08002ec8   0x08002ec8   0x00000002   Data   RO          494    .rodata.OSEventMultiEn  os_dbg.o
    0x08002eca   0x08002eca   0x00000002   Data   RO          491    .rodata.OSEventNameEn  os_dbg.o
    0x08002ecc   0x08002ecc   0x00000002   Data   RO          492    .rodata.OSEventSize  os_dbg.o
    0x08002ece   0x08002ece   0x00000002   Data   RO          493    .rodata.OSEventTblSize  os_dbg.o
    0x08002ed0   0x08002ed0   0x00000002   Data   RO          495    .rodata.OSFlagEn    os_dbg.o
    0x08002ed2   0x08002ed2   0x00000002   Data   RO          496    .rodata.OSFlagGrpSize  os_dbg.o
    0x08002ed4   0x08002ed4   0x00000002   Data   RO          499    .rodata.OSFlagMax   os_dbg.o
    0x08002ed6   0x08002ed6   0x00000002   Data   RO          500    .rodata.OSFlagNameEn  os_dbg.o
    0x08002ed8   0x08002ed8   0x00000002   Data   RO          497    .rodata.OSFlagNodeSize  os_dbg.o
    0x08002eda   0x08002eda   0x00000002   Data   RO          498    .rodata.OSFlagWidth  os_dbg.o
    0x08002edc   0x08002edc   0x00000002   Data   RO          501    .rodata.OSLowestPrio  os_dbg.o
    0x08002ede   0x08002ede   0x00000002   Data   RO          502    .rodata.OSMboxEn    os_dbg.o
    0x08002ee0   0x08002ee0   0x00000002   Data   RO          503    .rodata.OSMemEn     os_dbg.o
    0x08002ee2   0x08002ee2   0x00000002   Data   RO          504    .rodata.OSMemMax    os_dbg.o
    0x08002ee4   0x08002ee4   0x00000002   Data   RO          505    .rodata.OSMemNameEn  os_dbg.o
    0x08002ee6   0x08002ee6   0x00000002   Data   RO          506    .rodata.OSMemSize   os_dbg.o
    0x08002ee8   0x08002ee8   0x00000002   Data   RO          507    .rodata.OSMemTblSize  os_dbg.o
    0x08002eea   0x08002eea   0x00000002   Data   RO          508    .rodata.OSMutexEn   os_dbg.o
    0x08002eec   0x08002eec   0x00000002   Data   RO          509    .rodata.OSPtrSize   os_dbg.o
    0x08002eee   0x08002eee   0x00000002   Data   RO          510    .rodata.OSQEn       os_dbg.o
    0x08002ef0   0x08002ef0   0x00000002   Data   RO          511    .rodata.OSQMax      os_dbg.o
    0x08002ef2   0x08002ef2   0x00000002   Data   RO          512    .rodata.OSQSize     os_dbg.o
    0x08002ef4   0x08002ef4   0x00000002   Data   RO          513    .rodata.OSRdyTblSize  os_dbg.o
    0x08002ef6   0x08002ef6   0x00000002   Data   RO          514    .rodata.OSSemEn     os_dbg.o
    0x08002ef8   0x08002ef8   0x00000002   Data   RO          515    .rodata.OSStkWidth  os_dbg.o
    0x08002efa   0x08002efa   0x00000002   Data   RO          528    .rodata.OSTCBPrioTblMax  os_dbg.o
    0x08002efc   0x08002efc   0x00000002   Data   RO          529    .rodata.OSTCBSize   os_dbg.o
    0x08002efe   0x08002efe   0x00000002   Data   RO          516    .rodata.OSTaskCreateEn  os_dbg.o
    0x08002f00   0x08002f00   0x00000002   Data   RO          517    .rodata.OSTaskCreateExtEn  os_dbg.o
    0x08002f02   0x08002f02   0x00000002   Data   RO          518    .rodata.OSTaskDelEn  os_dbg.o
    0x08002f04   0x08002f04   0x00000002   Data   RO          519    .rodata.OSTaskIdleStkSize  os_dbg.o
    0x08002f06   0x08002f06   0x00000002   Data   RO          521    .rodata.OSTaskMax   os_dbg.o
    0x08002f08   0x08002f08   0x00000002   Data   RO          522    .rodata.OSTaskNameEn  os_dbg.o
    0x08002f0a   0x08002f0a   0x00000002   Data   RO          520    .rodata.OSTaskProfileEn  os_dbg.o
    0x08002f0c   0x08002f0c   0x00000002   Data   RO          523    .rodata.OSTaskStatEn  os_dbg.o
    0x08002f0e   0x08002f0e   0x00000002   Data   RO          525    .rodata.OSTaskStatStkChkEn  os_dbg.o
    0x08002f10   0x08002f10   0x00000002   Data   RO          524    .rodata.OSTaskStatStkSize  os_dbg.o
    0x08002f12   0x08002f12   0x00000002   Data   RO          526    .rodata.OSTaskSwHookEn  os_dbg.o
    0x08002f14   0x08002f14   0x00000002   Data   RO          530    .rodata.OSTicksPerSec  os_dbg.o
    0x08002f16   0x08002f16   0x00000002   Data   RO          531    .rodata.OSTimeTickHookEn  os_dbg.o
    0x08002f18   0x08002f18   0x00000002   Data   RO          534    .rodata.OSTmrCfgMax  os_dbg.o
    0x08002f1a   0x08002f1a   0x00000002   Data   RO          535    .rodata.OSTmrCfgNameEn  os_dbg.o
    0x08002f1c   0x08002f1c   0x00000002   Data   RO          537    .rodata.OSTmrCfgTicksPerSec  os_dbg.o
    0x08002f1e   0x08002f1e   0x00000002   Data   RO          536    .rodata.OSTmrCfgWheelSize  os_dbg.o
    0x08002f20   0x08002f20   0x00000002   Data   RO          533    .rodata.OSTmrEn     os_dbg.o
    0x08002f22   0x08002f22   0x00000002   Data   RO          538    .rodata.OSTmrSize   os_dbg.o
    0x08002f24   0x08002f24   0x00000002   Data   RO          539    .rodata.OSTmrTblSize  os_dbg.o
    0x08002f26   0x08002f26   0x00000002   Data   RO          540    .rodata.OSTmrWheelSize  os_dbg.o
    0x08002f28   0x08002f28   0x00000002   Data   RO          541    .rodata.OSTmrWheelTblSize  os_dbg.o
    0x08002f2a   0x08002f2a   0x00000100   Data   RO          182    .rodata.OSUnMapTbl  os_core.o
    0x0800302a   0x0800302a   0x00000002   Data   RO          532    .rodata.OSVersionNbr  os_dbg.o
    0x0800302c   0x0800302c   0x00000006   Data   RO           86    .rodata.Q_this_module_  uc_ao.o
    0x08003032   0x08003032   0x0000001e   Data   RO          203    .rodata.str1.1      os_core.o
    0x08003050   0x08003050   0x00000031   Data   RO          474    .rodata.str1.1      os_tmr.o
    0x08003081   0x08003081   0x00000003   PAD
    0x08003084   0x08003084   0x00000020   Data   RO          770    Region$$Table       anon$$obj.o


    Execution Region RW_IRAM1 (Exec base: 0x20000000, Load base: 0x080030a8, Size: 0x00002178, Max: 0x00003000, ABSOLUTE)

    Exec Addr    Load Addr    Size         Type   Attr      Idx    E Section Name        Object

    0x20000000   0x080030a8   0x00000004   Data   RW            9    .data.AO_BlinkyButton  main.o
    0x20000004   0x080030ac   0x00000004   Data   RW          101    .data.SystemCoreClock  system_stm32c0xx.o
    0x20000008        -       0x00000060   Zero   RW          634    .bss                c_p.l(libspace.o)
    0x20000068        -       0x00000008   Zero   RW           60    .bss.App_TimeTickHook.buttons  bsp.o
    0x20000070        -       0x00000001   Zero   RW          200    .bss.OSCPUUsage     os_core.o
    0x20000071   0x080030b0   0x00000003   PAD
    0x20000074        -       0x00000004   Zero   RW          190    .bss.OSCtxSwCtr     os_core.o
    0x20000078        -       0x00000004   Zero   RW          205    .bss.OSEventFreeList  os_core.o
    0x2000007c        -       0x000000f0   Zero   RW          206    .bss.OSEventTbl     os_core.o
    0x2000016c        -       0x00000004   Zero   RW          208    .bss.OSFlagFreeList  os_core.o
    0x20000170        -       0x00000050   Zero   RW          207    .bss.OSFlagTbl      os_core.o
    0x200001c0        -       0x00000004   Zero   RW          192    .bss.OSIdleCtr      os_core.o
    0x200001c4        -       0x00000004   Zero   RW          193    .bss.OSIdleCtrMax   os_core.o
    0x200001c8        -       0x00000004   Zero   RW          201    .bss.OSIdleCtrRun   os_core.o
    0x200001cc        -       0x00000001   Zero   RW          183    .bss.OSIntNesting   os_core.o
    0x200001cd        -       0x00000001   Zero   RW          185    .bss.OSLockNesting  os_core.o
    0x200001ce   0x080030b0   0x00000002   PAD
    0x200001d0        -       0x00000004   Zero   RW          212    .bss.OSMemFreeList  os_core.o
    0x200001d4        -       0x00000078   Zero   RW          213    .bss.OSMemTbl       os_core.o
    0x2000024c        -       0x00000001   Zero   RW          189    .bss.OSPrioCur      os_core.o
    0x2000024d        -       0x00000001   Zero   RW          187    .bss.OSPrioHighRdy  os_core.o
    0x2000024e   0x080030b0   0x00000002   PAD
    0x20000250        -       0x00000004   Zero   RW          214    .bss.OSQFreeList    os_core.o
    0x20000254        -       0x000001e0   Zero   RW          215    .bss.OSQTbl         os_core.o
    0x20000434        -       0x00000001   Zero   RW          198    .bss.OSRdyGrp       os_core.o
    0x20000435        -       0x00000008   Zero   RW          199    .bss.OSRdyTbl       os_core.o
    0x2000043d        -       0x00000001   Zero   RW          184    .bss.OSRunning      os_core.o
    0x2000043e        -       0x00000001   Zero   RW          194    .bss.OSStatRdy      os_core.o
    0x2000043f   0x080030b0   0x00000001   PAD
    0x20000440        -       0x00000004   Zero   RW          191    .bss.OSTCBCur       os_core.o
    0x20000444        -       0x00000004   Zero   RW          202    .bss.OSTCBFreeList  os_core.o
    0x20000448        -       0x00000004   Zero   RW          188    .bss.OSTCBHighRdy   os_core.o
    0x2000044c        -       0x00000004   Zero   RW          197    .bss.OSTCBList      os_core.o
    0x20000450        -       0x00000100   Zero   RW          186    .bss.OSTCBPrioTbl   os_core.o
    0x20000550        -       0x00000738   Zero   RW          211    .bss.OSTCBTbl       os_core.o
    0x20000c88        -       0x00000001   Zero   RW          204    .bss.OSTaskCtr      os_core.o
    0x20000c89   0x080030b0   0x00000003   PAD
    0x20000c8c        -       0x00000200   Zero   RW          210    .bss.OSTaskIdleStk  os_core.o
    0x20000e8c        -       0x00000001   Zero   RW          216    .bss.OSTaskRegNextAvailID  os_core.o
    0x20000e8d   0x080030b0   0x00000003   PAD
    0x20000e90        -       0x00000200   Zero   RW          209    .bss.OSTaskStatStk  os_core.o
    0x20001090        -       0x00000001   Zero   RW          196    .bss.OSTickStepState  os_core.o
    0x20001091   0x080030b0   0x00000003   PAD
    0x20001094        -       0x00000004   Zero   RW          195    .bss.OSTime         os_core.o
    0x20001098        -       0x00000002   Zero   RW          579    .bss.OSTmrCtr       os_cpu_c.o
    0x2000109a        -       0x00000002   Zero   RW          217    .bss.OSTmrFree      os_core.o
    0x2000109c        -       0x00000004   Zero   RW          223    .bss.OSTmrFreeList  os_core.o
    0x200010a0        -       0x00000004   Zero   RW          220    .bss.OSTmrSem       os_core.o
    0x200010a4        -       0x00000004   Zero   RW          221    .bss.OSTmrSemSignal  os_core.o
    0x200010a8        -       0x00000200   Zero   RW          224    .bss.OSTmrTaskStk   os_core.o
    0x200012a8        -       0x00000280   Zero   RW          222    .bss.OSTmrTbl       os_core.o
    0x20001528        -       0x00000004   Zero   RW          219    .bss.OSTmrTime      os_core.o
    0x2000152c        -       0x00000002   Zero   RW          218    .bss.OSTmrUsed      os_core.o
    0x2000152e   0x080030b0   0x00000002   PAD
    0x20001530        -       0x00000038   Zero   RW          225    .bss.OSTmrWheelTbl  os_core.o
    0x20001568        -       0x00000200   Zero   RW          577    .bss.OS_CPU_ExceptStk  os_cpu_c.o
    0x20001768        -       0x00000004   Zero   RW          578    .bss.OS_CPU_ExceptStkBase  os_cpu_c.o
    0x2000176c        -       0x00000024   Zero   RW            8    .bss.blinkyButton   main.o
    0x20001790        -       0x00000028   Zero   RW           10    .bss.blinkyButton_queue  main.o
    0x200017b8        -       0x00000190   Zero   RW           11    .bss.blinkyButton_stack  main.o
    0x20001948        -       0x00000028   Zero   RW           88    .bss.l_tevt         uc_ao.o
    0x20001970        -       0x00000004   Zero   RW           87    .bss.l_tevtNum      uc_ao.o
    0x20001974   0x080030b0   0x00000004   PAD
    0x20001978        -       0x00000000   Zero   RW          111    HEAP                startup_stm32c031xx.o
    0x20001978        -       0x00000800   Zero   RW          110    STACK               startup_stm32c031xx.o


==============================================================================

Image component sizes


      Code (inc. data)   RO Data    RW Data    ZI Data      Debug   Object Name

       632         88          4          0          8       6695   bsp.o
       294         36          0          4        476       2497   main.o
      3142        272        286          0       5347      11456   os_core.o
       196         42          0          0          0        396   os_cpu_a.o
       510         68          0          0        518       4210   os_cpu_c.o
       464        228        112          0          0       2361   os_dbg.o
       226          8          0          0          0       8088   os_flag.o
       124         12          0          0          0       3342   os_mem.o
       962         32          0          0          0       5813   os_q.o
       608         28          0          0          0       3872   os_sem.o
      1728         72          0          0          0       7778   os_task.o
       148         12          0          0          0       3324   os_time.o
       860         60         49          0          0       7205   os_tmr.o
       260        130        192          0       2048        940   startup_stm32c031xx.o
       292        156         64          4          0       1896   system_stm32c0xx.o
       568         24          8          0         44       3360   uc_ao.o

    ----------------------------------------------------------------------
     11038       1268        752          8       8464      73233   Object Totals
         0          0         32          0          0          0   (incl. Generated)
        24          0          5          0         23          0   (incl. Padding)

    ----------------------------------------------------------------------

      Code (inc. data)   RO Data    RW Data    ZI Data      Debug   Library Member Name

         8          0          0          0          0         68   __main.o
         0          0          0          0          0          0   __rtentry.o
        12          0          0          0          0          0   __rtentry2.o
         6          0          0          0          0          0   __rtentry4.o
        86         10          0          0          0          0   __scatter.o
        26          0          0          0          0          0   __scatter_copy.o
        28          0          0          0          0          0   __scatter_zi.o
       364          4          0          0          0         92   aeabi_sdiv.o
        16          0          0          0          0         68   exit.o
         6          0          0          0          0        136   heapauxi.o
         0          0          0          0          0          0   indicate_semi.o
         2          0          0          0          0          0   libinit.o
         2          0          0          0          0          0   libinit2.o
         2          0          0          0          0          0   libshutdown.o
         2          0          0          0          0          0   libshutdown2.o
         8          4          0          0         96         68   libspace.o
         2          0          0          0          0          0   rtexit.o
        10          0          0          0          0          0   rtexit2.o
        12          4          0          0          0         60   sys_exit.o
        62          0          0          0          0         80   sys_stackheap_outer.o
         2          0          0          0          0         68   use_no_semi.o

    ----------------------------------------------------------------------
       662         22          0          0         96        640   Library Totals
         6          0          0          0          0          0   (incl. Padding)

    ----------------------------------------------------------------------

      Code (inc. data)   RO Data    RW Data    ZI Data      Debug   Library Name

       656         22          0          0         96        640   c_p.l

    ----------------------------------------------------------------------
       662         22          0          0         96        640   Library Totals

    ----------------------------------------------------------------------

==============================================================================


      Code (inc. data)   RO Data    RW Data    ZI Data      Debug   

     11700       1290        752          8       8560      73537   Grand Totals
     11700       1290        752          8       8560      73537   ELF Image Totals
     11700       1290        752          8          0          0   ROM Totals

==============================================================================

    Total RO  Size (Code + RO Data)                12452 (  12.16kB)
    Total RW  Size (RW Data + ZI Data)              8568 (   8.37kB)
    Total ROM Size (Code + RO Data + RW Data)      12460 (  12.17kB)

==============================================================================

