Component: Arm Compiler for Embedded 6.22 Tool: armlink [5ee90200]

==============================================================================

Section Cross References

    bsp.o(.ARM.exidx.text.assert_failed) refers to bsp.o(.text.assert_failed) for [Anonymous Symbol]
    bsp.o(.text._Z15SysTick_Handlerv) refers to qf_time.o(.text.QTimeEvt_tick_) for QTimeEvt_tick_
    bsp.o(.text._Z15SysTick_Handlerv) refers to qxk.o(.text.QXK_sched_) for QXK_sched_
    bsp.o(.ARM.exidx.text._Z15SysTick_Handlerv) refers to bsp.o(.text._Z15SysTick_Handlerv) for [Anonymous Symbol]
    bsp.o(.text._Z19EXTI4_15_IRQHandlerv) refers to qxk_sema.o(.text.QXSemaphore_signal) for QXSemaphore_signal
    bsp.o(.text._Z19EXTI4_15_IRQHandlerv) refers to qxk.o(.text.QXK_sched_) for QXK_sched_
    bsp.o(.text._Z19EXTI4_15_IRQHandlerv) refers to main.o(.bss.B1_sema) for B1_sema
    bsp.o(.ARM.exidx.text._Z19EXTI4_15_IRQHandlerv) refers to bsp.o(.text._Z19EXTI4_15_IRQHandlerv) for [Anonymous Symbol]
    bsp.o(.ARM.exidx.text._Z8BSP_initv) refers to bsp.o(.text._Z8BSP_initv) for [Anonymous Symbol]
    bsp.o(.text._Z11BSP_tickCtrv) refers to bsp.o(.bss._ZL9l_tickCtr) for [Anonymous Symbol]
    bsp.o(.ARM.exidx.text._Z11BSP_tickCtrv) refers to bsp.o(.text._Z11BSP_tickCtrv) for [Anonymous Symbol]
    bsp.o(.text._Z9BSP_delayj) refers to bsp.o(.text._Z11BSP_tickCtrv) for BSP_tickCtr()
    bsp.o(.ARM.exidx.text._Z9BSP_delayj) refers to bsp.o(.text._Z9BSP_delayj) for [Anonymous Symbol]
    bsp.o(.ARM.exidx.text._Z14BSP_greenLedOnv) refers to bsp.o(.text._Z14BSP_greenLedOnv) for [Anonymous Symbol]
    bsp.o(.ARM.exidx.text._Z15BSP_greenLedOffv) refers to bsp.o(.text._Z15BSP_greenLedOffv) for [Anonymous Symbol]
    bsp.o(.ARM.exidx.text._Z13BSP_blueLedOnv) refers to bsp.o(.text._Z13BSP_blueLedOnv) for [Anonymous Symbol]
    bsp.o(.ARM.exidx.text._Z14BSP_blueLedOffv) refers to bsp.o(.text._Z14BSP_blueLedOffv) for [Anonymous Symbol]
    bsp.o(.text.QF_onStartup) refers to system_stm32c0xx.o(.text.SystemCoreClockUpdate) for SystemCoreClockUpdate
    bsp.o(.text.QF_onStartup) refers to aeabi_sdiv.o(.text) for __aeabi_uidiv
    bsp.o(.text.QF_onStartup) refers to bsp.o(.text._ZL14SysTick_Configj) for SysTick_Config(unsigned int)
    bsp.o(.text.QF_onStartup) refers to bsp.o(.text._ZL18__NVIC_SetPriority9IRQn_Typej) for __NVIC_SetPriority(IRQn_Type, unsigned int)
    bsp.o(.text.QF_onStartup) refers to bsp.o(.text._ZL16__NVIC_EnableIRQ9IRQn_Type) for __NVIC_EnableIRQ(IRQn_Type)
    bsp.o(.text.QF_onStartup) refers to system_stm32c0xx.o(.data.SystemCoreClock) for SystemCoreClock
    bsp.o(.ARM.exidx.text.QF_onStartup) refers to bsp.o(.text.QF_onStartup) for [Anonymous Symbol]
    bsp.o(.text._ZL14SysTick_Configj) refers to bsp.o(.text._ZL18__NVIC_SetPriority9IRQn_Typej) for __NVIC_SetPriority(IRQn_Type, unsigned int)
    bsp.o(.ARM.exidx.text._ZL14SysTick_Configj) refers to bsp.o(.text._ZL14SysTick_Configj) for [Anonymous Symbol]
    bsp.o(.ARM.exidx.text._ZL18__NVIC_SetPriority9IRQn_Typej) refers to bsp.o(.text._ZL18__NVIC_SetPriority9IRQn_Typej) for [Anonymous Symbol]
    bsp.o(.ARM.exidx.text._ZL16__NVIC_EnableIRQ9IRQn_Type) refers to bsp.o(.text._ZL16__NVIC_EnableIRQ9IRQn_Type) for [Anonymous Symbol]
    bsp.o(.ARM.exidx.text.QF_onCleanup) refers to bsp.o(.text.QF_onCleanup) for [Anonymous Symbol]
    bsp.o(.ARM.exidx.text.QXK_onIdle) refers to bsp.o(.text.QXK_onIdle) for [Anonymous Symbol]
    bsp.o(.text.Q_onError) refers to bsp.o(.text._ZL18__NVIC_SystemResetv) for __NVIC_SystemReset()
    bsp.o(.ARM.exidx.text.Q_onError) refers to bsp.o(.text.Q_onError) for [Anonymous Symbol]
    bsp.o(.ARM.exidx.text._ZL18__NVIC_SystemResetv) refers to bsp.o(.text._ZL18__NVIC_SystemResetv) for [Anonymous Symbol]
    main.o(.text._Z12main_blinky1P8QXThread) refers to bsp.o(.text._Z14BSP_greenLedOnv) for BSP_greenLedOn()
    main.o(.text._Z12main_blinky1P8QXThread) refers to bsp.o(.text._Z15BSP_greenLedOffv) for BSP_greenLedOff()
    main.o(.text._Z12main_blinky1P8QXThread) refers to qxk_xthr.o(.text.QXThread_delay) for QXThread_delay
    main.o(.ARM.exidx.text._Z12main_blinky1P8QXThread) refers to main.o(.text._Z12main_blinky1P8QXThread) for [Anonymous Symbol]
    main.o(.text._Z12main_blinky2P8QXThread) refers to qxk_sema.o(.text.QXSemaphore_wait) for QXSemaphore_wait
    main.o(.text._Z12main_blinky2P8QXThread) refers to bsp.o(.text._Z14BSP_greenLedOnv) for BSP_greenLedOn()
    main.o(.text._Z12main_blinky2P8QXThread) refers to bsp.o(.text._Z15BSP_greenLedOffv) for BSP_greenLedOff()
    main.o(.text._Z12main_blinky2P8QXThread) refers to main.o(.bss.B1_sema) for B1_sema
    main.o(.ARM.exidx.text._Z12main_blinky2P8QXThread) refers to main.o(.text._Z12main_blinky2P8QXThread) for [Anonymous Symbol]
    main.o(.text._Z12main_blinky3P8QXThread) refers to bsp.o(.text._Z14BSP_greenLedOnv) for BSP_greenLedOn()
[...]
    .constdata                               0x08004688   Section      148  bigflt0.o(.constdata)
    tenpwrs_i                                0x080046c4   Data          64  bigflt0.o(.constdata)
    QActive_ctor.vtable                      0x0800475c   Data           8  qf_qact.o(.rodata.QActive_ctor.vtable)
    [Anonymous Symbol]                       0x0800475c   Section        0  qf_qact.o(.rodata.QActive_ctor.vtable)
    QF_init.idle_ao                          0x08004774   Data          40  qxk.o(.rodata.QF_init.idle_ao)
    [Anonymous Symbol]                       0x08004774   Section        0  qxk.o(.rodata.QF_init.idle_ao)
    QHsm_ctor.vtable                         0x0800479c   Data           8  qep_hsm.o(.rodata.QHsm_ctor.vtable)
    [Anonymous Symbol]                       0x0800479c   Section        0  qep_hsm.o(.rodata.QHsm_ctor.vtable)
    Q_this_module_                           0x080047a4   Data           8  qf_actq.o(.rodata.Q_this_module_)
    [Anonymous Symbol]                       0x080047a4   Section        0  qf_actq.o(.rodata.Q_this_module_)
    Q_this_module_                           0x080047ac   Data           7  qf_dyn.o(.rodata.Q_this_module_)
    [Anonymous Symbol]                       0x080047ac   Section        0  qf_dyn.o(.rodata.Q_this_module_)
    Q_this_module_                           0x080047b3   Data           7  qf_mem.o(.rodata.Q_this_module_)
    [Anonymous Symbol]                       0x080047b3   Section        0  qf_mem.o(.rodata.Q_this_module_)
    Q_this_module_                           0x080047ba   Data           8  qf_qact.o(.rodata.Q_this_module_)
    [Anonymous Symbol]                       0x080047ba   Section        0  qf_qact.o(.rodata.Q_this_module_)
    Q_this_module_                           0x080047c2   Data           8  qf_time.o(.rodata.Q_this_module_)
    [Anonymous Symbol]                       0x080047c2   Section        0  qf_time.o(.rodata.Q_this_module_)
    Q_this_module_                           0x080047ca   Data           4  qxk.o(.rodata.Q_this_module_)
    [Anonymous Symbol]                       0x080047ca   Section        0  qxk.o(.rodata.Q_this_module_)
    Q_this_module_                           0x080047ce   Data           9  qxk_sema.o(.rodata.Q_this_module_)
    [Anonymous Symbol]                       0x080047ce   Section        0  qxk_sema.o(.rodata.Q_this_module_)
    Q_this_module_                           0x080047d7   Data           9  qxk_xthr.o(.rodata.Q_this_module_)
    [Anonymous Symbol]                       0x080047d7   Section        0  qxk_xthr.o(.rodata.Q_this_module_)
    Q_this_module_                           0x080047e0   Data           8  qep_hsm.o(.rodata.Q_this_module_)
    [Anonymous Symbol]                       0x080047e0   Section        0  qep_hsm.o(.rodata.Q_this_module_)
    Q_this_module_                           0x080047e8   Data           9  main.o(.rodata._ZL14Q_this_module_)
    [Anonymous Symbol]                       0x080047e8   Section        0  main.o(.rodata._ZL14Q_this_module_)
    locale$$data                             0x08004844   Section       28  lc_numeric_c.o(locale$$data)
    __lcnum_c_name                           0x08004848   Data           2  lc_numeric_c.o(locale$$data)
    __lcnum_c_start                          0x08004850   Data           0  lc_numeric_c.o(locale$$data)
    __lcnum_c_point                          0x0800485c   Data           0  lc_numeric_c.o(locale$$data)
    __lcnum_c_thousands                      0x0800485e   Data           0  lc_numeric_c.o(locale$$data)
    __lcnum_c_grouping                       0x0800485f   Data           0  lc_numeric_c.o(locale$$data)
    __lcnum_c_end                            0x08004860   Data           0  lc_numeric_c.o(locale$$data)
    locale$$data                             0x08004860   Section      272  lc_ctype_c.o(locale$$data)
    __lcctype_c_name                         0x08004864   Data           2  lc_ctype_c.o(locale$$data)
    __lcctype_c_start                        0x0800486c   Data           0  lc_ctype_c.o(locale$$data)
    __lcctype_c_end                          0x08004970   Data           0  lc_ctype_c.o(locale$$data)
    .init_array                              0x08004974   Section        0  init_aeabi.o(.init_array)
    .data                                    0x20000000   Section        4  stdio_streams.o(.data)
    .data                                    0x20000004   Section        4  stdio_streams.o(.data)
    .data                                    0x20000008   Section        4  stdio_streams.o(.data)
    .bss                                     0x20000010   Section       96  libspace.o(.bss)
    .bss                                     0x20000070   Section       84  stdio_streams.o(.bss)
    .bss                                     0x200000c4   Section       84  stdio_streams.o(.bss)
    .bss                                     0x20000118   Section       84  stdio_streams.o(.bss)
    Heap_Mem                                 0x20000450   Data        1024  startup_stm32c031xx.o(HEAP)
    HEAP                                     0x20000450   Section     1024  startup_stm32c031xx.o(HEAP)
    Stack_Mem                                0x20000850   Data        1024  startup_stm32c031xx.o(STACK)
    STACK                                    0x20000850   Section     1024  startup_stm32c031xx.o(STACK)
    __initial_sp                             0x20000c50   Data           0  startup_stm32c031xx.o(STACK)

    Global Symbols

    Symbol Name                              Value     Ov Type        Size  Object(Section)

    BuildAttributes$$THM_ISAv3M$S$PE$A:L22$X:L11$S22$IEEE1$IW$~IW$USESV6$~STKCKD$USESV7$~SHL$OTIME$ROPI$IEEEJ$EBA8$UX$STANDARDLIB$REQ8$PRES8$EABIv2 0x00000000   Number         0  anon$$obj.o ABSOLUTE
    _printf_flags                            0x00000000   Number         0  printf_stubs.o ABSOLUTE
    _printf_return_value                     0x00000000   Number         0  printf_stubs.o ABSOLUTE
    _printf_sizespec                         0x00000000   Number         0  printf_stubs.o ABSOLUTE
    _printf_widthprec                        0x00000000   Number         0  printf_stubs.o ABSOLUTE
    __ARM_exceptions_init                     - Undefined Weak Reference
    __alloca_initialize                       - Undefined Weak Reference
    __arm_preinit_                            - Undefined Weak Reference
    __arm_relocate_pie_                       - Undefined Weak Reference
    __cxa_finalize                            - Undefined Weak Reference
    __sigvec_lookup                           - Undefined Weak Reference
    __user_heap_extent                        - Undefined Weak Reference
    _atexit_init                              - Undefined Weak Reference
    _call_atexit_fns                          - Undefined Weak Reference
    _clock_init                               - Undefined Weak Reference
    _fp_trap_init                             - Undefined Weak Reference
    _fp_trap_shutdown                         - Undefined Weak Reference
    _get_lc_collate                           - Undefined Weak Reference
    _get_lc_monetary                          - Undefined Weak Reference
    _get_lc_time                              - Undefined Weak Reference
    _getenv_init                              - Undefined Weak Reference
    _handle_redirection                       - Undefined Weak Reference
    _mutex_acquire                            - Undefined Weak Reference
    _mutex_free                               - Undefined Weak Reference
    _mutex_release                            - Undefined Weak Reference
    _printf_mbtowc                            - Undefined Weak Reference
    _printf_wc                                - Undefined Weak Reference
    _rand_init                                - Undefined Weak Reference
    _signal_finish                            - Undefined Weak Reference
    _signal_init                              - Undefined Weak Reference
    __Vectors_Size                           0x000000c0   Number         0  startup_stm32c031xx.o ABSOLUTE
    __Vectors                                0x08000000   Data           4  startup_stm32c031xx.o(RESET)
    __Vectors_End                            0x080000c0   Data           0  startup_stm32c031xx.o(RESET)
    __main                                   0x080000c1   Thumb Code     8  __main.o(!!!main)
    __scatterload                            0x080000c9   Thumb Code     0  __scatter.o(!!!scatter)
    __scatterload_rt2                        0x080000c9   Thumb Code    74  __scatter.o(!!!scatter)
    __scatterload_rt2_thumb_only             0x080000c9   Thumb Code     0  __scatter.o(!!!scatter)
    __scatterload_loop                       0x080000d3   Thumb Code     0  __scatter.o(!!!scatter)
    __scatterload_copy                       0x0800011d   Thumb Code    26  __scatter_copy.o(!!handler_copy)
    __scatterload_null                       0x08000139   Thumb Code     2  __scatter.o(!!handler_null)
    __scatterload_zeroinit                   0x0800013d   Thumb Code    28  __scatter_zi.o(!!handler_zi)
    _printf_percent                          0x08000159   Thumb Code     0  _printf_percent.o(.ARM.Collect$$_printf_percent$$00000000)
    _printf_n                                0x0800015b   Thumb Code     0  _printf_n.o(.ARM.Collect$$_printf_percent$$00000001)
    _printf_p                                0x08000165   Thumb Code     0  _printf_p.o(.ARM.Collect$$_printf_percent$$00000002)
    _printf_f                                0x0800016f   Thumb Code     0  _printf_f.o(.ARM.Collect$$_printf_percent$$00000003)
    _printf_e                                0x08000179   Thumb Code     0  _printf_e.o(.ARM.Collect$$_printf_percent$$00000004)
    _printf_g                                0x08000183   Thumb Code     0  _printf_g.o(.ARM.Collect$$_printf_percent$$00000005)
    _printf_a                                0x0800018d   Thumb Code     0  _printf_a.o(.ARM.Collect$$_printf_percent$$00000006)
    _printf_ll                               0x08000197   Thumb Code     0  _printf_ll.o(.ARM.Collect$$_printf_percent$$00000007)
    _printf_i                                0x080001a1   Thumb Code     0  _printf_i.o(.ARM.Collect$$_printf_percent$$00000008)
    _printf_d                                0x080001ab   Thumb Code     0  _printf_d.o(.ARM.Collect$$_printf_percent$$00000009)
    _printf_u                                0x080001b5   Thumb Code     0  _printf_u.o(.ARM.Collect$$_printf_percent$$0000000A)
    _printf_o                                0x080001bf   Thumb Code     0  _printf_o.o(.ARM.Collect$$_printf_percent$$0000000B)
    _printf_x                                0x080001c9   Thumb Code     0  _printf_x.o(.ARM.Collect$$_printf_percent$$0000000C)
    _printf_lli                              0x080001d3   Thumb Code     0  _printf_lli.o(.ARM.Collect$$_printf_percent$$0000000D)
    _printf_lld                              0x080001dd   Thumb Code     0  _printf_lld.o(.ARM.Collect$$_printf_percent$$0000000E)
    _printf_llu                              0x080001e7   Thumb Code     0  _printf_llu.o(.ARM.Collect$$_printf_percent$$0000000F)
    _printf_llo                              0x080001f1   Thumb Code     0  _printf_llo.o(.ARM.Collect$$_printf_percent$$00000010)
    _printf_llx                              0x080001fb   Thumb Code     0  _printf_llx.o(.ARM.Collect$$_printf_percent$$00000011)
    _printf_l                                0x08000205   Thumb Code     0  _printf_l.o(.ARM.Collect$$_printf_percent$$00000012)
    _printf_c                                0x0800020f   Thumb Code     0  _printf_c.o(.ARM.Collect$$_printf_percent$$00000013)
    _printf_s                                0x08000219   Thumb Code     0  _printf_s.o(.ARM.Collect$$_printf_percent$$00000014)
    _printf_lc                               0x08000223   Thumb Code     0  _printf_lc.o(.ARM.Collect$$_printf_percent$$00000015)
    _printf_ls                               0x0800022d   Thumb Code     0  _printf_ls.o(.ARM.Collect$$_printf_percent$$00000016)
    _printf_percent_end                      0x08000237   Thumb Code     0  _printf_percent_end.o(.ARM.Collect$$_printf_percent$$00000017)
    __rt_lib_init                            0x0800023b   Thumb Code     0  libinit.o(.ARM.Collect$$libinit$$00000000)
    __rt_lib_init_fp_1                       0x0800023d   Thumb Code     0  libinit2.o(.ARM.Collect$$libinit$$00000002)
    __rt_lib_init_heap_2                     0x0800023d   Thumb Code     0  libinit2.o(.ARM.Collect$$libinit$$00000007)
    __rt_lib_init_preinit_1                  0x0800023d   Thumb Code     0  libinit2.o(.ARM.Collect$$libinit$$00000006)
    __rt_lib_init_relocate_pie_1             0x0800023d   Thumb Code     0  libinit2.o(.ARM.Collect$$libinit$$00000004)
    __rt_lib_init_heap_1                     0x08000245   Thumb Code     0  libinit2.o(.ARM.Collect$$libinit$$0000000C)
    __rt_lib_init_lc_common                  0x08000245   Thumb Code     0  libinit2.o(.ARM.Collect$$libinit$$00000011)
    __rt_lib_init_rand_1                     0x08000245   Thumb Code     0  libinit2.o(.ARM.Collect$$libinit$$00000010)
    __rt_lib_init_user_alloc_1               0x08000245   Thumb Code     0  libinit2.o(.ARM.Collect$$libinit$$0000000E)
    __rt_lib_init_lc_collate_1               0x0800024b   Thumb Code     0  libinit2.o(.ARM.Collect$$libinit$$00000013)
    __rt_lib_init_lc_ctype_2                 0x0800024b   Thumb Code     0  libinit2.o(.ARM.Collect$$libinit$$00000014)
    __rt_lib_init_lc_ctype_1                 0x08000257   Thumb Code     0  libinit2.o(.ARM.Collect$$libinit$$00000015)
    __rt_lib_init_lc_monetary_1              0x08000257   Thumb Code     0  libinit2.o(.ARM.Collect$$libinit$$00000017)
    __rt_lib_init_lc_numeric_2               0x08000257   Thumb Code     0  libinit2.o(.ARM.Collect$$libinit$$00000018)
    __rt_lib_init_atexit_1                   0x08000261   Thumb Code     0  libinit2.o(.ARM.Collect$$libinit$$0000001D)
    __rt_lib_init_clock_1                    0x08000261   Thumb Code     0  libinit2.o(.ARM.Collect$$libinit$$00000023)
    __rt_lib_init_fp_trap_1                  0x08000261   Thumb Code     0  libinit2.o(.ARM.Collect$$libinit$$00000021)
    __rt_lib_init_getenv_1                   0x08000261   Thumb Code     0  libinit2.o(.ARM.Collect$$libinit$$00000025)
    __rt_lib_init_lc_numeric_1               0x08000261   Thumb Code     0  libinit2.o(.ARM.Collect$$libinit$$00000019)
    __rt_lib_init_lc_time_1                  0x08000261   Thumb Code     0  libinit2.o(.ARM.Collect$$libinit$$0000001B)
    __rt_lib_init_signal_1                   0x08000261   Thumb Code     0  libinit2.o(.ARM.Collect$$libinit$$0000001F)
    __rt_lib_init_stdio_2                    0x08000261   Thumb Code     0  libinit2.o(.ARM.Collect$$libinit$$00000026)
    __rt_lib_init_alloca_1                   0x08000265   Thumb Code     0  libinit2.o(.ARM.Collect$$libinit$$00000030)
    __rt_lib_init_argv_1                     0x08000265   Thumb Code     0  libinit2.o(.ARM.Collect$$libinit$$0000002E)
    __rt_lib_init_cpp_2                      0x08000265   Thumb Code     0  libinit2.o(.ARM.Collect$$libinit$$00000033)
    __rt_lib_init_exceptions_1               0x08000265   Thumb Code     0  libinit2.o(.ARM.Collect$$libinit$$00000032)
    __rt_lib_init_stdio_1                    0x08000265   Thumb Code     0  libinit2.o(.ARM.Collect$$libinit$$00000027)
    __rt_lib_init_cpp_1                      0x08000269   Thumb Code     0  libinit2.o(.ARM.Collect$$libinit$$00000034)
    __rt_lib_init_return                     0x08000269   Thumb Code     0  libinit2.o(.ARM.Collect$$libinit$$00000035)
    __rt_lib_shutdown                        0x0800026b   Thumb Code     0  libshutdown.o(.ARM.Collect$$libshutdown$$00000000)
    __rt_lib_shutdown_cpp_1                  0x0800026d   Thumb Code     0  libshutdown2.o(.ARM.Collect$$libshutdown$$00000002)
    __rt_lib_shutdown_stdio_2                0x0800026d   Thumb Code     0  libshutdown2.o(.ARM.Collect$$libshutdown$$00000003)
    __rt_lib_shutdown_fp_trap_1              0x08000271   Thumb Code     0  libshutdown2.o(.ARM.Collect$$libshutdown$$00000007)
    __rt_lib_shutdown_heap_1                 0x08000271   Thumb Code     0  libshutdown2.o(.ARM.Collect$$libshutdown$$0000000F)
    __rt_lib_shutdown_return                 0x08000271   Thumb Code     0  libshutdown2.o(.ARM.Collect$$libshutdown$$00000010)
    __rt_lib_shutdown_signal_1               0x08000271   Thumb Code     0  libshutdown2.o(.ARM.Collect$$libshutdown$$0000000A)
    __rt_lib_shutdown_stdio_1                0x08000271   Thumb Code     0  libshutdown2.o(.ARM.Collect$$libshutdown$$00000004)
    __rt_lib_shutdown_user_alloc_1           0x08000271   Thumb Code     0  libshutdown2.o(.ARM.Collect$$libshutdown$$0000000C)
    __rt_entry                               0x08000273   Thumb Code     0  __rtentry.o(.ARM.Collect$$rtentry$$00000000)
    __rt_entry_presh_1                       0x08000273   Thumb Code     0  __rtentry2.o(.ARM.Collect$$rtentry$$00000002)
    __rt_entry_sh                            0x08000273   Thumb Code     0  __rtentry4.o(.ARM.Collect$$rtentry$$00000004)
    __rt_entry_li                            0x08000279   Thumb Code     0  __rtentry2.o(.ARM.Collect$$rtentry$$0000000A)
    __rt_entry_postsh_1                      0x08000279   Thumb Code     0  __rtentry2.o(.ARM.Collect$$rtentry$$00000009)
    __rt_entry_main                          0x0800027d   Thumb Code     0  __rtentry2.o(.ARM.Collect$$rtentry$$0000000D)
    __rt_entry_postli_1                      0x0800027d   Thumb Code     0  __rtentry2.o(.ARM.Collect$$rtentry$$0000000C)
    __rt_exit                                0x08000285   Thumb Code     0  rtexit.o(.ARM.Collect$$rtexit$$00000000)
    __rt_exit_ls                             0x08000287   Thumb Code     0  rtexit2.o(.ARM.Collect$$rtexit$$00000003)
    __rt_exit_prels_1                        0x08000287   Thumb Code     0  rtexit2.o(.ARM.Collect$$rtexit$$00000002)
    __rt_exit_exit                           0x0800028b   Thumb Code     0  rtexit2.o(.ARM.Collect$$rtexit$$00000004)
    Reset_Handler                            0x08000291   Thumb Code     8  startup_stm32c031xx.o(.text)
    HardFault_Handler                        0x080002a9   Thumb Code    24  startup_stm32c031xx.o(.text)
    SVC_Handler                              0x080002c1   Thumb Code     2  startup_stm32c031xx.o(.text)
    SysTick_Handler                          0x080002c5   Thumb Code     2  startup_stm32c031xx.o(.text)
    ADC1_IRQHandler                          0x080002c7   Thumb Code     0  startup_stm32c031xx.o(.text)
    DMA1_Channel1_IRQHandler                 0x080002c7   Thumb Code     0  startup_stm32c031xx.o(.text)
    DMA1_Channel2_3_IRQHandler               0x080002c7   Thumb Code     0  startup_stm32c031xx.o(.text)
    DMAMUX1_IRQHandler                       0x080002c7   Thumb Code     0  startup_stm32c031xx.o(.text)
    EXTI0_1_IRQHandler                       0x080002c7   Thumb Code     0  startup_stm32c031xx.o(.text)
    EXTI2_3_IRQHandler                       0x080002c7   Thumb Code     0  startup_stm32c031xx.o(.text)
    EXTI4_15_IRQHandler                      0x080002c7   Thumb Code     0  startup_stm32c031xx.o(.text)
    FLASH_IRQHandler                         0x080002c7   Thumb Code     0  startup_stm32c031xx.o(.text)
    I2C1_IRQHandler                          0x080002c7   Thumb Code     0  startup_stm32c031xx.o(.text)
    RCC_IRQHandler                           0x080002c7   Thumb Code     0  startup_stm32c031xx.o(.text)
    RTC_IRQHandler                           0x080002c7   Thumb Code     0  startup_stm32c031xx.o(.text)
    SPI1_IRQHandler                          0x080002c7   Thumb Code     0  startup_stm32c031xx.o(.text)
    TIM14_IRQHandler                         0x080002c7   Thumb Code     0  startup_stm32c031xx.o(.text)
    TIM16_IRQHandler                         0x080002c7   Thumb Code     0  startup_stm32c031xx.o(.text)
    TIM17_IRQHandler                         0x080002c7   Thumb Code     0  startup_stm32c031xx.o(.text)
    TIM1_BRK_UP_TRG_COM_IRQHandler           0x080002c7   Thumb Code     0  startup_stm32c031xx.o(.text)
    TIM1_CC_IRQHandler                       0x080002c7   Thumb Code     0  startup_stm32c031xx.o(.text)
    TIM3_IRQHandler                          0x080002c7   Thumb Code     0  startup_stm32c031xx.o(.text)
    USART1_IRQHandler                        0x080002c7   Thumb Code     0  startup_stm32c031xx.o(.text)
    USART2_IRQHandler                        0x080002c7   Thumb Code     0  startup_stm32c031xx.o(.text)
    WWDG_IRQHandler                          0x080002c7   Thumb Code     0  startup_stm32c031xx.o(.text)
    __user_initial_stackheap                 0x080002c9   Thumb Code     0  startup_stm32c031xx.o(.text)
    __aeabi_uidiv                            0x080002fd   Thumb Code     0  aeabi_sdiv.o(.text)
    __aeabi_uidivmod                         0x080002fd   Thumb Code    20  aeabi_sdiv.o(.text)
    __aeabi_idiv                             0x08000311   Thumb Code     0  aeabi_sdiv.o(.text)
    __aeabi_idivmod                          0x08000311   Thumb Code   338  aeabi_sdiv.o(.text)
    __use_two_region_memory                  0x08000469   Thumb Code     2  heapauxi.o(.text)
    __rt_heap_escrow                         0x0800046b   Thumb Code     2  heapauxi.o(.text)
    __rt_heap_expand                         0x0800046d   Thumb Code     2  heapauxi.o(.text)
    __cpp_initialize__aeabi_                 0x08000471   Thumb Code    36  init_aeabi.o(.text)
    malloc                                   0x0800049d   Thumb Code    98  h1_alloc.o(.text)
    free                                     0x080004ff   Thumb Code    76  h1_free.o(.text)
    posix_memalign                           0x0800054b   Thumb Code   164  h1_memalign.o(.text)
    __rt_heap_descriptor                     0x080005f1   Thumb Code     8  rt_heap_descriptor_intlibspace.o(.text)
    __use_no_heap                            0x080005f9   Thumb Code     2  hguard.o(.text)
    __heap$guard                             0x080005fb   Thumb Code     2  hguard.o(.text)
    _terminate_user_alloc                    0x080005fd   Thumb Code     2  init_alloc.o(.text)
    _init_user_alloc                         0x080005ff   Thumb Code     2  init_alloc.o(.text)
    __Heap_Full                              0x08000601   Thumb Code    32  init_alloc.o(.text)
    __Heap_Broken                            0x08000621   Thumb Code    10  init_alloc.o(.text)
    _init_alloc                              0x0800062b   Thumb Code    90  init_alloc.o(.text)
    __Heap_Initialize                        0x08000685   Thumb Code     8  h1_init.o(.text)
    __Heap_DescSize                          0x0800068d   Thumb Code     4  h1_init.o(.text)
    __user_libspace                          0x08000691   Thumb Code     8  libspace.o(.text)
    __user_perproc_libspace                  0x08000691   Thumb Code     0  libspace.o(.text)
    __user_perthread_libspace                0x08000691   Thumb Code     0  libspace.o(.text)
    __user_setup_stackheap                   0x08000699   Thumb Code    62  sys_stackheap_outer.o(.text)
    __Heap_ProvideMemory                     0x080006d7   Thumb Code    52  h1_extend.o(.text)
    _maybe_terminate_alloc                   0x080006d7   Thumb Code     0  maybetermalloc1.o(.text)
    vfprintf                                 0x0800070b   Thumb Code    14  vfprintf.o(.text)
    exit                                     0x08000719   Thumb Code    16  exit.o(.text)
    abort                                    0x08000729   Thumb Code    20  abort.o(.text)
    __rt_SIGRTMEM                            0x0800073d   Thumb Code    12  defsig_rtmem_outer.o(.text)
    _sys_exit                                0x08000749   Thumb Code     8  sys_exit.o(.text)
    __I$use$semihosting                      0x08000755   Thumb Code     0  use_no_semi.o(.text)
    __use_no_semihosting_swi                 0x08000755   Thumb Code     2  use_no_semi.o(.text)
    __semihosting_library_function           0x08000757   Thumb Code     0  indicate_semi.o(.text)
    _printf_pre_padding                      0x08000757   Thumb Code    44  _printf_pad.o(.text)
    _printf_post_padding                     0x08000783   Thumb Code    34  _printf_pad.o(.text)
    _printf_truncate_signed                  0x080007a5   Thumb Code    18  _printf_truncate.o(.text)
    _printf_truncate_unsigned                0x080007b7   Thumb Code    18  _printf_truncate.o(.text)
    _printf_str                              0x080007c9   Thumb Code    82  _printf_str.o(.text)
    _printf_int_dec                          0x0800081d   Thumb Code    90  _printf_dec.o(.text)
    _printf_charcount                        0x08000889   Thumb Code    38  _printf_charcount.o(.text)
    _printf_char_file                        0x080008b1   Thumb Code    34  _printf_char_file.o(.text)
    _printf_wctomb                           0x080008d9   Thumb Code   182  _printf_wctomb.o(.text)
    _printf_longlong_dec                     0x08000995   Thumb Code    94  _printf_longlong_dec.o(.text)
    _printf_longlong_oct                     0x08000a05   Thumb Code    68  _printf_oct_int_ll.o(.text)
    _printf_int_oct                          0x08000a49   Thumb Code    24  _printf_oct_int_ll.o(.text)
    _printf_ll_oct                           0x08000a61   Thumb Code    10  _printf_oct_int_ll.o(.text)
    _printf_longlong_hex                     0x08000a75   Thumb Code    88  _printf_hex_int_ll_ptr.o(.text)
    _printf_int_hex                          0x08000acd   Thumb Code    28  _printf_hex_int_ll_ptr.o(.text)
    _printf_ll_hex                           0x08000ae9   Thumb Code    10  _printf_hex_int_ll_ptr.o(.text)
    _printf_hex_ptr                          0x08000af3   Thumb Code    22  _printf_hex_int_ll_ptr.o(.text)
    __printf                                 0x08000b0d   Thumb Code   386  __printf_flags_ss_wp.o(.text)
    _initio                                  0x08000c95   Thumb Code   216  initio.o(.text)
    _terminateio                             0x08000d6d   Thumb Code    56  initio.o(.text)
    __sig_exit                               0x08000dd1   Thumb Code    12  defsig_exit.o(.text)
    __rt_SIGABRT                             0x08000ddd   Thumb Code    12  defsig_abrt_outer.o(.text)
    __rt_SIGRTMEM_inner                      0x08000de9   Thumb Code    22  defsig_rtmem_inner.o(.text)
    _ll_udiv10                               0x08000e39   Thumb Code   122  lludiv10.o(.text)
    _printf_int_common                       0x08000eb3   Thumb Code   176  _printf_intcommon.o(.text)
    _printf_fp_dec_real                      0x08001101   Thumb Code   620  _printf_fp_dec.o(.text)
    _printf_fp_hex_real                      0x08001379   Thumb Code   718  _printf_fp_hex.o(.text)
    _printf_char_common                      0x0800165b   Thumb Code    32  _printf_char_common.o(.text)
    _printf_cs_common                        0x08001681   Thumb Code    22  _printf_char.o(.text)
    _printf_char                             0x08001697   Thumb Code    16  _printf_char.o(.text)
    _printf_string                           0x080016a7   Thumb Code     8  _printf_char.o(.text)
    _printf_lcs_common                       0x080016af   Thumb Code    22  _printf_wchar.o(.text)
    _printf_wchar                            0x080016c5   Thumb Code    16  _printf_wchar.o(.text)
    _printf_wstring                          0x080016d5   Thumb Code     8  _printf_wchar.o(.text)
    ferror                                   0x080016dd   Thumb Code     8  ferror.o(.text)
    setvbuf                                  0x080016e5   Thumb Code    72  setvbuf.o(.text)
    freopen                                  0x08001731   Thumb Code   154  fopen.o(.text)
    fopen                                    0x080017cb   Thumb Code    76  fopen.o(.text)
    _fclose_internal                         0x08001821   Thumb Code    72  fclose.o(.text)
    fclose                                   0x08001821   Thumb Code     0  fclose.o(.text)
    _c16rtomb                                0x08001869   Thumb Code    66  _c16rtomb.o(.text)
    _wcrtomb                                 0x08001869   Thumb Code     0  _c16rtomb.o(.text)
    __default_signal_display                 0x080018ab   Thumb Code    52  defsig_general.o(.text)
    __rt_SIGABRT_inner                       0x080018e1   Thumb Code    14  defsig_abrt_inner.o(.text)
    __rt_SIGRTRED                            0x08001911   Thumb Code    12  defsig_rtred_outer.o(.text)
    _memset_w                                0x0800191d   Thumb Code    26  rt_memclr.o(.text)
    _memset                                  0x08001937   Thumb Code    30  rt_memclr.o(.text)
    __aeabi_memclr                           0x08001955   Thumb Code     4  rt_memclr.o(.text)
    __rt_memclr                              0x08001955   Thumb Code     0  rt_memclr.o(.text)
    __aeabi_memclr4                          0x08001959   Thumb Code     0  rt_memclr.o(.text)
    __aeabi_memclr8                          0x08001959   Thumb Code     0  rt_memclr.o(.text)
    __rt_memclr_w                            0x08001959   Thumb Code     4  rt_memclr.o(.text)
    __rt_udiv10                              0x0800195d   Thumb Code    40  rtudiv10.o(.text)
    _sys_open                                0x08001985   Thumb Code    20  sys_io.o(.text)
    _sys_close                               0x08001999   Thumb Code    12  sys_io.o(.text)
    _sys_write                               0x080019a5   Thumb Code    16  sys_io.o(.text)
    _sys_read                                0x080019b5   Thumb Code    14  sys_io.o(.text)
    _sys_istty                               0x080019c3   Thumb Code    12  sys_io.o(.text)
    _sys_seek                                0x080019cf   Thumb Code    14  sys_io.o(.text)
    _sys_ensure                              0x080019dd   Thumb Code     2  sys_io.o(.text)
    _sys_flen                                0x080019df   Thumb Code    12  sys_io.o(.text)
    _ttywrch                                 0x080019eb   Thumb Code    12  sys_wrch.o(.text)
    __rt_ctype_table                         0x080019f9   Thumb Code    16  rt_ctype_table.o(.text)
    __rt_locale                              0x08001a09   Thumb Code     8  rt_locale_intlibspace.o(.text)
    _printf_fp_infnan                        0x08001a11   Thumb Code   120  _printf_fp_infnan.o(.text)
    _btod_etento                             0x08001a99   Thumb Code   210  bigflt0.o(.text)
    _btod_d2e                                0x08001b71   Thumb Code    64  btod.o(.text)
    _btod_emul                               0x08001fa5   Thumb Code    28  btod.o(.text)
    _btod_emuld                              0x08001fc1   Thumb Code   144  btod.o(.text)
    _btod_ediv                               0x08002051   Thumb Code    26  btod.o(.text)
    _btod_edivd                              0x0800206b   Thumb Code   124  btod.o(.text)
    __flsbuf                                 0x080020f1   Thumb Code   490  flsbuf.o(.text)
    __flsbuf_byte                            0x080020f1   Thumb Code     0  flsbuf.o(.text)
    __flsbuf_wide                            0x080020f1   Thumb Code     0  flsbuf.o(.text)
    _fseek                                   0x080022e5   Thumb Code   240  fseek.o(.text)
    fseek                                    0x080022e5   Thumb Code     0  fseek.o(.text)
    _seterr                                  0x080023d9   Thumb Code    20  stdio.o(.text)
    _writebuf                                0x080023ed   Thumb Code    98  stdio.o(.text)
    _fflush                                  0x0800244f   Thumb Code    76  stdio.o(.text)
    _deferredlazyseek                        0x0800249b   Thumb Code    60  stdio.o(.text)
    __rt_SIGRTRED_inner                      0x080024e5   Thumb Code    14  defsig_rtred_inner.o(.text)
    _ftell_internal                          0x08002519   Thumb Code    66  ftell.o(.text)
    ftell                                    0x08002519   Thumb Code     0  ftell.o(.text)
    strlen                                   0x0800255d   Thumb Code    62  strlen.o(.text)
    strcmp                                   0x080025a1   Thumb Code   132  strcmp.o(.text)
    __aeabi_errno_addr                       0x08002629   Thumb Code     8  rt_errno_addr_intlibspace.o(.text)
    __errno$intlibspace                      0x08002629   Thumb Code     0  rt_errno_addr_intlibspace.o(.text)
    __rt_errno_addr$intlibspace              0x08002629   Thumb Code     0  rt_errno_addr_intlibspace.o(.text)
    NMI_Handler                              0x08002631   Thumb Code     6  qxk_port.o(.text.NMI_Handler)
    PendSV_Handler                           0x08002639   Thumb Code   192  qxk_port.o(.text.PendSV_Handler)
    QActive_ctor                             0x08002709   Thumb Code    36  qf_qact.o(.text.QActive_ctor)
    QActive_get_                             0x08002731   Thumb Code   160  qf_actq.o(.text.QActive_get_)
    QActive_register_                        0x080027d5   Thumb Code   312  qf_qact.o(.text.QActive_register_)
    QActive_start_                           0x08002915   Thumb Code   284  qxk.o(.text.QActive_start_)
    QEQueue_init                             0x08002a35   Thumb Code    66  qf_qeq.o(.text.QEQueue_init)
    QF_bzero_                                0x08002b17   Thumb Code    50  qf_act.o(.text.QF_bzero_)
    QF_gc                                    0x08002b49   Thumb Code   152  qf_dyn.o(.text.QF_gc)
    QF_init                                  0x08002be5   Thumb Code    76  qxk.o(.text.QF_init)
    QF_onStartup                             0x08002c41   Thumb Code    56  bsp.o(.text.QF_onStartup)
    QF_qlog2                                 0x08002c7d   Thumb Code    52  qxk_port.o(.text.QF_qlog2)
    QF_run                                   0x08002cb5   Thumb Code    40  qxk.o(.text.QF_run)
    QHsm_ctor                                0x08002ce1   Thumb Code    28  qep_hsm.o(.text.QHsm_ctor)
    QHsm_dispatch_                           0x08002d01   Thumb Code   480  qep_hsm.o(.text.QHsm_dispatch_)
    QHsm_init_                               0x08002ee1   Thumb Code   308  qep_hsm.o(.text.QHsm_init_)
    QHsm_top                                 0x08003021   Thumb Code    12  qep_hsm.o(.text.QHsm_top)
    QHsm_tran_                               0x0800302d   Thumb Code   580  qep_hsm.o(.text.QHsm_tran_)
    QMPool_put                               0x08003279   Thumb Code   112  qf_mem.o(.text.QMPool_put)
    QTimeEvt_ctorX                           0x08003425   Thumb Code    92  qf_time.o(.text.QTimeEvt_ctorX)
    QXK_activate_                            0x08003485   Thumb Code   388  qxk.o(.text.QXK_activate_)
    QXK_init                                 0x08003609   Thumb Code    16  qxk_port.o(.text.QXK_init)
    QXK_onIdle                               0x0800361d   Thumb Code     2  bsp.o(.text.QXK_onIdle)
    QXK_sched_                               0x08003621   Thumb Code   284  qxk.o(.text.QXK_sched_)
    QXK_threadExit_                          0x08003741   Thumb Code   136  qxk.o(.text.QXK_threadExit_)
    QXK_thread_ret                           0x080037d9   Thumb Code    10  qxk_port.o(.text.QXK_thread_ret)
    QXSemaphore_init                         0x080037e9   Thumb Code    84  qxk_sema.o(.text.QXSemaphore_init)
    QXSemaphore_wait                         0x0800383d   Thumb Code   320  qxk_sema.o(.text.QXSemaphore_wait)
    QXThread_block_                          0x08003985   Thumb Code    72  qxk_xthr.o(.text.QXThread_block_)
    QXThread_ctor                            0x080039d1   Thumb Code    46  qxk_xthr.o(.text.QXThread_ctor)
    QXThread_delay                           0x08003a01   Thumb Code   188  qxk_xthr.o(.text.QXThread_delay)
    QXThread_stackInit_                      0x08003ac9   Thumb Code   232  qxk_port.o(.text.QXThread_stackInit_)
    QXThread_teArm_                          0x08003bb9   Thumb Code   152  qxk_xthr.o(.text.QXThread_teArm_)
    Q_onError                                0x08003c5d   Thumb Code    10  bsp.o(.text.Q_onError)
    SystemCoreClockUpdate                    0x08003c69   Thumb Code   256  system_stm32c0xx.o(.text.SystemCoreClockUpdate)
    SystemInit                               0x08003d7d   Thumb Code    12  system_stm32c0xx.o(.text.SystemInit)
    main_blinky1(QXThread*)                  0x08003d9d   Thumb Code    48  main.o(.text._Z12main_blinky1P8QXThread)
    main_blinky2(QXThread*)                  0x08003dd1   Thumb Code    52  main.o(.text._Z12main_blinky2P8QXThread)
    BSP_greenLedOn()                         0x08003e0d   Thumb Code    12  bsp.o(.text._Z14BSP_greenLedOnv)
    BSP_greenLedOff()                        0x08003e19   Thumb Code    16  bsp.o(.text._Z15BSP_greenLedOffv)
    BSP_init()                               0x08003e2d   Thumb Code   136  bsp.o(.text._Z8BSP_initv)
    drawGraph(Shape const**)                 0x08003ee9   Thumb Code    62  shape.o(.text._Z9drawGraphPPK5Shape)
    Shape::moveBy(short, short)              0x080040ad   Thumb Code    34  shape.o(.text._ZN5Shape6moveByEss)
    Shape::Shape(short, short)               0x080040d1   Thumb Code    32  shape.o(.text._ZN5ShapeC2Ess)
    Shape::Shape__sub_object(short, short)   0x080040d1   Thumb Code    32  shape.o(.text._ZN5ShapeC2Ess)
    Circle::Circle(short, short, short)      0x080040f5   Thumb Code    56  circle.o(.text._ZN6CircleC2Esss)
    Circle::Circle__sub_object(short, short, short) 0x080040f5   Thumb Code    56  circle.o(.text._ZN6CircleC2Esss)
    Rectangle::Rectangle(short, short, short, short) 0x08004131   Thumb Code    64  rectangle.o(.text._ZN9RectangleC2Essss)
    Rectangle::Rectangle__sub_object(short, short, short, short) 0x08004131   Thumb Code    64  rectangle.o(.text._ZN9RectangleC2Essss)
    Shape::distanceTo(Shape*) const          0x08004175   Thumb Code    86  shape.o(.text._ZNK5Shape10distanceToEPS_)
    Shape::area() const                      0x080041cb   Thumb Code    10  shape.o(.text._ZNK5Shape4areaEv)
    Shape::draw() const                      0x080041d5   Thumb Code     8  shape.o(.text._ZNK5Shape4drawEv)
    Circle::area() const                     0x080041dd   Thumb Code    20  circle.o(.text._ZNK6Circle4areaEv)
    Circle::draw() const                     0x080041f1   Thumb Code     8  circle.o(.text._ZNK6Circle4drawEv)
    Rectangle::area() const                  0x080041f9   Thumb Code    20  rectangle.o(.text._ZNK9Rectangle4areaEv)
    Rectangle::draw() const                  0x0800420d   Thumb Code     8  rectangle.o(.text._ZNK9Rectangle4drawEv)
    std::__2::__libcpp_verbose_abort(char const*, ...) 0x08004215   Thumb Code    28  verbose_abort.cpp.o(.text._ZNSt3__222__libcpp_verbose_abortEPKcz)
    std::get_new_handler()                   0x08004235   Thumb Code     8  cxa_handlers.cpp.o(.text._ZSt15get_new_handlerv)
    std::__throw_bad_alloc()                 0x08004241   Thumb Code     8  new_helpers.cpp.o(.text._ZSt17__throw_bad_allocv)
    operator delete(void*)                   0x08004279   Thumb Code     8  new.cpp.o(.text._ZdlPv)
    assert_failed                            0x080042b9   Thumb Code     8  bsp.o(.text.assert_failed)
    main                                     0x080042c1   Thumb Code   496  main.o(.text.main)
    operator new(unsigned int)               0x080044e1   Thumb Code    16  new.cpp.o(__lcxx_override)
    __lcxx_override$$Base                    0x080044e0   Number         0  new.cpp.o(__lcxx_override)
    operator new[](unsigned int)             0x080044f1   Thumb Code     8  new.cpp.o(__lcxx_override)
    operator new(unsigned int, std::align_val_t) 0x080044f9   Thumb Code    16  new.cpp.o(__lcxx_override)
    operator new[](unsigned int, std::align_val_t) 0x08004509   Thumb Code     8  new.cpp.o(__lcxx_override)
    __ARM_common_ll_muluu                    0x08004511   Thumb Code    48  btod.o(i.__ARM_common_ll_muluu)
    __lcxx_override$$Limit                   0x08004510   Number         0  new.cpp.o(__lcxx_override)
    __ARM_fpclassify                         0x08004541   Thumb Code    40  fpclassify.o(i.__ARM_fpclassify)
    _is_digit                                0x0800456d   Thumb Code    14  __printf_wp.o(i._is_digit)
    fputc                                    0x0800457b   Thumb Code    32  fputc.o(i.fputc)
    _get_lc_numeric                          0x0800459d   Thumb Code    44  lc_numeric_c.o(locale$$code)
    _get_lc_ctype                            0x080045c9   Thumb Code    44  lc_ctype_c.o(locale$$code)
    _printf_fp_dec                           0x080045f5   Thumb Code    16  printf1.o(x$fpl$printf1)
    _printf_fp_hex                           0x08004605   Thumb Code    16  printf2.o(x$fpl$printf2)
    __I$use$fp                               0x08004614   Number         0  usenofp.o(x$fpl$usenofp)
    __stdin_name                             0x08004655   Data           4  sys_io_names.o(.constdata)
    __stdout_name                            0x08004659   Data           4  sys_io_names.o(.constdata)
    __stderr_name                            0x0800465d   Data           4  sys_io_names.o(.constdata)
    AHBPrescTable                            0x0800471c   Data          64  system_stm32c0xx.o(.rodata.AHBPrescTable)
    QEvt_reserved_                           0x08004764   Data          16  qep_hsm.o(.rodata.QEvt_reserved_)
    vtable for Shape                         0x080047f4   Data          16  shape.o(.rodata._ZTV5Shape)
    vtable for Circle                        0x08004804   Data          16  circle.o(.rodata._ZTV6Circle)
    vtable for Rectangle                     0x08004814   Data          16  rectangle.o(.rodata._ZTV9Rectangle)
    Region$$Table$$Base                      0x08004824   Number         0  anon$$obj.o(Region$$Table)
    Region$$Table$$Limit                     0x08004844   Number         0  anon$$obj.o(Region$$Table)
    __ctype                                  0x0800486d   Data           0  lc_ctype_c.o(locale$$data)
    SHT$$INIT_ARRAY$$Base                    0x08004970   Number         0  main.o(.init_array)
    SHT$$INIT_ARRAY$$Limit                   0x08004974   Number         0  init_aeabi.o(.init_array)
    __aeabi_stdin                            0x20000000   Data           4  stdio_streams.o(.data)
    __aeabi_stdout                           0x20000004   Data           4  stdio_streams.o(.data)
    __aeabi_stderr                           0x20000008   Data           4  stdio_streams.o(.data)
    SystemCoreClock                          0x2000000c   Data           4  system_stm32c0xx.o(.data.SystemCoreClock)
    __libspace_start                         0x20000010   Data          96  libspace.o(.bss)
    __stdin                                  0x20000070   Data          84  stdio_streams.o(.bss)
    __temporary_stack_top$libspace           0x20000070   Data           0  libspace.o(.bss)
    __stdout                                 0x200000c4   Data          84  stdio_streams.o(.bss)
    __stderr                                 0x20000118   Data          84  stdio_streams.o(.bss)
    B1_sema                                  0x2000016c   Data           8  main.o(.bss.B1_sema)
    QActive_registry_                        0x20000174   Data         132  qf_act.o(.bss.QActive_registry_)
    QF_priv_                                 0x200001f8   Data          64  qf_act.o(.bss.QF_priv_)
    QTimeEvt_timeEvtHead_                    0x20000238   Data          20  qf_time.o(.bss.QTimeEvt_timeEvtHead_)
    QXK_priv_                                0x2000024c   Data          32  qxk.o(.bss.QXK_priv_)
    __cxa_new_handler                        0x2000026c   Data           4  cxa_default_handlers.cpp.o(.bss.__cxa_new_handler)
    a                                        0x20000270   Data           4  main.o(.bss.a)
    blinky1                                  0x20000274   Data          60  main.o(.bss.blinky1)
    blinky2                                  0x200002b0   Data          60  main.o(.bss.blinky2)
    c1                                       0x200002ec   Data          12  main.o(.bss.c1)
    r1                                       0x200002f8   Data          12  main.o(.bss.r1)
    s1                                       0x20000304   Data           8  main.o(.bss.s1)
    stack_blinky1                            0x2000030c   Data         160  main.o(.bss.stack_blinky1)
    stack_blinky2                            0x200003ac   Data         160  main.o(.bss.stack_blinky2)



==============================================================================

Memory Map of the image

  Image Entry point : 0x08000291

  Load Region LR_1 (Base: 0x08000000, Size: 0x00004984, Max: 0xffffffff, ABSOLUTE)

    Execution Region ER_RO (Exec base: 0x08000000, Load base: 0x08000000, Size: 0x00004974, Max: 0xffffffff, ABSOLUTE)

    Exec Addr    Load Addr    Size         Type   Attr      Idx    E Section Name        Object

    0x08000000   0x08000000   0x000000c0   Data   RO          527    RESET               startup_stm32c031xx.o
    0x080000c0   0x080000c0   0x00000008   Code   RO          556  * !!!main             c_p.l(__main.o)
    0x080000c8   0x080000c8   0x00000054   Code   RO         1176    !!!scatter          c_p.l(__scatter.o)
    0x0800011c   0x0800011c   0x0000001a   Code   RO         1180    !!handler_copy      c_p.l(__scatter_copy.o)
    0x08000136   0x08000136   0x00000002   PAD
    0x08000138   0x08000138   0x00000002   Code   RO         1177    !!handler_null      c_p.l(__scatter.o)
    0x0800013a   0x0800013a   0x00000002   PAD
    0x0800013c   0x0800013c   0x0000001c   Code   RO         1182    !!handler_zi        c_p.l(__scatter_zi.o)
    0x08000158   0x08000158   0x00000002   Code   RO          962    .ARM.Collect$$_printf_percent$$00000000  c_p.l(_printf_percent.o)
    0x0800015a   0x0800015a   0x0000000a   Code   RO          951    .ARM.Collect$$_printf_percent$$00000001  c_p.l(_printf_n.o)
    0x08000164   0x08000164   0x0000000a   Code   RO          953    .ARM.Collect$$_printf_percent$$00000002  c_p.l(_printf_p.o)
    0x0800016e   0x0800016e   0x0000000a   Code   RO          958    .ARM.Collect$$_printf_percent$$00000003  c_p.l(_printf_f.o)
    0x08000178   0x08000178   0x0000000a   Code   RO          959    .ARM.Collect$$_printf_percent$$00000004  c_p.l(_printf_e.o)
    0x08000182   0x08000182   0x0000000a   Code   RO          960    .ARM.Collect$$_printf_percent$$00000005  c_p.l(_printf_g.o)
    0x0800018c   0x0800018c   0x0000000a   Code   RO          961    .ARM.Collect$$_printf_percent$$00000006  c_p.l(_printf_a.o)
    0x08000196   0x08000196   0x0000000a   Code   RO          966    .ARM.Collect$$_printf_percent$$00000007  c_p.l(_printf_ll.o)
    0x080001a0   0x080001a0   0x0000000a   Code   RO          955    .ARM.Collect$$_printf_percent$$00000008  c_p.l(_printf_i.o)
    0x080001aa   0x080001aa   0x0000000a   Code   RO          956    .ARM.Collect$$_printf_percent$$00000009  c_p.l(_printf_d.o)
    0x080001b4   0x080001b4   0x0000000a   Code   RO          957    .ARM.Collect$$_printf_percent$$0000000A  c_p.l(_printf_u.o)
    0x080001be   0x080001be   0x0000000a   Code   RO          954    .ARM.Collect$$_printf_percent$$0000000B  c_p.l(_printf_o.o)
    0x080001c8   0x080001c8   0x0000000a   Code   RO          952    .ARM.Collect$$_printf_percent$$0000000C  c_p.l(_printf_x.o)
    0x080001d2   0x080001d2   0x0000000a   Code   RO          963    .ARM.Collect$$_printf_percent$$0000000D  c_p.l(_printf_lli.o)
    0x080001dc   0x080001dc   0x0000000a   Code   RO          964    .ARM.Collect$$_printf_percent$$0000000E  c_p.l(_printf_lld.o)
    0x080001e6   0x080001e6   0x0000000a   Code   RO          965    .ARM.Collect$$_printf_percent$$0000000F  c_p.l(_printf_llu.o)
    0x080001f0   0x080001f0   0x0000000a   Code   RO          970    .ARM.Collect$$_printf_percent$$00000010  c_p.l(_printf_llo.o)
    0x080001fa   0x080001fa   0x0000000a   Code   RO          971    .ARM.Collect$$_printf_percent$$00000011  c_p.l(_printf_llx.o)
    0x08000204   0x08000204   0x0000000a   Code   RO          967    .ARM.Collect$$_printf_percent$$00000012  c_p.l(_printf_l.o)
    0x0800020e   0x0800020e   0x0000000a   Code   RO          949    .ARM.Collect$$_printf_percent$$00000013  c_p.l(_printf_c.o)
    0x08000218   0x08000218   0x0000000a   Code   RO          950    .ARM.Collect$$_printf_percent$$00000014  c_p.l(_printf_s.o)
    0x08000222   0x08000222   0x0000000a   Code   RO          968    .ARM.Collect$$_printf_percent$$00000015  c_p.l(_printf_lc.o)
    0x0800022c   0x0800022c   0x0000000a   Code   RO          969    .ARM.Collect$$_printf_percent$$00000016  c_p.l(_printf_ls.o)
    0x08000236   0x08000236   0x00000004   Code   RO         1025    .ARM.Collect$$_printf_percent$$00000017  c_p.l(_printf_percent_end.o)
    0x0800023a   0x0800023a   0x00000002   Code   RO          868    .ARM.Collect$$libinit$$00000000  c_p.l(libinit.o)
    0x0800023c   0x0800023c   0x00000000   Code   RO          676    .ARM.Collect$$libinit$$00000002  c_p.l(libinit2.o)
    0x0800023c   0x0800023c   0x00000000   Code   RO          678    .ARM.Collect$$libinit$$00000004  c_p.l(libinit2.o)
    0x0800023c   0x0800023c   0x00000000   Code   RO          680    .ARM.Collect$$libinit$$00000006  c_p.l(libinit2.o)
    0x0800023c   0x0800023c   0x00000008   Code   RO          681    .ARM.Collect$$libinit$$00000007  c_p.l(libinit2.o)
    0x08000244   0x08000244   0x00000000   Code   RO          683    .ARM.Collect$$libinit$$0000000C  c_p.l(libinit2.o)
    0x08000244   0x08000244   0x00000000   Code   RO          685    .ARM.Collect$$libinit$$0000000E  c_p.l(libinit2.o)
    0x08000244   0x08000244   0x00000000   Code   RO          687    .ARM.Collect$$libinit$$00000010  c_p.l(libinit2.o)
    0x08000244   0x08000244   0x00000006   Code   RO          688    .ARM.Collect$$libinit$$00000011  c_p.l(libinit2.o)
    0x0800024a   0x0800024a   0x00000000   Code   RO          690    .ARM.Collect$$libinit$$00000013  c_p.l(libinit2.o)
    0x0800024a   0x0800024a   0x0000000c   Code   RO          691    .ARM.Collect$$libinit$$00000014  c_p.l(libinit2.o)
    0x08000256   0x08000256   0x00000000   Code   RO          692    .ARM.Collect$$libinit$$00000015  c_p.l(libinit2.o)
    0x08000256   0x08000256   0x00000000   Code   RO          694    .ARM.Collect$$libinit$$00000017  c_p.l(libinit2.o)
    0x08000256   0x08000256   0x0000000a   Code   RO          695    .ARM.Collect$$libinit$$00000018  c_p.l(libinit2.o)
    0x08000260   0x08000260   0x00000000   Code   RO          696    .ARM.Collect$$libinit$$00000019  c_p.l(libinit2.o)
    0x08000260   0x08000260   0x00000000   Code   RO          698    .ARM.Collect$$libinit$$0000001B  c_p.l(libinit2.o)
    0x08000260   0x08000260   0x00000000   Code   RO          700    .ARM.Collect$$libinit$$0000001D  c_p.l(libinit2.o)
    0x08000260   0x08000260   0x00000000   Code   RO          702    .ARM.Collect$$libinit$$0000001F  c_p.l(libinit2.o)
    0x08000260   0x08000260   0x00000000   Code   RO          704    .ARM.Collect$$libinit$$00000021  c_p.l(libinit2.o)
    0x08000260   0x08000260   0x00000000   Code   RO          706    .ARM.Collect$$libinit$$00000023  c_p.l(libinit2.o)
    0x08000260   0x08000260   0x00000000   Code   RO          708    .ARM.Collect$$libinit$$00000025  c_p.l(libinit2.o)
    0x08000260   0x08000260   0x00000004   Code   RO          709    .ARM.Collect$$libinit$$00000026  c_p.l(libinit2.o)
    0x08000264   0x08000264   0x00000000   Code   RO          710    .ARM.Collect$$libinit$$00000027  c_p.l(libinit2.o)
    0x08000264   0x08000264   0x00000000   Code   RO          714    .ARM.Collect$$libinit$$0000002E  c_p.l(libinit2.o)
    0x08000264   0x08000264   0x00000000   Code   RO          716    .ARM.Collect$$libinit$$00000030  c_p.l(libinit2.o)
    0x08000264   0x08000264   0x00000000   Code   RO          718    .ARM.Collect$$libinit$$00000032  c_p.l(libinit2.o)
    0x08000264   0x08000264   0x00000004   Code   RO          719    .ARM.Collect$$libinit$$00000033  c_p.l(libinit2.o)
    0x08000268   0x08000268   0x00000000   Code   RO          720    .ARM.Collect$$libinit$$00000034  c_p.l(libinit2.o)
    0x08000268   0x08000268   0x00000002   Code   RO          721    .ARM.Collect$$libinit$$00000035  c_p.l(libinit2.o)
    0x0800026a   0x0800026a   0x00000002   Code   RO         1122    .ARM.Collect$$libshutdown$$00000000  c_p.l(libshutdown.o)
    0x0800026c   0x0800026c   0x00000000   Code   RO         1064    .ARM.Collect$$libshutdown$$00000002  c_p.l(libshutdown2.o)
    0x0800026c   0x0800026c   0x00000004   Code   RO         1065    .ARM.Collect$$libshutdown$$00000003  c_p.l(libshutdown2.o)
    0x08000270   0x08000270   0x00000000   Code   RO         1066    .ARM.Collect$$libshutdown$$00000004  c_p.l(libshutdown2.o)
    0x08000270   0x08000270   0x00000000   Code   RO         1069    .ARM.Collect$$libshutdown$$00000007  c_p.l(libshutdown2.o)
    0x08000270   0x08000270   0x00000000   Code   RO         1072    .ARM.Collect$$libshutdown$$0000000A  c_p.l(libshutdown2.o)
    0x08000270   0x08000270   0x00000000   Code   RO         1074    .ARM.Collect$$libshutdown$$0000000C  c_p.l(libshutdown2.o)
    0x08000270   0x08000270   0x00000000   Code   RO         1077    .ARM.Collect$$libshutdown$$0000000F  c_p.l(libshutdown2.o)
    0x08000270   0x08000270   0x00000002   Code   RO         1078    .ARM.Collect$$libshutdown$$00000010  c_p.l(libshutdown2.o)
    0x08000272   0x08000272   0x00000000   Code   RO          604    .ARM.Collect$$rtentry$$00000000  c_p.l(__rtentry.o)
    0x08000272   0x08000272   0x00000000   Code   RO          750    .ARM.Collect$$rtentry$$00000002  c_p.l(__rtentry2.o)
    0x08000272   0x08000272   0x00000006   Code   RO          762    .ARM.Collect$$rtentry$$00000004  c_p.l(__rtentry4.o)
    0x08000278   0x08000278   0x00000000   Code   RO          752    .ARM.Collect$$rtentry$$00000009  c_p.l(__rtentry2.o)
    0x08000278   0x08000278   0x00000004   Code   RO          753    .ARM.Collect$$rtentry$$0000000A  c_p.l(__rtentry2.o)
    0x0800027c   0x0800027c   0x00000000   Code   RO          755    .ARM.Collect$$rtentry$$0000000C  c_p.l(__rtentry2.o)
    0x0800027c   0x0800027c   0x00000008   Code   RO          756    .ARM.Collect$$rtentry$$0000000D  c_p.l(__rtentry2.o)
    0x08000284   0x08000284   0x00000002   Code   RO          877    .ARM.Collect$$rtexit$$00000000  c_p.l(rtexit.o)
    0x08000286   0x08000286   0x00000000   Code   RO          998    .ARM.Collect$$rtexit$$00000002  c_p.l(rtexit2.o)
    0x08000286   0x08000286   0x00000004   Code   RO          999    .ARM.Collect$$rtexit$$00000003  c_p.l(rtexit2.o)
    0x0800028a   0x0800028a   0x00000006   Code   RO         1000    .ARM.Collect$$rtexit$$00000004  c_p.l(rtexit2.o)
    0x08000290   0x08000290   0x0000006c   Code   RO          528  * .text               startup_stm32c031xx.o
    0x080002fc   0x080002fc   0x0000016c   Code   RO          550    .text               c_p.l(aeabi_sdiv.o)
    0x08000468   0x08000468   0x00000006   Code   RO          554    .text               c_p.l(heapauxi.o)
    0x0800046e   0x0800046e   0x00000002   PAD
    0x08000470   0x08000470   0x0000002c   Code   RO          561    .text               c_p.l(init_aeabi.o)
    0x0800049c   0x0800049c   0x00000062   Code   RO          613    .text               c_p.l(h1_alloc.o)
    0x080004fe   0x080004fe   0x0000004c   Code   RO          615    .text               c_p.l(h1_free.o)
    0x0800054a   0x0800054a   0x000000a4   Code   RO          617    .text               c_p.l(h1_memalign.o)
    0x080005ee   0x080005ee   0x00000002   PAD
    0x080005f0   0x080005f0   0x00000008   Code   RO          769    .text               c_p.l(rt_heap_descriptor_intlibspace.o)
    0x080005f8   0x080005f8   0x00000004   Code   RO          771    .text               c_p.l(hguard.o)
    0x080005fc   0x080005fc   0x00000088   Code   RO          773    .text               c_p.l(init_alloc.o)
    0x08000684   0x08000684   0x0000000c   Code   RO          777    .text               c_p.l(h1_init.o)
    0x08000690   0x08000690   0x00000008   Code   RO          822    .text               c_p.l(libspace.o)
    0x08000698   0x08000698   0x0000003e   Code   RO          825    .text               c_p.l(sys_stackheap_outer.o)
    0x080006d6   0x080006d6   0x00000000   Code   RO          830    .text               c_p.l(maybetermalloc1.o)
    0x080006d6   0x080006d6   0x00000034   Code   RO          832    .text               c_p.l(h1_extend.o)
    0x0800070a   0x0800070a   0x0000000e   Code   RO          836    .text               c_p.l(vfprintf.o)
    0x08000718   0x08000718   0x00000010   Code   RO          844    .text               c_p.l(exit.o)
    0x08000728   0x08000728   0x00000014   Code   RO          846    .text               c_p.l(abort.o)
    0x0800073c   0x0800073c   0x0000000c   Code   RO          852    .text               c_p.l(defsig_rtmem_outer.o)
    0x08000748   0x08000748   0x0000000c   Code   RO          869    .text               c_p.l(sys_exit.o)
    0x08000754   0x08000754   0x00000002   Code   RO          873    .text               c_p.l(use_no_semi.o)
    0x08000756   0x08000756   0x00000000   Code   RO          875    .text               c_p.l(indicate_semi.o)
    0x08000756   0x08000756   0x0000004e   Code   RO          885    .text               c_p.l(_printf_pad.o)
    0x080007a4   0x080007a4   0x00000024   Code   RO          887    .text               c_p.l(_printf_truncate.o)
    0x080007c8   0x080007c8   0x00000052   Code   RO          889    .text               c_p.l(_printf_str.o)
    0x0800081a   0x0800081a   0x00000002   PAD
    0x0800081c   0x0800081c   0x0000006c   Code   RO          891    .text               c_p.l(_printf_dec.o)
    0x08000888   0x08000888   0x00000026   Code   RO          893    .text               c_p.l(_printf_charcount.o)
    0x080008ae   0x080008ae   0x00000002   PAD
    0x080008b0   0x080008b0   0x00000028   Code   RO          895    .text               c_p.l(_printf_char_file.o)
    0x080008d8   0x080008d8   0x000000bc   Code   RO          897    .text               c_p.l(_printf_wctomb.o)
    0x08000994   0x08000994   0x00000070   Code   RO          900    .text               c_p.l(_printf_longlong_dec.o)
    0x08000a04   0x08000a04   0x00000070   Code   RO          906    .text               c_p.l(_printf_oct_int_ll.o)
    0x08000a74   0x08000a74   0x00000098   Code   RO          926    .text               c_p.l(_printf_hex_int_ll_ptr.o)
    0x08000b0c   0x08000b0c   0x00000188   Code   RO          946    .text               c_p.l(__printf_flags_ss_wp.o)
    0x08000c94   0x08000c94   0x0000013c   Code   RO          972    .text               c_p.l(initio.o)
    0x08000dd0   0x08000dd0   0x0000000c   Code   RO          976    .text               c_p.l(defsig_exit.o)
    0x08000ddc   0x08000ddc   0x0000000c   Code   RO          978    .text               c_p.l(defsig_abrt_outer.o)
    0x08000de8   0x08000de8   0x00000050   Code   RO          984    .text               c_p.l(defsig_rtmem_inner.o)
    0x08000e38   0x08000e38   0x0000007a   Code   RO         1008    .text               c_p.l(lludiv10.o)
    0x08000eb2   0x08000eb2   0x000000b0   Code   RO         1010    .text               c_p.l(_printf_intcommon.o)
    0x08000f62   0x08000f62   0x00000002   PAD
    0x08000f64   0x08000f64   0x00000414   Code   RO         1012    .text               c_p.l(_printf_fp_dec.o)
    0x08001378   0x08001378   0x000002d8   Code   RO         1016    .text               c_p.l(_printf_fp_hex.o)
    0x08001650   0x08001650   0x00000030   Code   RO         1019    .text               c_p.l(_printf_char_common.o)
    0x08001680   0x08001680   0x0000002e   Code   RO         1021    .text               c_p.l(_printf_char.o)
    0x080016ae   0x080016ae   0x0000002e   Code   RO         1023    .text               c_p.l(_printf_wchar.o)
    0x080016dc   0x080016dc   0x00000008   Code   RO         1026    .text               c_p.l(ferror.o)
    0x080016e4   0x080016e4   0x0000004c   Code   RO         1032    .text               c_p.l(setvbuf.o)
    0x08001730   0x08001730   0x000000f0   Code   RO         1035    .text               c_p.l(fopen.o)
    0x08001820   0x08001820   0x00000048   Code   RO         1037    .text               c_p.l(fclose.o)
    0x08001868   0x08001868   0x00000042   Code   RO         1047    .text               c_p.l(_c16rtomb.o)
    0x080018aa   0x080018aa   0x00000034   Code   RO         1051    .text               c_p.l(defsig_general.o)
    0x080018de   0x080018de   0x00000002   PAD
    0x080018e0   0x080018e0   0x00000030   Code   RO         1053    .text               c_p.l(defsig_abrt_inner.o)
    0x08001910   0x08001910   0x0000000c   Code   RO         1055    .text               c_p.l(defsig_rtred_outer.o)
    0x0800191c   0x0800191c   0x00000040   Code   RO         1059    .text               c_p.l(rt_memclr.o)
    0x0800195c   0x0800195c   0x00000028   Code   RO         1061    .text               c_p.l(rtudiv10.o)
    0x08001984   0x08001984   0x00000066   Code   RO         1079    .text               c_p.l(sys_io.o)
    0x080019ea   0x080019ea   0x0000000c   Code   RO         1081    .text               c_p.l(sys_wrch.o)
    0x080019f6   0x080019f6   0x00000002   PAD
    0x080019f8   0x080019f8   0x00000010   Code   RO         1087    .text               c_p.l(rt_ctype_table.o)
    0x08001a08   0x08001a08   0x00000008   Code   RO         1092    .text               c_p.l(rt_locale_intlibspace.o)
    0x08001a10   0x08001a10   0x00000088   Code   RO         1094    .text               c_p.l(_printf_fp_infnan.o)
    0x08001a98   0x08001a98   0x000000d8   Code   RO         1098    .text               c_p.l(bigflt0.o)
    0x08001b70   0x08001b70   0x00000580   Code   RO         1101    .text               c_p.l(btod.o)
    0x080020f0   0x080020f0   0x000001f4   Code   RO         1107    .text               c_p.l(flsbuf.o)
    0x080022e4   0x080022e4   0x000000f4   Code   RO         1109    .text               c_p.l(fseek.o)
    0x080023d8   0x080023d8   0x0000010c   Code   RO         1111    .text               c_p.l(stdio.o)
    0x080024e4   0x080024e4   0x00000034   Code   RO         1116    .text               c_p.l(defsig_rtred_inner.o)
    0x08002518   0x08002518   0x00000042   Code   RO         1134    .text               c_p.l(ftell.o)
    0x0800255a   0x0800255a   0x00000002   PAD
    0x0800255c   0x0800255c   0x00000044   Code   RO         1155    .text               c_p.l(strlen.o)
    0x080025a0   0x080025a0   0x00000088   Code   RO         1157    .text               c_p.l(strcmp.o)
    0x08002628   0x08002628   0x00000008   Code   RO         1162    .text               c_p.l(rt_errno_addr_intlibspace.o)
    0x08002630   0x08002630   0x00000006   Code   RO          515    .text.NMI_Handler   qxk_port.o
    0x08002636   0x08002636   0x00000002   PAD
    0x08002638   0x08002638   0x000000d0   Code   RO          511    .text.PendSV_Handler  qxk_port.o
    0x08002708   0x08002708   0x00000028   Code   RO          280    .text.QActive_ctor  qf_qact.o
    0x08002730   0x08002730   0x000000a4   Code   RO          156    .text.QActive_get_  qf_actq.o
    0x080027d4   0x080027d4   0x00000140   Code   RO          282    .text.QActive_register_  qf_qact.o
    0x08002914   0x08002914   0x00000120   Code   RO          375    .text.QActive_start_  qxk.o
    0x08002a34   0x08002a34   0x00000042   Code   RO          295    .text.QEQueue_init  qf_qeq.o
    0x08002a76   0x08002a76   0x00000028   Code   RO          318    .text.QEvt_ctor     qf_time.o
    0x08002a9e   0x08002a9e   0x00000010   Code   RO          208    .text.QEvt_getPoolId_  qf_dyn.o
    0x08002aae   0x08002aae   0x00000010   Code   RO          210    .text.QEvt_refCtr_dec_  qf_dyn.o
    0x08002abe   0x08002abe   0x0000002c   Code   RO          206    .text.QEvt_verify_  qf_dyn.o
    0x08002aea   0x08002aea   0x0000002c   Code   RO          488    .text.QEvt_verify_  qep_hsm.o
    0x08002b16   0x08002b16   0x00000032   Code   RO          132    .text.QF_bzero_     qf_act.o
    0x08002b48   0x08002b48   0x0000009c   Code   RO          204    .text.QF_gc         qf_dyn.o
    0x08002be4   0x08002be4   0x0000005c   Code   RO          369    .text.QF_init       qxk.o
    0x08002c40   0x08002c40   0x0000003c   Code   RO           22    .text.QF_onStartup  bsp.o
    0x08002c7c   0x08002c7c   0x00000038   Code   RO          517    .text.QF_qlog2      qxk_port.o
    0x08002cb4   0x08002cb4   0x0000002c   Code   RO          373    .text.QF_run        qxk.o
    0x08002ce0   0x08002ce0   0x00000020   Code   RO          480    .text.QHsm_ctor     qep_hsm.o
    0x08002d00   0x08002d00   0x000001e0   Code   RO          484    .text.QHsm_dispatch_  qep_hsm.o
    0x08002ee0   0x08002ee0   0x00000140   Code   RO          482    .text.QHsm_init_    qep_hsm.o
    0x08003020   0x08003020   0x0000000c   Code   RO          486    .text.QHsm_top      qep_hsm.o
    0x0800302c   0x0800302c   0x0000024c   Code   RO          490    .text.QHsm_tran_    qep_hsm.o
    0x08003278   0x08003278   0x00000074   Code   RO          230    .text.QMPool_put    qf_mem.o
    0x080032ec   0x080032ec   0x00000012   Code   RO          357    .text.QPSet_findMax  qxk.o
    0x080032fe   0x080032fe   0x00000018   Code   RO          359    .text.QPSet_hasElement  qxk.o
    0x08003316   0x08003316   0x00000018   Code   RO          429    .text.QPSet_hasElement  qxk_sema.o
    0x0800332e   0x0800332e   0x0000001a   Code   RO          377    .text.QPSet_insert  qxk.o
    0x08003348   0x08003348   0x0000001a   Code   RO          427    .text.QPSet_insert  qxk_sema.o
    0x08003362   0x08003362   0x00000010   Code   RO          355    .text.QPSet_isEmpty  qxk.o
    0x08003372   0x08003372   0x0000001a   Code   RO          361    .text.QPSet_remove  qxk.o
    0x0800338c   0x0800338c   0x0000001a   Code   RO          423    .text.QPSet_remove  qxk_sema.o
    0x080033a6   0x080033a6   0x0000001a   Code   RO          463    .text.QPSet_remove  qxk_xthr.o
    0x080033c0   0x080033c0   0x0000000e   Code   RO          419    .text.QPSet_setEmpty  qxk_sema.o
    0x080033ce   0x080033ce   0x00000014   Code   RO          363    .text.QPSet_update_  qxk.o
    0x080033e2   0x080033e2   0x00000014   Code   RO          425    .text.QPSet_update_  qxk_sema.o
    0x080033f6   0x080033f6   0x00000014   Code   RO          465    .text.QPSet_update_  qxk_xthr.o
    0x0800340a   0x0800340a   0x0000001a   Code   RO          353    .text.QPSet_verify_  qxk.o
    0x08003424   0x08003424   0x00000060   Code   RO          316    .text.QTimeEvt_ctorX  qf_time.o
    0x08003484   0x08003484   0x00000184   Code   RO          349    .text.QXK_activate_  qxk.o
    0x08003608   0x08003608   0x00000014   Code   RO          509    .text.QXK_init      qxk_port.o
    0x0800361c   0x0800361c   0x00000002   Code   RO           32    .text.QXK_onIdle    bsp.o
    0x0800361e   0x0800361e   0x00000002   PAD
    0x08003620   0x08003620   0x00000120   Code   RO          347    .text.QXK_sched_    qxk.o
    0x08003740   0x08003740   0x00000098   Code   RO          367    .text.QXK_threadExit_  qxk.o
    0x080037d8   0x080037d8   0x00000010   Code   RO          513    .text.QXK_thread_ret  qxk_port.o
    0x080037e8   0x080037e8   0x00000054   Code   RO          417    .text.QXSemaphore_init  qxk_sema.o
    0x0800383c   0x0800383c   0x00000148   Code   RO          421    .text.QXSemaphore_wait  qxk_sema.o
    0x08003984   0x08003984   0x0000004c   Code   RO          453    .text.QXThread_block_  qxk_xthr.o
    0x080039d0   0x080039d0   0x0000002e   Code   RO          447    .text.QXThread_ctor  qxk_xthr.o
    0x080039fe   0x080039fe   0x00000002   PAD
    0x08003a00   0x08003a00   0x000000c8   Code   RO          449    .text.QXThread_delay  qxk_xthr.o
    0x08003ac8   0x08003ac8   0x000000f0   Code   RO          507    .text.QXThread_stackInit_  qxk_port.o
    0x08003bb8   0x08003bb8   0x000000a4   Code   RO          451    .text.QXThread_teArm_  qxk_xthr.o
    0x08003c5c   0x08003c5c   0x0000000a   Code   RO           34    .text.Q_onError     bsp.o
    0x08003c66   0x08003c66   0x00000002   PAD
    0x08003c68   0x08003c68   0x00000114   Code   RO          537    .text.SystemCoreClockUpdate  system_stm32c0xx.o
    0x08003d7c   0x08003d7c   0x00000010   Code   RO          535    .text.SystemInit    system_stm32c0xx.o
    0x08003d8c   0x08003d8c   0x00000010   Code   RO           60    .text._GLOBAL__sub_I_main.cpp  main.o
    0x08003d9c   0x08003d9c   0x00000034   Code   RO           46    .text._Z12main_blinky1P8QXThread  main.o
    0x08003dd0   0x08003dd0   0x0000003c   Code   RO           48    .text._Z12main_blinky2P8QXThread  main.o
    0x08003e0c   0x08003e0c   0x0000000c   Code   RO           14    .text._Z14BSP_greenLedOnv  bsp.o
    0x08003e18   0x08003e18   0x00000014   Code   RO           16    .text._Z15BSP_greenLedOffv  bsp.o
    0x08003e2c   0x08003e2c   0x000000bc   Code   RO            8    .text._Z8BSP_initv  bsp.o
    0x08003ee8   0x08003ee8   0x0000003e   Code   RO           94    .text._Z9drawGraphPPK5Shape  shape.o
    0x08003f26   0x08003f26   0x00000002   PAD
    0x08003f28   0x08003f28   0x00000050   Code   RO           24    .text._ZL14SysTick_Configj  bsp.o
    0x08003f78   0x08003f78   0x0000002c   Code   RO           28    .text._ZL16__NVIC_EnableIRQ9IRQn_Type  bsp.o
    0x08003fa4   0x08003fa4   0x00000026   Code   RO          567    .text._ZL17operator_new_implj  libcpp_p.l(new.cpp.o)
    0x08003fca   0x08003fca   0x00000002   PAD
    0x08003fcc   0x08003fcc   0x00000084   Code   RO           26    .text._ZL18__NVIC_SetPriority9IRQn_Typej  bsp.o
    0x08004050   0x08004050   0x0000001c   Code   RO           36    .text._ZL18__NVIC_SystemResetv  bsp.o
    0x0800406c   0x0800406c   0x00000040   Code   RO          585    .text._ZL25operator_new_aligned_impljSt11align_val_t  libcpp_p.l(new.cpp.o)
    0x080040ac   0x080040ac   0x00000022   Code   RO           86    .text._ZN5Shape6moveByEss  shape.o
    0x080040ce   0x080040ce   0x00000002   PAD
    0x080040d0   0x080040d0   0x00000024   Code   RO           84    .text._ZN5ShapeC2Ess  shape.o
    0x080040f4   0x080040f4   0x0000003c   Code   RO          118    .text._ZN6CircleC2Esss  circle.o
    0x08004130   0x08004130   0x00000044   Code   RO          104    .text._ZN9RectangleC2Essss  rectangle.o
    0x08004174   0x08004174   0x00000056   Code   RO           88    .text._ZNK5Shape10distanceToEPS_  shape.o
    0x080041ca   0x080041ca   0x0000000a   Code   RO           92    .text._ZNK5Shape4areaEv  shape.o
    0x080041d4   0x080041d4   0x00000008   Code   RO           90    .text._ZNK5Shape4drawEv  shape.o
    0x080041dc   0x080041dc   0x00000014   Code   RO          122    .text._ZNK6Circle4areaEv  circle.o
    0x080041f0   0x080041f0   0x00000008   Code   RO          120    .text._ZNK6Circle4drawEv  circle.o
    0x080041f8   0x080041f8   0x00000014   Code   RO          108    .text._ZNK9Rectangle4areaEv  rectangle.o
    0x0800420c   0x0800420c   0x00000008   Code   RO          106    .text._ZNK9Rectangle4drawEv  rectangle.o
    0x08004214   0x08004214   0x00000020   Code   RO          800    .text._ZNSt3__222__libcpp_verbose_abortEPKcz  libcpp_p.l(verbose_abort.cpp.o)
    0x08004234   0x08004234   0x0000000c   Code   RO          744    .text._ZSt15get_new_handlerv  libcppabi_p.l(cxa_handlers.cpp.o)
    0x08004240   0x08004240   0x00000038   Code   RO          727    .text._ZSt17__throw_bad_allocv  libcpp_p.l(new_helpers.cpp.o)
    0x08004278   0x08004278   0x00000008   Code   RO          573    .text._ZdlPv        libcpp_p.l(new.cpp.o)
    0x08004280   0x08004280   0x00000010   Code   RO           52    .text.__cxx_global_var_init  main.o
    0x08004290   0x08004290   0x00000018   Code   RO           54    .text.__cxx_global_var_init.1  main.o
    0x080042a8   0x080042a8   0x00000010   Code   RO           56    .text.__cxx_global_var_init.2  main.o
    0x080042b8   0x080042b8   0x00000008   Code   RO            2    .text.assert_failed  bsp.o
    0x080042c0   0x080042c0   0x00000220   Code   RO           58    .text.main          main.o
    0x080044e0   0x080044e0   0x00000030   Code   RO          565    __lcxx_override     libcpp_p.l(new.cpp.o)
    0x08004510   0x08004510   0x00000030   Code   RO         1103    i.__ARM_common_ll_muluu  c_p.l(btod.o)
    0x08004540   0x08004540   0x0000002c   Code   RO         1128    i.__ARM_fpclassify  m_ps.l(fpclassify.o)
    0x0800456c   0x0800456c   0x0000000e   Code   RO          939    i._is_digit         c_p.l(__printf_wp.o)
    0x0800457a   0x0800457a   0x00000020   Code   RO         1029    i.fputc             c_p.l(fputc.o)
    0x0800459a   0x0800459a   0x00000002   PAD
    0x0800459c   0x0800459c   0x0000002c   Code   RO         1114    locale$$code        c_p.l(lc_numeric_c.o)
    0x080045c8   0x080045c8   0x0000002c   Code   RO         1141    locale$$code        c_p.l(lc_ctype_c.o)
    0x080045f4   0x080045f4   0x00000010   Code   RO          986    x$fpl$printf1       fz_ps.l(printf1.o)
    0x08004604   0x08004604   0x00000010   Code   RO          988    x$fpl$printf2       fz_ps.l(printf2.o)
    0x08004614   0x08004614   0x00000000   Code   RO         1127    x$fpl$usenofp       fz_ps.l(usenofp.o)
    0x08004614   0x08004614   0x00000008   Data   RO          898    .constdata          c_p.l(_printf_wctomb.o)
    0x0800461c   0x0800461c   0x00000028   Data   RO          927    .constdata          c_p.l(_printf_hex_int_ll_ptr.o)
    0x08004644   0x08004644   0x00000011   Data   RO          947    .constdata          c_p.l(__printf_flags_ss_wp.o)
    0x08004655   0x08004655   0x00000004   Data   RO          994    .constdata          c_p.l(sys_io_names.o)
    0x08004659   0x08004659   0x00000004   Data   RO          995    .constdata          c_p.l(sys_io_names.o)
    0x0800465d   0x0800465d   0x00000004   Data   RO          996    .constdata          c_p.l(sys_io_names.o)
    0x08004661   0x08004661   0x00000026   Data   RO         1017    .constdata          c_p.l(_printf_fp_hex.o)
    0x08004687   0x08004687   0x00000001   PAD
    0x08004688   0x08004688   0x00000094   Data   RO         1099    .constdata          c_p.l(bigflt0.o)
    0x0800471c   0x0800471c   0x00000040   Data   RO          540    .rodata.AHBPrescTable  system_stm32c0xx.o
    0x0800475c   0x0800475c   0x00000008   Data   RO          286    .rodata.QActive_ctor.vtable  qf_qact.o
    0x08004764   0x08004764   0x00000010   Data   RO          497    .rodata.QEvt_reserved_  qep_hsm.o
    0x08004774   0x08004774   0x00000028   Data   RO          381    .rodata.QF_init.idle_ao  qxk.o
    0x0800479c   0x0800479c   0x00000008   Data   RO          498    .rodata.QHsm_ctor.vtable  qep_hsm.o
    0x080047a4   0x080047a4   0x00000008   Data   RO          168    .rodata.Q_this_module_  qf_actq.o
    0x080047ac   0x080047ac   0x00000007   Data   RO          218    .rodata.Q_this_module_  qf_dyn.o
    0x080047b3   0x080047b3   0x00000007   Data   RO          232    .rodata.Q_this_module_  qf_mem.o
    0x080047ba   0x080047ba   0x00000008   Data   RO          287    .rodata.Q_this_module_  qf_qact.o
    0x080047c2   0x080047c2   0x00000008   Data   RO          334    .rodata.Q_this_module_  qf_time.o
    0x080047ca   0x080047ca   0x00000004   Data   RO          379    .rodata.Q_this_module_  qxk.o
    0x080047ce   0x080047ce   0x00000009   Data   RO          439    .rodata.Q_this_module_  qxk_sema.o
    0x080047d7   0x080047d7   0x00000009   Data   RO          471    .rodata.Q_this_module_  qxk_xthr.o
    0x080047e0   0x080047e0   0x00000008   Data   RO          499    .rodata.Q_this_module_  qep_hsm.o
    0x080047e8   0x080047e8   0x00000009   Data   RO           74    .rodata._ZL14Q_this_module_  main.o
    0x080047f1   0x080047f1   0x00000003   PAD
    0x080047f4   0x080047f4   0x00000010   Data   RO           96    .rodata._ZTV5Shape  shape.o
    0x08004804   0x08004804   0x00000010   Data   RO          124    .rodata._ZTV6Circle  circle.o
    0x08004814   0x08004814   0x00000010   Data   RO          110    .rodata._ZTV9Rectangle  rectangle.o
    0x08004824   0x08004824   0x00000020   Data   RO         1175    Region$$Table       anon$$obj.o
    0x08004844   0x08004844   0x0000001c   Data   RO         1113    locale$$data        c_p.l(lc_numeric_c.o)
    0x08004860   0x08004860   0x00000110   Data   RO         1140    locale$$data        c_p.l(lc_ctype_c.o)
    0x08004970   0x08004970   0x00000004   Data   RO           75    .init_array         main.o
    0x08004974   0x08004970   0x00000000   Data   RO          559    .init_array         c_p.l(init_aeabi.o)


    Execution Region ER_RW (Exec base: 0x20000000, Load base: 0x08004974, Size: 0x00000010, Max: 0xffffffff, ABSOLUTE)

    Exec Addr    Load Addr    Size         Type   Attr      Idx    E Section Name        Object

    0x20000000   0x08004974   0x00000004   Data   RW          841    .data               c_p.l(stdio_streams.o)
    0x20000004   0x08004978   0x00000004   Data   RW          842    .data               c_p.l(stdio_streams.o)
    0x20000008   0x0800497c   0x00000004   Data   RW          843    .data               c_p.l(stdio_streams.o)
    0x2000000c   0x08004980   0x00000004   Data   RW          539    .data.SystemCoreClock  system_stm32c0xx.o


    Execution Region ER_ZI (Exec base: 0x20000010, Load base: 0x08004984, Size: 0x00000c40, Max: 0xffffffff, ABSOLUTE)

    Exec Addr    Load Addr    Size         Type   Attr      Idx    E Section Name        Object

    0x20000010        -       0x00000060   Zero   RW          823    .bss                c_p.l(libspace.o)
    0x20000070        -       0x00000054   Zero   RW          838    .bss                c_p.l(stdio_streams.o)
    0x200000c4        -       0x00000054   Zero   RW          839    .bss                c_p.l(stdio_streams.o)
    0x20000118        -       0x00000054   Zero   RW          840    .bss                c_p.l(stdio_streams.o)
    0x2000016c        -       0x00000008   Zero   RW           62    .bss.B1_sema        main.o
    0x20000174        -       0x00000084   Zero   RW          134    .bss.QActive_registry_  qf_act.o
    0x200001f8        -       0x00000040   Zero   RW          135    .bss.QF_priv_       qf_act.o
    0x20000238        -       0x00000014   Zero   RW          335    .bss.QTimeEvt_timeEvtHead_  qf_time.o
    0x2000024c        -       0x00000020   Zero   RW          380    .bss.QXK_priv_      qxk.o
    0x2000026c        -       0x00000004   Zero   RW          816    .bss.__cxa_new_handler  libcppabi_p.l(cxa_default_handlers.cpp.o)
    0x20000270        -       0x00000004   Zero   RW           73    .bss.a              main.o
    0x20000274        -       0x0000003c   Zero   RW           64    .bss.blinky1        main.o
    0x200002b0        -       0x0000003c   Zero   RW           66    .bss.blinky2        main.o
    0x200002ec        -       0x0000000c   Zero   RW           72    .bss.c1             main.o
    0x200002f8        -       0x0000000c   Zero   RW           71    .bss.r1             main.o
    0x20000304        -       0x00000008   Zero   RW           70    .bss.s1             main.o
    0x2000030c        -       0x000000a0   Zero   RW           63    .bss.stack_blinky1  main.o
    0x200003ac        -       0x000000a0   Zero   RW           65    .bss.stack_blinky2  main.o
    0x2000044c   0x08004984   0x00000004   PAD
    0x20000450        -       0x00000400   Zero   RW          526    HEAP                startup_stm32c031xx.o
    0x20000850        -       0x00000400   Zero   RW          525    STACK               startup_stm32c031xx.o


==============================================================================

Image component sizes


      Code (inc. data)   RO Data    RW Data    ZI Data      Debug   Object Name

       584         92          0          0          0       6866   bsp.o
        88          4         16          0          0       2215   circle.o
       728         60         13          0        484      11248   main.o
      1476         24         32          0          0       6085   qep_hsm.o
        50          0          0          0        196       3318   qf_act.o
       164          4          8          0          0       6283   qf_actq.o
       232          4          7          0          0       3056   qf_dyn.o
       116          4          7          0          0       2300   qf_mem.o
       360         12         16          0          0       3509   qf_qact.o
        66          0          0          0          0       2905   qf_qeq.o
       136          4          8          0         20       5411   qf_time.o
      1408         44         44          0         32       7225   qxk.o
       546         52          0          0          0       3613   qxk_port.o
       522          8          9          0          0       5380   qxk_sema.o
       532         28          9          0          0       5787   qxk_xthr.o
        96          4         16          0          0       2286   rectangle.o
       236          4         16          0          0       2988   shape.o
       108         58        192          0       2048        736   startup_stm32c031xx.o
       292        156         64          4          0       2080   system_stm32c0xx.o

    ----------------------------------------------------------------------
      7752        562        492          4       2784      83291   Object Totals
         0          0         32          0          0          0   (incl. Generated)
        12          0          3          0          4          0   (incl. Padding)

    ----------------------------------------------------------------------

      Code (inc. data)   RO Data    RW Data    ZI Data      Debug   Library Member Name

         8          0          0          0          0         68   __main.o
       392          6         17          0          0         76   __printf_flags_ss_wp.o
        14          0          0          0          0         60   __printf_wp.o
         0          0          0          0          0          0   __rtentry.o
        12          0          0          0          0          0   __rtentry2.o
         6          0          0          0          0          0   __rtentry4.o
        86         10          0          0          0          0   __scatter.o
        26          0          0          0          0          0   __scatter_copy.o
        28          0          0          0          0          0   __scatter_zi.o
        66          0          0          0          0         76   _c16rtomb.o
        10          0          0          0          0          0   _printf_a.o
        10          0          0          0          0          0   _printf_c.o
        46          0          0          0          0        100   _printf_char.o
        48          6          0          0          0         88   _printf_char_common.o
        40          6          0          0          0         72   _printf_char_file.o
        38          0          0          0          0         60   _printf_charcount.o
        10          0          0          0          0          0   _printf_d.o
       108         18          0          0          0         76   _printf_dec.o
        10          0          0          0          0          0   _printf_e.o
        10          0          0          0          0          0   _printf_f.o
      1044         12          0          0          0        116   _printf_fp_dec.o
       728         10         38          0          0         84   _printf_fp_hex.o
       136         16          0          0          0         76   _printf_fp_infnan.o
        10          0          0          0          0          0   _printf_g.o
       152          4         40          0          0        148   _printf_hex_int_ll_ptr.o
        10          0          0          0          0          0   _printf_i.o
       176          0          0          0          0         84   _printf_intcommon.o
        10          0          0          0          0          0   _printf_l.o
        10          0          0          0          0          0   _printf_lc.o
        10          0          0          0          0          0   _printf_ll.o
        10          0          0          0          0          0   _printf_lld.o
        10          0          0          0          0          0   _printf_lli.o
        10          0          0          0          0          0   _printf_llo.o
        10          0          0          0          0          0   _printf_llu.o
        10          0          0          0          0          0   _printf_llx.o
       112         18          0          0          0         76   _printf_longlong_dec.o
        10          0          0          0          0          0   _printf_ls.o
        10          0          0          0          0          0   _printf_n.o
        10          0          0          0          0          0   _printf_o.o
       112         10          0          0          0        112   _printf_oct_int_ll.o
        10          0          0          0          0          0   _printf_p.o
        78          0          0          0          0        100   _printf_pad.o
         2          0          0          0          0          0   _printf_percent.o
         4          0          0          0          0          0   _printf_percent_end.o
        10          0          0          0          0          0   _printf_s.o
        82          0          0          0          0         72   _printf_str.o
        36          0          0          0          0         76   _printf_truncate.o
        10          0          0          0          0          0   _printf_u.o
        46          0          0          0          0        100   _printf_wchar.o
       188          6          8          0          0         80   _printf_wctomb.o
        10          0          0          0          0          0   _printf_x.o
        20          0          0          0          0         68   abort.o
       364          4          0          0          0         92   aeabi_sdiv.o
       216          6        148          0          0         80   bigflt0.o
      1456         30          0          0          0        336   btod.o
        48         34          0          0          0         68   defsig_abrt_inner.o
        12          0          0          0          0         68   defsig_abrt_outer.o
        12          0          0          0          0         68   defsig_exit.o
        52          0          0          0          0         72   defsig_general.o
        80         58          0          0          0         68   defsig_rtmem_inner.o
        12          0          0          0          0         68   defsig_rtmem_outer.o
        52         38          0          0          0         68   defsig_rtred_inner.o
        12          0          0          0          0         68   defsig_rtred_outer.o
        16          0          0          0          0         68   exit.o
        72          0          0          0          0         76   fclose.o
         8          0          0          0          0         60   ferror.o
       500         10          0          0          0         76   flsbuf.o
       240         10          0          0          0        108   fopen.o
        32          0          0          0          0         68   fputc.o
       244          4          0          0          0         76   fseek.o
        66          0          0          0          0         68   ftell.o
        98          0          0          0          0         72   h1_alloc.o
        52          0          0          0          0         68   h1_extend.o
        76          0          0          0          0         72   h1_free.o
        12          0          0          0          0         76   h1_init.o
       164          0          0          0          0         88   h1_memalign.o
         6          0          0          0          0        136   heapauxi.o
         4          0          0          0          0        120   hguard.o
         0          0          0          0          0          0   indicate_semi.o
        44          8          0          0          0         72   init_aeabi.o
       136          0          0          0          0        160   init_alloc.o
       316         44          0          0          0         96   initio.o
        44         10        272          0          0         76   lc_ctype_c.o
        44         10         28          0          0         76   lc_numeric_c.o
         2          0          0          0          0          0   libinit.o
        46          0          0          0          0          0   libinit2.o
         2          0          0          0          0          0   libshutdown.o
         6          0          0          0          0          0   libshutdown2.o
         8          4          0          0         96         68   libspace.o
       122          0          0          0          0         72   lludiv10.o
         0          0          0          0          0          0   maybetermalloc1.o
        16          4          0          0          0         76   rt_ctype_table.o
         8          4          0          0          0         68   rt_errno_addr_intlibspace.o
         8          4          0          0          0         68   rt_heap_descriptor_intlibspace.o
         8          4          0          0          0         68   rt_locale_intlibspace.o
        64          0          0          0          0        108   rt_memclr.o
         2          0          0          0          0          0   rtexit.o
        10          0          0          0          0          0   rtexit2.o
        40          0          0          0          0         60   rtudiv10.o
        76          4          0          0          0         72   setvbuf.o
       268         14          0          0          0        152   stdio.o
         0          0          0         12        252          0   stdio_streams.o
       136          4          0          0          0         72   strcmp.o
        68          6          0          0          0         72   strlen.o
        12          4          0          0          0         60   sys_exit.o
       102          0          0          0          0        232   sys_io.o
         0          0         12          0          0          0   sys_io_names.o
        62          0          0          0          0         80   sys_stackheap_outer.o
        12          0          0          0          0         68   sys_wrch.o
         2          0          0          0          0         68   use_no_semi.o
        14          0          0          0          0         68   vfprintf.o
        16          4          0          0          0         76   printf1.o
        16          4          0          0          0         76   printf2.o
         0          0          0          0          0          0   usenofp.o
       158          0          0          0          0        556   new.cpp.o
        56         48          0          0          0         36   new_helpers.cpp.o
        32          4          0          0          0         52   verbose_abort.cpp.o
         0          0          0          0          4          0   cxa_default_handlers.cpp.o
        12          4          0          0          0        132   cxa_handlers.cpp.o
        44          4          0          0          0         60   fpclassify.o

    ----------------------------------------------------------------------
      9996        508        564         12        352       7156   Library Totals
        24          0          1          0          0          0   (incl. Padding)

    ----------------------------------------------------------------------

      Code (inc. data)   RO Data    RW Data    ZI Data      Debug   Library Name

      9638        440        563         12        348       6168   c_p.l
        32          8          0          0          0        152   fz_ps.l
       246         52          0          0          0        644   libcpp_p.l
        12          4          0          0          4        132   libcppabi_p.l
        44          4          0          0          0         60   m_ps.l

    ----------------------------------------------------------------------
      9996        508        564         12        352       7156   Library Totals

    ----------------------------------------------------------------------

==============================================================================


      Code (inc. data)   RO Data    RW Data    ZI Data      Debug   

     17748       1070       1056         16       3136      86895   Grand Totals
     17748       1070       1056         16       3136      86895   ELF Image Totals
     17748       1070       1056         16          0          0   ROM Totals

==============================================================================

    Total RO  Size (Code + RO Data)                18804 (  18.36kB)
    Total RW  Size (RW Data + ZI Data)              3152 (   3.08kB)
    Total ROM Size (Code + RO Data + RW Data)      18820 (  18.38kB)

==============================================================================

